00:00 +0: loading C:/Users/hhhh/Desktop/Claude/HydrateOrDie/test/core/services/camera_permission_service_test.dart
00:00 +0: C:/Users/hhhh/Desktop/Claude/HydrateOrDie/test/core/services/camera_permission_service_test.dart: CameraPermissionService CameraPermissionStatus enum should have all expected values
00:00 +1: C:/Users/hhhh/Desktop/Claude/HydrateOrDie/test/core/services/camera_permission_service_test.dart: CameraPermissionService CameraPermissionStatus enum enum values should be distinct
00:00 +2: C:/Users/hhhh/Desktop/Claude/HydrateOrDie/test/core/services/camera_permission_service_test.dart: CameraPermissionService CameraPermissionStatus enum enum should have granted status
00:00 +3: C:/Users/hhhh/Desktop/Claude/HydrateOrDie/test/core/services/camera_permission_service_test.dart: CameraPermissionService CameraPermissionStatus enum enum should have denied status
00:00 +4: C:/Users/hhhh/Desktop/Claude/HydrateOrDie/test/core/services/camera_permission_service_test.dart: CameraPermissionService CameraPermissionStatus enum enum should have permanentlyDenied status
00:00 +5: C:/Users/hhhh/Desktop/Claude/HydrateOrDie/test/core/services/camera_permission_service_test.dart: CameraPermissionService CameraPermissionStatus enum enum should have restricted status
00:00 +6: C:/Users/hhhh/Desktop/Claude/HydrateOrDie/test/core/services/camera_permission_service_test.dart: CameraPermissionService Service instantiation should create instance of CameraPermissionService
00:00 +7: C:/Users/hhhh/Desktop/Claude/HydrateOrDie/test/core/services/camera_permission_service_test.dart: CameraPermissionService Service instantiation should have checkPermissionStatus method
00:00 +8: C:/Users/hhhh/Desktop/Claude/HydrateOrDie/test/core/services/camera_permission_service_test.dart: CameraPermissionService Service instantiation should have requestPermission method
00:00 +9: C:/Users/hhhh/Desktop/Claude/HydrateOrDie/test/core/services/camera_permission_service_test.dart: CameraPermissionService Service instantiation should have canRequestPermission method
00:00 +10: C:/Users/hhhh/Desktop/Claude/HydrateOrDie/test/core/services/camera_permission_service_test.dart: CameraPermissionService Service instantiation should have openSettings method
00:00 +11: loading C:/Users/hhhh/Desktop/Claude/HydrateOrDie/test/data/data_sources/local/hydration_log_local_data_source_integration_test.dart
00:01 +11: C:/Users/hhhh/Desktop/Claude/HydrateOrDie/test/data/data_sources/local/hydration_log_local_data_source_integration_test.dart: (setUpAll)
00:02 +11: C:/Users/hhhh/Desktop/Claude/HydrateOrDie/test/data/data_sources/local/hydration_log_local_data_source_integration_test.dart: HydrationLogLocalDataSource Integration Tests - Add should add hydration log to SQLite successfully
00:02 +12: C:/Users/hhhh/Desktop/Claude/HydrateOrDie/test/data/data_sources/local/hydration_log_local_data_source_integration_test.dart: HydrationLogLocalDataSource Integration Tests - Add should add multiple logs successfully
00:02 +13: C:/Users/hhhh/Desktop/Claude/HydrateOrDie/test/data/data_sources/local/hydration_log_local_data_source_integration_test.dart: HydrationLogLocalDataSource Integration Tests - Get by Date Range should get logs for specific date range
00:02 +14: C:/Users/hhhh/Desktop/Claude/HydrateOrDie/test/data/data_sources/local/hydration_log_local_data_source_integration_test.dart: HydrationLogLocalDataSource Integration Tests - Get by Date Range should return empty list when no logs in date range
00:02 +15: C:/Users/hhhh/Desktop/Claude/HydrateOrDie/test/data/data_sources/local/hydration_log_local_data_source_integration_test.dart: HydrationLogLocalDataSource Integration Tests - Volume Calculation should calculate total volume for date range correctly
00:02 +16: C:/Users/hhhh/Desktop/Claude/HydrateOrDie/test/data/data_sources/local/hydration_log_local_data_source_integration_test.dart: HydrationLogLocalDataSource Integration Tests - Volume Calculation should return 0 when no logs in date range
00:02 +17: C:/Users/hhhh/Desktop/Claude/HydrateOrDie/test/data/data_sources/local/hydration_log_local_data_source_integration_test.dart: HydrationLogLocalDataSource Integration Tests - Volume Calculation should exclude non-validated logs from volume calculation
00:02 +18: C:/Users/hhhh/Desktop/Claude/HydrateOrDie/test/data/data_sources/local/hydration_log_local_data_source_integration_test.dart: HydrationLogLocalDataSource Integration Tests - Delete Old Logs should delete logs older than cutoff date
00:03 +19: C:/Users/hhhh/Desktop/Claude/HydrateOrDie/test/data/data_sources/local/hydration_log_local_data_source_integration_test.dart: HydrationLogLocalDataSource Integration Tests - Delete Old Logs should return 0 when no logs to delete
00:03 +20: C:/Users/hhhh/Desktop/Claude/HydrateOrDie/test/data/data_sources/local/hydration_log_local_data_source_integration_test.dart: HydrationLogLocalDataSource Integration Tests - Edge Cases should handle log with null photoPath
00:03 +21: C:/Users/hhhh/Desktop/Claude/HydrateOrDie/test/data/data_sources/local/hydration_log_local_data_source_integration_test.dart: HydrationLogLocalDataSource Integration Tests - Edge Cases should handle syncedToCloud flag correctly
00:03 +22: C:/Users/hhhh/Desktop/Claude/HydrateOrDie/test/data/data_sources/local/hydration_log_local_data_source_integration_test.dart: HydrationLogLocalDataSource Integration Tests - Edge Cases should preserve log order by timestamp descending
00:03 +23: C:/Users/hhhh/Desktop/Claude/HydrateOrDie/test/data/data_sources/local/hydration_log_local_data_source_integration_test.dart: (tearDownAll)
00:03 +23: loading C:/Users/hhhh/Desktop/Claude/HydrateOrDie/test/data/data_sources/local/user_local_data_source_integration_test.dart
00:05 +23: C:/Users/hhhh/Desktop/Claude/HydrateOrDie/test/data/data_sources/local/user_local_data_source_integration_test.dart: (setUpAll)
00:05 +23: C:/Users/hhhh/Desktop/Claude/HydrateOrDie/test/data/data_sources/local/user_local_data_source_integration_test.dart: UserLocalDataSource Integration Tests - CRUD should return null when no profile exists
00:05 +24: C:/Users/hhhh/Desktop/Claude/HydrateOrDie/test/data/data_sources/local/user_local_data_source_integration_test.dart: UserLocalDataSource Integration Tests - CRUD should save user profile to SQLite successfully
00:05 +25: C:/Users/hhhh/Desktop/Claude/HydrateOrDie/test/data/data_sources/local/user_local_data_source_integration_test.dart: UserLocalDataSource Integration Tests - CRUD should replace existing profile (singleton pattern)
00:05 +26: C:/Users/hhhh/Desktop/Claude/HydrateOrDie/test/data/data_sources/local/user_local_data_source_integration_test.dart: UserLocalDataSource Integration Tests - CRUD should update user profile successfully
00:05 +27: C:/Users/hhhh/Desktop/Claude/HydrateOrDie/test/data/data_sources/local/user_local_data_source_integration_test.dart: UserLocalDataSource Integration Tests - CRUD should throw DataSourceException when updating non-existent profile
00:05 +28: C:/Users/hhhh/Desktop/Claude/HydrateOrDie/test/data/data_sources/local/user_local_data_source_integration_test.dart: UserLocalDataSource Integration Tests - CRUD should delete user profile successfully
00:05 +29: C:/Users/hhhh/Desktop/Claude/HydrateOrDie/test/data/data_sources/local/user_local_data_source_integration_test.dart: UserLocalDataSource Integration Tests - CRUD should handle delete when no profile exists (no-op)
00:05 +30: C:/Users/hhhh/Desktop/Claude/HydrateOrDie/test/data/data_sources/local/user_local_data_source_integration_test.dart: UserLocalDataSource Integration Tests - hasUserProfile should return false when no profile exists
00:06 +31: C:/Users/hhhh/Desktop/Claude/HydrateOrDie/test/data/data_sources/local/user_local_data_source_integration_test.dart: UserLocalDataSource Integration Tests - hasUserProfile should return true when profile exists
00:06 +32: C:/Users/hhhh/Desktop/Claude/HydrateOrDie/test/data/data_sources/local/user_local_data_source_integration_test.dart: UserLocalDataSource Integration Tests - hasUserProfile should return false after profile deletion
00:06 +33: C:/Users/hhhh/Desktop/Claude/HydrateOrDie/test/data/data_sources/local/user_local_data_source_integration_test.dart: UserLocalDataSource Integration Tests - Data Persistence should persist profile across data source instances
00:06 +34: C:/Users/hhhh/Desktop/Claude/HydrateOrDie/test/data/data_sources/local/user_local_data_source_integration_test.dart: UserLocalDataSource Integration Tests - Data Persistence should handle all gender values correctly
00:06 +35: C:/Users/hhhh/Desktop/Claude/HydrateOrDie/test/data/data_sources/local/user_local_data_source_integration_test.dart: UserLocalDataSource Integration Tests - Data Persistence should handle all activity levels correctly
00:06 +36: C:/Users/hhhh/Desktop/Claude/HydrateOrDie/test/data/data_sources/local/user_local_data_source_integration_test.dart: UserLocalDataSource Integration Tests - Data Persistence should handle timestamps in UTC correctly
00:06 +37: C:/Users/hhhh/Desktop/Claude/HydrateOrDie/test/data/data_sources/local/user_local_data_source_integration_test.dart: UserLocalDataSource Integration Tests - Data Persistence should handle boolean locationPermissionGranted correctly
00:06 +38: C:/Users/hhhh/Desktop/Claude/HydrateOrDie/test/data/data_sources/local/user_local_data_source_integration_test.dart: UserLocalDataSource Integration Tests - Database Constraints should enforce weight constraints (30-300 kg)
00:06 +39: C:/Users/hhhh/Desktop/Claude/HydrateOrDie/test/data/data_sources/local/user_local_data_source_integration_test.dart: UserLocalDataSource Integration Tests - Database Constraints should enforce age constraints (10-120 years)
00:06 +40: C:/Users/hhhh/Desktop/Claude/HydrateOrDie/test/data/data_sources/local/user_local_data_source_integration_test.dart: UserLocalDataSource Integration Tests - Database Constraints should enforce daily goal constraints (1.5-5.0 liters)
00:07 +41: C:/Users/hhhh/Desktop/Claude/HydrateOrDie/test/data/data_sources/local/user_local_data_source_integration_test.dart: UserLocalDataSource Integration Tests - Singleton Pattern should maintain only one profile in database
00:07 +42: C:/Users/hhhh/Desktop/Claude/HydrateOrDie/test/data/data_sources/local/user_local_data_source_integration_test.dart: UserLocalDataSource Integration Tests - Singleton Pattern should use fixed singleton ID for all profiles
00:07 +43: C:/Users/hhhh/Desktop/Claude/HydrateOrDie/test/data/data_sources/local/user_local_data_source_integration_test.dart: (tearDownAll)
00:07 +43: loading C:/Users/hhhh/Desktop/Claude/HydrateOrDie/test/data/models/avatar_dto_test.dart
00:08 +43: C:/Users/hhhh/Desktop/Claude/HydrateOrDie/test/data/models/avatar_dto_test.dart: AvatarDto fromJson should deserialize valid JSON correctly
00:08 +44: C:/Users/hhhh/Desktop/Claude/HydrateOrDie/test/data/models/avatar_dto_test.dart: AvatarDto fromJson should handle all personality types
00:08 +45: C:/Users/hhhh/Desktop/Claude/HydrateOrDie/test/data/models/avatar_dto_test.dart: AvatarDto fromJson should handle all avatar states
00:08 +46: C:/Users/hhhh/Desktop/Claude/HydrateOrDie/test/data/models/avatar_dto_test.dart: AvatarDto toJson should serialize to valid JSON
00:08 +47: C:/Users/hhhh/Desktop/Claude/HydrateOrDie/test/data/models/avatar_dto_test.dart: AvatarDto toJson should be reversible with fromJson
00:08 +48: C:/Users/hhhh/Desktop/Claude/HydrateOrDie/test/data/models/avatar_dto_test.dart: AvatarDto fromEntity should convert Avatar entity to DTO correctly
00:08 +49: C:/Users/hhhh/Desktop/Claude/HydrateOrDie/test/data/models/avatar_dto_test.dart: AvatarDto fromEntity should handle all personality types
00:08 +50: C:/Users/hhhh/Desktop/Claude/HydrateOrDie/test/data/models/avatar_dto_test.dart: AvatarDto fromEntity should handle all avatar states
00:08 +51: C:/Users/hhhh/Desktop/Claude/HydrateOrDie/test/data/models/avatar_dto_test.dart: AvatarDto fromEntity should convert timestamps to UTC ISO 8601
00:08 +52: C:/Users/hhhh/Desktop/Claude/HydrateOrDie/test/data/models/avatar_dto_test.dart: AvatarDto toEntity should convert DTO to Avatar entity correctly
00:08 +53: C:/Users/hhhh/Desktop/Claude/HydrateOrDie/test/data/models/avatar_dto_test.dart: AvatarDto toEntity should be reversible with fromEntity
00:08 +54: C:/Users/hhhh/Desktop/Claude/HydrateOrDie/test/data/models/avatar_dto_test.dart: AvatarDto toEntity should throw ArgumentError for invalid personality
00:08 +55: C:/Users/hhhh/Desktop/Claude/HydrateOrDie/test/data/models/avatar_dto_test.dart: AvatarDto toEntity should throw ArgumentError for invalid state
00:08 +56: C:/Users/hhhh/Desktop/Claude/HydrateOrDie/test/data/models/avatar_dto_test.dart: AvatarDto copyWith should create copy with updated id
00:08 +57: C:/Users/hhhh/Desktop/Claude/HydrateOrDie/test/data/models/avatar_dto_test.dart: AvatarDto copyWith should create copy with updated name
00:08 +58: C:/Users/hhhh/Desktop/Claude/HydrateOrDie/test/data/models/avatar_dto_test.dart: AvatarDto copyWith should create copy with updated personality
00:08 +59: C:/Users/hhhh/Desktop/Claude/HydrateOrDie/test/data/models/avatar_dto_test.dart: AvatarDto copyWith should create copy with updated state
00:08 +60: C:/Users/hhhh/Desktop/Claude/HydrateOrDie/test/data/models/avatar_dto_test.dart: AvatarDto copyWith should preserve all fields when no arguments provided
00:08 +61: loading C:/Users/hhhh/Desktop/Claude/HydrateOrDie/test/data/models/hydration_log_dto_test.dart
00:10 +61: C:/Users/hhhh/Desktop/Claude/HydrateOrDie/test/data/models/hydration_log_dto_test.dart: HydrationLogDto constructor should create DTO with all fields
00:10 +62: C:/Users/hhhh/Desktop/Claude/HydrateOrDie/test/data/models/hydration_log_dto_test.dart: HydrationLogDto constructor should allow null photoPath
00:10 +63: C:/Users/hhhh/Desktop/Claude/HydrateOrDie/test/data/models/hydration_log_dto_test.dart: HydrationLogDto constructor should default validated to true
00:10 +64: C:/Users/hhhh/Desktop/Claude/HydrateOrDie/test/data/models/hydration_log_dto_test.dart: HydrationLogDto constructor should default syncedToCloud to false
00:10 +65: C:/Users/hhhh/Desktop/Claude/HydrateOrDie/test/data/models/hydration_log_dto_test.dart: HydrationLogDto toJson should serialize DTO to JSON map
00:10 +66: C:/Users/hhhh/Desktop/Claude/HydrateOrDie/test/data/models/hydration_log_dto_test.dart: HydrationLogDto toJson should serialize null photoPath correctly
00:10 +67: C:/Users/hhhh/Desktop/Claude/HydrateOrDie/test/data/models/hydration_log_dto_test.dart: HydrationLogDto fromJson should deserialize JSON map to DTO
00:10 +68: C:/Users/hhhh/Desktop/Claude/HydrateOrDie/test/data/models/hydration_log_dto_test.dart: HydrationLogDto fromJson should handle null photoPath in JSON
00:10 +69: C:/Users/hhhh/Desktop/Claude/HydrateOrDie/test/data/models/hydration_log_dto_test.dart: HydrationLogDto fromEntity should create DTO from HydrationLog entity
00:10 +70: C:/Users/hhhh/Desktop/Claude/HydrateOrDie/test/data/models/hydration_log_dto_test.dart: HydrationLogDto fromEntity should handle small glass size
00:10 +71: C:/Users/hhhh/Desktop/Claude/HydrateOrDie/test/data/models/hydration_log_dto_test.dart: HydrationLogDto fromEntity should handle large glass size
00:10 +72: C:/Users/hhhh/Desktop/Claude/HydrateOrDie/test/data/models/hydration_log_dto_test.dart: HydrationLogDto fromEntity should handle null photoPath
00:10 +73: C:/Users/hhhh/Desktop/Claude/HydrateOrDie/test/data/models/hydration_log_dto_test.dart: HydrationLogDto toEntity should convert DTO to HydrationLog entity
00:10 +74: C:/Users/hhhh/Desktop/Claude/HydrateOrDie/test/data/models/hydration_log_dto_test.dart: HydrationLogDto toEntity should parse small glass size
00:10 +75: C:/Users/hhhh/Desktop/Claude/HydrateOrDie/test/data/models/hydration_log_dto_test.dart: HydrationLogDto toEntity should parse large glass size
00:10 +76: C:/Users/hhhh/Desktop/Claude/HydrateOrDie/test/data/models/hydration_log_dto_test.dart: HydrationLogDto toEntity should handle null photoPath
00:10 +77: C:/Users/hhhh/Desktop/Claude/HydrateOrDie/test/data/models/hydration_log_dto_test.dart: HydrationLogDto toEntity should throw ArgumentError for invalid glass size
00:10 +78: C:/Users/hhhh/Desktop/Claude/HydrateOrDie/test/data/models/hydration_log_dto_test.dart: HydrationLogDto copyWith should create copy with updated glass size
00:10 +79: C:/Users/hhhh/Desktop/Claude/HydrateOrDie/test/data/models/hydration_log_dto_test.dart: HydrationLogDto copyWith should create copy with updated syncedToCloud
00:10 +80: C:/Users/hhhh/Desktop/Claude/HydrateOrDie/test/data/models/hydration_log_dto_test.dart: HydrationLogDto copyWith should keep original values when no params provided
00:10 +81: C:/Users/hhhh/Desktop/Claude/HydrateOrDie/test/data/models/hydration_log_dto_test.dart: HydrationLogDto round-trip serialization should serialize and deserialize maintaining data integrity
00:10 +82: C:/Users/hhhh/Desktop/Claude/HydrateOrDie/test/data/models/hydration_log_dto_test.dart: HydrationLogDto round-trip serialization should convert entity -> DTO -> JSON -> DTO -> entity
00:10 +83: loading C:/Users/hhhh/Desktop/Claude/HydrateOrDie/test/data/models/user_dto_test.dart
00:12 +83: C:/Users/hhhh/Desktop/Claude/HydrateOrDie/test/data/models/user_dto_test.dart: UserDto fromJson should deserialize valid JSON correctly
00:12 +84: C:/Users/hhhh/Desktop/Claude/HydrateOrDie/test/data/models/user_dto_test.dart: UserDto fromJson should handle all gender types
00:12 +85: C:/Users/hhhh/Desktop/Claude/HydrateOrDie/test/data/models/user_dto_test.dart: UserDto fromJson should handle all activity levels
00:12 +86: C:/Users/hhhh/Desktop/Claude/HydrateOrDie/test/data/models/user_dto_test.dart: UserDto fromJson should handle permission true
00:12 +87: C:/Users/hhhh/Desktop/Claude/HydrateOrDie/test/data/models/user_dto_test.dart: UserDto toJson should serialize to valid JSON
00:12 +88: C:/Users/hhhh/Desktop/Claude/HydrateOrDie/test/data/models/user_dto_test.dart: UserDto toJson should be reversible with fromJson
00:12 +89: C:/Users/hhhh/Desktop/Claude/HydrateOrDie/test/data/models/user_dto_test.dart: UserDto fromEntity should convert User entity to DTO correctly
00:12 +90: C:/Users/hhhh/Desktop/Claude/HydrateOrDie/test/data/models/user_dto_test.dart: UserDto fromEntity should handle all gender types
00:12 +91: C:/Users/hhhh/Desktop/Claude/HydrateOrDie/test/data/models/user_dto_test.dart: UserDto fromEntity should handle all activity levels
00:12 +92: C:/Users/hhhh/Desktop/Claude/HydrateOrDie/test/data/models/user_dto_test.dart: UserDto fromEntity should convert timestamps to UTC ISO 8601
00:12 +93: C:/Users/hhhh/Desktop/Claude/HydrateOrDie/test/data/models/user_dto_test.dart: UserDto toEntity should convert DTO to User entity correctly
00:12 +94: C:/Users/hhhh/Desktop/Claude/HydrateOrDie/test/data/models/user_dto_test.dart: UserDto toEntity should throw ArgumentError for invalid gender
00:12 +95: C:/Users/hhhh/Desktop/Claude/HydrateOrDie/test/data/models/user_dto_test.dart: UserDto toEntity should throw ArgumentError for invalid activity level
00:12 +96: C:/Users/hhhh/Desktop/Claude/HydrateOrDie/test/data/models/user_dto_test.dart: UserDto toEntity should be reversible with fromEntity
00:12 +97: C:/Users/hhhh/Desktop/Claude/HydrateOrDie/test/data/models/user_dto_test.dart: UserDto isComplete should return true for valid complete profile
00:12 +98: C:/Users/hhhh/Desktop/Claude/HydrateOrDie/test/data/models/user_dto_test.dart: UserDto isComplete should return false for empty userId
00:12 +99: C:/Users/hhhh/Desktop/Claude/HydrateOrDie/test/data/models/user_dto_test.dart: UserDto isComplete should return false for weight below minimum (30kg)
00:12 +100: C:/Users/hhhh/Desktop/Claude/HydrateOrDie/test/data/models/user_dto_test.dart: UserDto isComplete should return false for weight above maximum (300kg)
00:12 +101: C:/Users/hhhh/Desktop/Claude/HydrateOrDie/test/data/models/user_dto_test.dart: UserDto isComplete should return true for weight exactly at minimum (30kg)
00:12 +102: C:/Users/hhhh/Desktop/Claude/HydrateOrDie/test/data/models/user_dto_test.dart: UserDto isComplete should return true for weight exactly at maximum (300kg)
00:12 +103: C:/Users/hhhh/Desktop/Claude/HydrateOrDie/test/data/models/user_dto_test.dart: UserDto isComplete should return false for age below minimum (10)
00:12 +104: C:/Users/hhhh/Desktop/Claude/HydrateOrDie/test/data/models/user_dto_test.dart: UserDto isComplete should return false for age above maximum (120)
00:12 +105: C:/Users/hhhh/Desktop/Claude/HydrateOrDie/test/data/models/user_dto_test.dart: UserDto isComplete should return false for goal below minimum (1.5L)
00:12 +106: C:/Users/hhhh/Desktop/Claude/HydrateOrDie/test/data/models/user_dto_test.dart: UserDto isComplete should return false for goal above maximum (5.0L)
00:12 +107: C:/Users/hhhh/Desktop/Claude/HydrateOrDie/test/data/models/user_dto_test.dart: UserDto copyWith should create copy with updated weight
00:12 +108: C:/Users/hhhh/Desktop/Claude/HydrateOrDie/test/data/models/user_dto_test.dart: UserDto copyWith should create copy with updated age
00:12 +109: C:/Users/hhhh/Desktop/Claude/HydrateOrDie/test/data/models/user_dto_test.dart: UserDto copyWith should create copy with updated gender
00:12 +110: C:/Users/hhhh/Desktop/Claude/HydrateOrDie/test/data/models/user_dto_test.dart: UserDto copyWith should create copy with updated activity level
00:12 +111: C:/Users/hhhh/Desktop/Claude/HydrateOrDie/test/data/models/user_dto_test.dart: UserDto copyWith should create copy with updated permission
00:12 +112: C:/Users/hhhh/Desktop/Claude/HydrateOrDie/test/data/models/user_dto_test.dart: UserDto copyWith should preserve all fields when no arguments provided
00:12 +113: loading C:/Users/hhhh/Desktop/Claude/HydrateOrDie/test/data/repositories/avatar_repository_impl_test.dart
00:14 +113: C:/Users/hhhh/Desktop/Claude/HydrateOrDie/test/data/repositories/avatar_repository_impl_test.dart: AvatarRepositoryImpl - getAvatar should return null when no avatar selected
00:14 +114: C:/Users/hhhh/Desktop/Claude/HydrateOrDie/test/data/repositories/avatar_repository_impl_test.dart: AvatarRepositoryImpl - getAvatar should return avatar when ID and state exist
00:14 +115: C:/Users/hhhh/Desktop/Claude/HydrateOrDie/test/data/repositories/avatar_repository_impl_test.dart: AvatarRepositoryImpl - getAvatar should create default state when ID exists but no state
00:14 +116: C:/Users/hhhh/Desktop/Claude/HydrateOrDie/test/data/repositories/avatar_repository_impl_test.dart: AvatarRepositoryImpl - getAvatar should throw StorageException when getSelectedAvatarId fails
00:14 +117: C:/Users/hhhh/Desktop/Claude/HydrateOrDie/test/data/repositories/avatar_repository_impl_test.dart: AvatarRepositoryImpl - saveSelectedAvatar should save avatar ID and initialize state
00:14 +118: C:/Users/hhhh/Desktop/Claude/HydrateOrDie/test/data/repositories/avatar_repository_impl_test.dart: AvatarRepositoryImpl - saveSelectedAvatar should throw StorageException for invalid avatar ID
00:14 +119: C:/Users/hhhh/Desktop/Claude/HydrateOrDie/test/data/repositories/avatar_repository_impl_test.dart: AvatarRepositoryImpl - saveSelectedAvatar should accept all valid avatar IDs
00:14 +120: C:/Users/hhhh/Desktop/Claude/HydrateOrDie/test/data/repositories/avatar_repository_impl_test.dart: AvatarRepositoryImpl - saveSelectedAvatar should throw StorageException when save fails
00:14 +121: C:/Users/hhhh/Desktop/Claude/HydrateOrDie/test/data/repositories/avatar_repository_impl_test.dart: AvatarRepositoryImpl - updateAvatarState should update avatar state to tired
00:14 +122: C:/Users/hhhh/Desktop/Claude/HydrateOrDie/test/data/repositories/avatar_repository_impl_test.dart: AvatarRepositoryImpl - updateAvatarState should update avatar state to dehydrated
00:14 +123: C:/Users/hhhh/Desktop/Claude/HydrateOrDie/test/data/repositories/avatar_repository_impl_test.dart: AvatarRepositoryImpl - updateAvatarState should throw StorageException when update fails
00:14 +124: C:/Users/hhhh/Desktop/Claude/HydrateOrDie/test/data/repositories/avatar_repository_impl_test.dart: AvatarRepositoryImpl - updateLastDrinkTime should update last drink time and reset state to fresh
00:14 +125: C:/Users/hhhh/Desktop/Claude/HydrateOrDie/test/data/repositories/avatar_repository_impl_test.dart: AvatarRepositoryImpl - updateLastDrinkTime should throw StorageException when update fails
00:14 +126: C:/Users/hhhh/Desktop/Claude/HydrateOrDie/test/data/repositories/avatar_repository_impl_test.dart: AvatarRepositoryImpl - getLastDrinkTime should return last drink time from state
00:14 +127: C:/Users/hhhh/Desktop/Claude/HydrateOrDie/test/data/repositories/avatar_repository_impl_test.dart: AvatarRepositoryImpl - getLastDrinkTime should return null when no avatar state exists
00:14 +128: C:/Users/hhhh/Desktop/Claude/HydrateOrDie/test/data/repositories/avatar_repository_impl_test.dart: AvatarRepositoryImpl - getLastDrinkTime should throw StorageException when get fails
00:14 +129: loading C:/Users/hhhh/Desktop/Claude/HydrateOrDie/test/data/repositories/avatar_repository_integration_test.dart
00:16 +129: C:/Users/hhhh/Desktop/Claude/HydrateOrDie/test/data/repositories/avatar_repository_integration_test.dart: (setUpAll)
00:16 +129: C:/Users/hhhh/Desktop/Claude/HydrateOrDie/test/data/repositories/avatar_repository_integration_test.dart: AvatarRepository Integration Tests should persist avatar ID in SharedPreferences
00:16 +130: C:/Users/hhhh/Desktop/Claude/HydrateOrDie/test/data/repositories/avatar_repository_integration_test.dart: AvatarRepository Integration Tests should persist avatar state in SQLite
00:16 +131: C:/Users/hhhh/Desktop/Claude/HydrateOrDie/test/data/repositories/avatar_repository_integration_test.dart: AvatarRepository Integration Tests should retrieve avatar across repository instances
00:16 +132: C:/Users/hhhh/Desktop/Claude/HydrateOrDie/test/data/repositories/avatar_repository_integration_test.dart: AvatarRepository Integration Tests should update avatar state and persist changes
00:16 +133: C:/Users/hhhh/Desktop/Claude/HydrateOrDie/test/data/repositories/avatar_repository_integration_test.dart: AvatarRepository Integration Tests should update last drink time and reset to fresh
00:16 +134: C:/Users/hhhh/Desktop/Claude/HydrateOrDie/test/data/repositories/avatar_repository_integration_test.dart: AvatarRepository Integration Tests should handle state transitions: fresh → tired → dehydrated → dead
00:16 +135: C:/Users/hhhh/Desktop/Claude/HydrateOrDie/test/data/repositories/avatar_repository_integration_test.dart: AvatarRepository Integration Tests should return null for getAvatar when nothing saved yet
00:16 +136: C:/Users/hhhh/Desktop/Claude/HydrateOrDie/test/data/repositories/avatar_repository_integration_test.dart: AvatarRepository Integration Tests should return null for getLastDrinkTime when no avatar exists
00:17 +137: C:/Users/hhhh/Desktop/Claude/HydrateOrDie/test/data/repositories/avatar_repository_integration_test.dart: AvatarRepository Integration Tests should handle switching between different avatars
00:17 +138: C:/Users/hhhh/Desktop/Claude/HydrateOrDie/test/data/repositories/avatar_repository_integration_test.dart: AvatarRepository Integration Tests should maintain singleton pattern for avatar_state table
00:17 +139: C:/Users/hhhh/Desktop/Claude/HydrateOrDie/test/data/repositories/avatar_repository_integration_test.dart: AvatarRepository Integration Tests should handle timestamps in UTC correctly
00:17 +140: C:/Users/hhhh/Desktop/Claude/HydrateOrDie/test/data/repositories/avatar_repository_integration_test.dart: (tearDownAll)
00:17 +140: loading C:/Users/hhhh/Desktop/Claude/HydrateOrDie/test/data/repositories/hydration_log_repository_impl_test.dart
00:18 +140: C:/Users/hhhh/Desktop/Claude/HydrateOrDie/test/data/repositories/hydration_log_repository_impl_test.dart: HydrationLogRepositoryImpl - addLog should add log successfully
00:18 +141: C:/Users/hhhh/Desktop/Claude/HydrateOrDie/test/data/repositories/hydration_log_repository_impl_test.dart: HydrationLogRepositoryImpl - addLog should convert entity to DTO correctly
00:18 +142: C:/Users/hhhh/Desktop/Claude/HydrateOrDie/test/data/repositories/hydration_log_repository_impl_test.dart: HydrationLogRepositoryImpl - addLog should throw StorageException when add fails
00:18 +143: C:/Users/hhhh/Desktop/Claude/HydrateOrDie/test/data/repositories/hydration_log_repository_impl_test.dart: HydrationLogRepositoryImpl - addLog should throw StorageException with correct error code
00:18 +144: C:/Users/hhhh/Desktop/Claude/HydrateOrDie/test/data/repositories/hydration_log_repository_impl_test.dart: HydrationLogRepositoryImpl - getLogsForDate should get logs for specific date
00:18 +145: C:/Users/hhhh/Desktop/Claude/HydrateOrDie/test/data/repositories/hydration_log_repository_impl_test.dart: HydrationLogRepositoryImpl - getLogsForDate should call data source with correct date range
00:18 +146: C:/Users/hhhh/Desktop/Claude/HydrateOrDie/test/data/repositories/hydration_log_repository_impl_test.dart: HydrationLogRepositoryImpl - getLogsForDate should return empty list when no logs for date
00:18 +147: C:/Users/hhhh/Desktop/Claude/HydrateOrDie/test/data/repositories/hydration_log_repository_impl_test.dart: HydrationLogRepositoryImpl - getLogsForDate should throw StorageException when get fails
00:18 +148: C:/Users/hhhh/Desktop/Claude/HydrateOrDie/test/data/repositories/hydration_log_repository_impl_test.dart: HydrationLogRepositoryImpl - getTodayLogs should get today logs successfully
00:18 +149: C:/Users/hhhh/Desktop/Claude/HydrateOrDie/test/data/repositories/hydration_log_repository_impl_test.dart: HydrationLogRepositoryImpl - getTodayLogs should call getLogsForDate with current date
00:18 +150: C:/Users/hhhh/Desktop/Claude/HydrateOrDie/test/data/repositories/hydration_log_repository_impl_test.dart: HydrationLogRepositoryImpl - getTodayLogs should throw StorageException when get fails
00:18 +151: C:/Users/hhhh/Desktop/Claude/HydrateOrDie/test/data/repositories/hydration_log_repository_impl_test.dart: HydrationLogRepositoryImpl - getTotalVolumeForDate should get total volume for date
00:18 +152: C:/Users/hhhh/Desktop/Claude/HydrateOrDie/test/data/repositories/hydration_log_repository_impl_test.dart: HydrationLogRepositoryImpl - getTotalVolumeForDate should call data source with correct date range
00:18 +153: C:/Users/hhhh/Desktop/Claude/HydrateOrDie/test/data/repositories/hydration_log_repository_impl_test.dart: HydrationLogRepositoryImpl - getTotalVolumeForDate should return 0.0 when no logs for date
00:18 +154: C:/Users/hhhh/Desktop/Claude/HydrateOrDie/test/data/repositories/hydration_log_repository_impl_test.dart: HydrationLogRepositoryImpl - getTotalVolumeForDate should throw StorageException when get fails
00:18 +155: C:/Users/hhhh/Desktop/Claude/HydrateOrDie/test/data/repositories/hydration_log_repository_impl_test.dart: HydrationLogRepositoryImpl - deleteOldLogs should delete old logs successfully
00:18 +156: C:/Users/hhhh/Desktop/Claude/HydrateOrDie/test/data/repositories/hydration_log_repository_impl_test.dart: HydrationLogRepositoryImpl - deleteOldLogs should call data source with cutoff date 90 days ago
00:18 +157: C:/Users/hhhh/Desktop/Claude/HydrateOrDie/test/data/repositories/hydration_log_repository_impl_test.dart: HydrationLogRepositoryImpl - deleteOldLogs should return 0 when no logs to delete
00:18 +158: C:/Users/hhhh/Desktop/Claude/HydrateOrDie/test/data/repositories/hydration_log_repository_impl_test.dart: HydrationLogRepositoryImpl - deleteOldLogs should throw StorageException when delete fails
00:18 +159: C:/Users/hhhh/Desktop/Claude/HydrateOrDie/test/data/repositories/hydration_log_repository_impl_test.dart: HydrationLogRepositoryImpl - deleteOldLogs should throw StorageException with correct error code
00:18 +160: loading C:/Users/hhhh/Desktop/Claude/HydrateOrDie/test/data/repositories/hydration_log_repository_integration_test.dart
00:20 +160: C:/Users/hhhh/Desktop/Claude/HydrateOrDie/test/data/repositories/hydration_log_repository_integration_test.dart: (setUpAll)
00:20 +160: C:/Users/hhhh/Desktop/Claude/HydrateOrDie/test/data/repositories/hydration_log_repository_integration_test.dart: HydrationLogRepository Integration Tests - Full Flow should add and retrieve log successfully
00:20 +161: C:/Users/hhhh/Desktop/Claude/HydrateOrDie/test/data/repositories/hydration_log_repository_integration_test.dart: HydrationLogRepository Integration Tests - Full Flow should handle multiple logs for same day
00:20 +162: C:/Users/hhhh/Desktop/Claude/HydrateOrDie/test/data/repositories/hydration_log_repository_integration_test.dart: HydrationLogRepository Integration Tests - Full Flow should separate logs by date
00:21 +163: C:/Users/hhhh/Desktop/Claude/HydrateOrDie/test/data/repositories/hydration_log_repository_integration_test.dart: HydrationLogRepository Integration Tests - getTodayLogs should get today logs correctly
00:21 +164: C:/Users/hhhh/Desktop/Claude/HydrateOrDie/test/data/repositories/hydration_log_repository_integration_test.dart: HydrationLogRepository Integration Tests - getTodayLogs should return empty list when no logs today
00:21 +165: C:/Users/hhhh/Desktop/Claude/HydrateOrDie/test/data/repositories/hydration_log_repository_integration_test.dart: HydrationLogRepository Integration Tests - getTotalVolumeForDate should calculate total volume correctly
00:21 +166: C:/Users/hhhh/Desktop/Claude/HydrateOrDie/test/data/repositories/hydration_log_repository_integration_test.dart: HydrationLogRepository Integration Tests - getTotalVolumeForDate should return 0 when no logs for date
00:21 +167: C:/Users/hhhh/Desktop/Claude/HydrateOrDie/test/data/repositories/hydration_log_repository_integration_test.dart: HydrationLogRepository Integration Tests - getTotalVolumeForDate should only count validated logs
00:21 +168: C:/Users/hhhh/Desktop/Claude/HydrateOrDie/test/data/repositories/hydration_log_repository_integration_test.dart: HydrationLogRepository Integration Tests - getTotalVolumeForDate should not include logs from other dates
00:21 +169: C:/Users/hhhh/Desktop/Claude/HydrateOrDie/test/data/repositories/hydration_log_repository_integration_test.dart: HydrationLogRepository Integration Tests - deleteOldLogs should delete logs older than 90 days
00:21 +170: C:/Users/hhhh/Desktop/Claude/HydrateOrDie/test/data/repositories/hydration_log_repository_integration_test.dart: HydrationLogRepository Integration Tests - deleteOldLogs should return 0 when no old logs to delete
00:21 +171: C:/Users/hhhh/Desktop/Claude/HydrateOrDie/test/data/repositories/hydration_log_repository_integration_test.dart: HydrationLogRepository Integration Tests - deleteOldLogs should handle edge case at 90 day boundary
00:21 +172: C:/Users/hhhh/Desktop/Claude/HydrateOrDie/test/data/repositories/hydration_log_repository_integration_test.dart: HydrationLogRepository Integration Tests - Edge Cases should handle log with null photoPath
00:21 +173: C:/Users/hhhh/Desktop/Claude/HydrateOrDie/test/data/repositories/hydration_log_repository_integration_test.dart: HydrationLogRepository Integration Tests - Edge Cases should handle all glass sizes correctly
00:22 +174: C:/Users/hhhh/Desktop/Claude/HydrateOrDie/test/data/repositories/hydration_log_repository_integration_test.dart: HydrationLogRepository Integration Tests - Edge Cases should handle empty database
00:22 +175: C:/Users/hhhh/Desktop/Claude/HydrateOrDie/test/data/repositories/hydration_log_repository_integration_test.dart: (tearDownAll)
00:22 +175: loading C:/Users/hhhh/Desktop/Claude/HydrateOrDie/test/data/repositories/user_repository_impl_test.dart
00:23 +175: C:/Users/hhhh/Desktop/Claude/HydrateOrDie/test/data/repositories/user_repository_impl_test.dart: UserRepositoryImpl - getProfile should return null when no profile exists
00:23 +176: C:/Users/hhhh/Desktop/Claude/HydrateOrDie/test/data/repositories/user_repository_impl_test.dart: UserRepositoryImpl - getProfile should return User entity when profile exists
00:23 +177: C:/Users/hhhh/Desktop/Claude/HydrateOrDie/test/data/repositories/user_repository_impl_test.dart: UserRepositoryImpl - getProfile should throw StorageException when data source fails
00:23 +178: C:/Users/hhhh/Desktop/Claude/HydrateOrDie/test/data/repositories/user_repository_impl_test.dart: UserRepositoryImpl - getProfile should throw StorageException with correct error code
00:23 +179: C:/Users/hhhh/Desktop/Claude/HydrateOrDie/test/data/repositories/user_repository_impl_test.dart: UserRepositoryImpl - saveProfile should save user profile successfully
00:23 +180: C:/Users/hhhh/Desktop/Claude/HydrateOrDie/test/data/repositories/user_repository_impl_test.dart: UserRepositoryImpl - saveProfile should convert entity to DTO correctly
00:23 +181: C:/Users/hhhh/Desktop/Claude/HydrateOrDie/test/data/repositories/user_repository_impl_test.dart: UserRepositoryImpl - saveProfile should throw StorageException when save fails
00:23 +182: C:/Users/hhhh/Desktop/Claude/HydrateOrDie/test/data/repositories/user_repository_impl_test.dart: UserRepositoryImpl - saveProfile should throw StorageException with correct error code on failure
00:23 +183: C:/Users/hhhh/Desktop/Claude/HydrateOrDie/test/data/repositories/user_repository_impl_test.dart: UserRepositoryImpl - updateProfile should update profile successfully when profile exists
00:23 +184: C:/Users/hhhh/Desktop/Claude/HydrateOrDie/test/data/repositories/user_repository_impl_test.dart: UserRepositoryImpl - updateProfile should throw ProfileNotFoundException when profile does not exist
00:23 +185: C:/Users/hhhh/Desktop/Claude/HydrateOrDie/test/data/repositories/user_repository_impl_test.dart: UserRepositoryImpl - updateProfile should convert entity to DTO correctly for update
00:23 +186: C:/Users/hhhh/Desktop/Claude/HydrateOrDie/test/data/repositories/user_repository_impl_test.dart: UserRepositoryImpl - updateProfile should throw StorageException when update fails
00:23 +187: C:/Users/hhhh/Desktop/Claude/HydrateOrDie/test/data/repositories/user_repository_impl_test.dart: UserRepositoryImpl - updateProfile should throw StorageException with correct error code on failure
00:23 +188: C:/Users/hhhh/Desktop/Claude/HydrateOrDie/test/data/repositories/user_repository_impl_test.dart: UserRepositoryImpl - updateProfile should rethrow ProfileNotFoundException without wrapping
00:23 +189: C:/Users/hhhh/Desktop/Claude/HydrateOrDie/test/data/repositories/user_repository_impl_test.dart: UserRepositoryImpl - deleteProfile should delete profile successfully
00:23 +190: C:/Users/hhhh/Desktop/Claude/HydrateOrDie/test/data/repositories/user_repository_impl_test.dart: UserRepositoryImpl - deleteProfile should throw StorageException when delete fails
00:23 +191: C:/Users/hhhh/Desktop/Claude/HydrateOrDie/test/data/repositories/user_repository_impl_test.dart: UserRepositoryImpl - deleteProfile should throw StorageException with correct error code on failure
00:23 +192: C:/Users/hhhh/Desktop/Claude/HydrateOrDie/test/data/repositories/user_repository_impl_test.dart: UserRepositoryImpl - hasProfile should return true when profile exists
00:23 +193: C:/Users/hhhh/Desktop/Claude/HydrateOrDie/test/data/repositories/user_repository_impl_test.dart: UserRepositoryImpl - hasProfile should return false when profile does not exist
00:23 +194: C:/Users/hhhh/Desktop/Claude/HydrateOrDie/test/data/repositories/user_repository_impl_test.dart: UserRepositoryImpl - hasProfile should throw StorageException when check fails
00:23 +195: C:/Users/hhhh/Desktop/Claude/HydrateOrDie/test/data/repositories/user_repository_impl_test.dart: UserRepositoryImpl - hasProfile should throw StorageException with correct error code on failure
00:23 +196: loading C:/Users/hhhh/Desktop/Claude/HydrateOrDie/test/domain/entities/avatar_personality_test.dart
00:25 +196: C:/Users/hhhh/Desktop/Claude/HydrateOrDie/test/domain/entities/avatar_personality_test.dart: AvatarPersonality displayName should return correct display name for authoritarianMother
00:25 +197: C:/Users/hhhh/Desktop/Claude/HydrateOrDie/test/domain/entities/avatar_personality_test.dart: AvatarPersonality displayName should return correct display name for sportsCoach
00:25 +198: C:/Users/hhhh/Desktop/Claude/HydrateOrDie/test/domain/entities/avatar_personality_test.dart: AvatarPersonality displayName should return correct display name for doctor
00:25 +199: C:/Users/hhhh/Desktop/Claude/HydrateOrDie/test/domain/entities/avatar_personality_test.dart: AvatarPersonality displayName should return correct display name for sarcasticFriend
00:25 +200: C:/Users/hhhh/Desktop/Claude/HydrateOrDie/test/domain/entities/avatar_personality_test.dart: AvatarPersonality description should return description for authoritarianMother
00:25 +201: C:/Users/hhhh/Desktop/Claude/HydrateOrDie/test/domain/entities/avatar_personality_test.dart: AvatarPersonality description should return description for sportsCoach
00:25 +202: C:/Users/hhhh/Desktop/Claude/HydrateOrDie/test/domain/entities/avatar_personality_test.dart: AvatarPersonality description should return description for doctor
00:25 +203: C:/Users/hhhh/Desktop/Claude/HydrateOrDie/test/domain/entities/avatar_personality_test.dart: AvatarPersonality description should return description for sarcasticFriend
00:25 +204: C:/Users/hhhh/Desktop/Claude/HydrateOrDie/test/domain/entities/avatar_personality_test.dart: AvatarPersonality should have 4 personality types
00:25 +205: loading C:/Users/hhhh/Desktop/Claude/HydrateOrDie/test/domain/entities/avatar_state_test.dart
00:26 +205: C:/Users/hhhh/Desktop/Claude/HydrateOrDie/test/domain/entities/avatar_state_test.dart: AvatarState getNextState should transition fresh to tired
00:26 +206: C:/Users/hhhh/Desktop/Claude/HydrateOrDie/test/domain/entities/avatar_state_test.dart: AvatarState getNextState should transition tired to dehydrated
00:26 +207: C:/Users/hhhh/Desktop/Claude/HydrateOrDie/test/domain/entities/avatar_state_test.dart: AvatarState getNextState should transition dehydrated to dead
00:26 +208: C:/Users/hhhh/Desktop/Claude/HydrateOrDie/test/domain/entities/avatar_state_test.dart: AvatarState getNextState should transition dead to ghost
00:26 +209: C:/Users/hhhh/Desktop/Claude/HydrateOrDie/test/domain/entities/avatar_state_test.dart: AvatarState getNextState should transition ghost to fresh (resurrection)
00:26 +210: C:/Users/hhhh/Desktop/Claude/HydrateOrDie/test/domain/entities/avatar_state_test.dart: AvatarState shouldDie should return false if time < 6 hours
00:26 +211: C:/Users/hhhh/Desktop/Claude/HydrateOrDie/test/domain/entities/avatar_state_test.dart: AvatarState shouldDie should return true if time >= 6 hours
00:26 +212: C:/Users/hhhh/Desktop/Claude/HydrateOrDie/test/domain/entities/avatar_state_test.dart: AvatarState shouldBecomeGhost should return true only for dead state
00:26 +213: C:/Users/hhhh/Desktop/Claude/HydrateOrDie/test/domain/entities/avatar_state_test.dart: AvatarState getAssetPath should return correct path for sports coach fresh
00:26 +214: C:/Users/hhhh/Desktop/Claude/HydrateOrDie/test/domain/entities/avatar_state_test.dart: AvatarState getAssetPath should return correct path for doctor tired
00:26 +215: C:/Users/hhhh/Desktop/Claude/HydrateOrDie/test/domain/entities/avatar_state_test.dart: AvatarState getAssetPath should return correct path for authoritarian mother dead
00:26 +216: C:/Users/hhhh/Desktop/Claude/HydrateOrDie/test/domain/entities/avatar_state_test.dart: AvatarState getAssetPath should return correct path for sarcastic friend ghost
00:26 +217: loading C:/Users/hhhh/Desktop/Claude/HydrateOrDie/test/domain/entities/avatar_test.dart
00:28 +217: C:/Users/hhhh/Desktop/Claude/HydrateOrDie/test/domain/entities/avatar_test.dart: Avatar constructor should create avatar with all fields
00:28 +218: C:/Users/hhhh/Desktop/Claude/HydrateOrDie/test/domain/entities/avatar_test.dart: Avatar calculateState should return fresh for 0-2 hours
00:28 +219: C:/Users/hhhh/Desktop/Claude/HydrateOrDie/test/domain/entities/avatar_test.dart: Avatar calculateState should return tired for 2-4 hours
00:28 +220: C:/Users/hhhh/Desktop/Claude/HydrateOrDie/test/domain/entities/avatar_test.dart: Avatar calculateState should return dehydrated for 4-6 hours
00:28 +221: C:/Users/hhhh/Desktop/Claude/HydrateOrDie/test/domain/entities/avatar_test.dart: Avatar calculateState should return dead for 6+ hours
00:28 +222: C:/Users/hhhh/Desktop/Claude/HydrateOrDie/test/domain/entities/avatar_test.dart: Avatar shouldBecomeGhost should return true when state is dead
00:28 +223: C:/Users/hhhh/Desktop/Claude/HydrateOrDie/test/domain/entities/avatar_test.dart: Avatar shouldBecomeGhost should return false when state is not dead
00:28 +224: C:/Users/hhhh/Desktop/Claude/HydrateOrDie/test/domain/entities/avatar_test.dart: Avatar shouldResurrect should return true when state is ghost
00:28 +225: C:/Users/hhhh/Desktop/Claude/HydrateOrDie/test/domain/entities/avatar_test.dart: Avatar shouldResurrect should return false when state is not ghost
00:28 +226: C:/Users/hhhh/Desktop/Claude/HydrateOrDie/test/domain/entities/avatar_test.dart: Avatar copyWith should create copy with updated state
00:28 +227: C:/Users/hhhh/Desktop/Claude/HydrateOrDie/test/domain/entities/avatar_test.dart: Avatar copyWith should create copy with updated lastDrinkTime
00:28 +228: C:/Users/hhhh/Desktop/Claude/HydrateOrDie/test/domain/entities/avatar_test.dart: Avatar copyWith should keep original values when no params provided
00:28 +229: C:/Users/hhhh/Desktop/Claude/HydrateOrDie/test/domain/entities/avatar_test.dart: Avatar equality should be equal when all fields match
00:28 +230: C:/Users/hhhh/Desktop/Claude/HydrateOrDie/test/domain/entities/avatar_test.dart: Avatar equality should not be equal when fields differ
00:28 +231: C:/Users/hhhh/Desktop/Claude/HydrateOrDie/test/domain/entities/avatar_test.dart: Avatar toString should return string representation
00:28 +232: loading C:/Users/hhhh/Desktop/Claude/HydrateOrDie/test/domain/entities/glass_size_test.dart
00:30 +232: C:/Users/hhhh/Desktop/Claude/HydrateOrDie/test/domain/entities/glass_size_test.dart: GlassSize volumeLiters should return 0.2 liters for small glass
00:30 +233: C:/Users/hhhh/Desktop/Claude/HydrateOrDie/test/domain/entities/glass_size_test.dart: GlassSize volumeLiters should return 0.25 liters for medium glass
00:30 +234: C:/Users/hhhh/Desktop/Claude/HydrateOrDie/test/domain/entities/glass_size_test.dart: GlassSize volumeLiters should return 0.4 liters for large glass
00:30 +235: C:/Users/hhhh/Desktop/Claude/HydrateOrDie/test/domain/entities/glass_size_test.dart: GlassSize displayName should return correct display name for small
00:30 +236: C:/Users/hhhh/Desktop/Claude/HydrateOrDie/test/domain/entities/glass_size_test.dart: GlassSize displayName should return correct display name for medium
00:30 +237: C:/Users/hhhh/Desktop/Claude/HydrateOrDie/test/domain/entities/glass_size_test.dart: GlassSize displayName should return correct display name for large
00:30 +238: C:/Users/hhhh/Desktop/Claude/HydrateOrDie/test/domain/entities/glass_size_test.dart: GlassSize should have 3 glass sizes
00:30 +239: loading C:/Users/hhhh/Desktop/Claude/HydrateOrDie/test/domain/entities/hydration_goal_test.dart
00:31 +239: C:/Users/hhhh/Desktop/Claude/HydrateOrDie/test/domain/entities/hydration_goal_test.dart: HydrationGoal constructor should create goal with valid target
00:31 +240: C:/Users/hhhh/Desktop/Claude/HydrateOrDie/test/domain/entities/hydration_goal_test.dart: HydrationGoal constructor should accept minimum goal of 1.5L
00:31 +241: C:/Users/hhhh/Desktop/Claude/HydrateOrDie/test/domain/entities/hydration_goal_test.dart: HydrationGoal constructor should accept maximum goal of 5.0L
00:31 +242: C:/Users/hhhh/Desktop/Claude/HydrateOrDie/test/domain/entities/hydration_goal_test.dart: HydrationGoal constructor should throw ArgumentError if goal < minimum
00:31 +243: C:/Users/hhhh/Desktop/Claude/HydrateOrDie/test/domain/entities/hydration_goal_test.dart: HydrationGoal constructor should throw ArgumentError if goal > maximum
00:31 +244: C:/Users/hhhh/Desktop/Claude/HydrateOrDie/test/domain/entities/hydration_goal_test.dart: HydrationGoal constructor should throw ArgumentError if goal is 0
00:31 +245: C:/Users/hhhh/Desktop/Claude/HydrateOrDie/test/domain/entities/hydration_goal_test.dart: HydrationGoal constructor should throw ArgumentError if goal is negative
00:31 +246: C:/Users/hhhh/Desktop/Claude/HydrateOrDie/test/domain/entities/hydration_goal_test.dart: HydrationGoal isAchieved should return true when current volume equals target
00:31 +247: C:/Users/hhhh/Desktop/Claude/HydrateOrDie/test/domain/entities/hydration_goal_test.dart: HydrationGoal isAchieved should return true when current volume exceeds target
00:31 +248: C:/Users/hhhh/Desktop/Claude/HydrateOrDie/test/domain/entities/hydration_goal_test.dart: HydrationGoal isAchieved should return false when current volume is below target
00:31 +249: C:/Users/hhhh/Desktop/Claude/HydrateOrDie/test/domain/entities/hydration_goal_test.dart: HydrationGoal isAchieved should return false when current volume is 0
00:31 +250: C:/Users/hhhh/Desktop/Claude/HydrateOrDie/test/domain/entities/hydration_goal_test.dart: HydrationGoal getProgressPercentage should return 0.0 when no volume consumed
00:31 +251: C:/Users/hhhh/Desktop/Claude/HydrateOrDie/test/domain/entities/hydration_goal_test.dart: HydrationGoal getProgressPercentage should return 0.5 when half consumed
00:31 +252: C:/Users/hhhh/Desktop/Claude/HydrateOrDie/test/domain/entities/hydration_goal_test.dart: HydrationGoal getProgressPercentage should return 1.0 when exactly achieved
00:31 +253: C:/Users/hhhh/Desktop/Claude/HydrateOrDie/test/domain/entities/hydration_goal_test.dart: HydrationGoal getProgressPercentage should return > 1.0 when exceeding goal
00:31 +254: C:/Users/hhhh/Desktop/Claude/HydrateOrDie/test/domain/entities/hydration_goal_test.dart: HydrationGoal getProgressPercentage should calculate correct percentage for various values
00:31 +255: C:/Users/hhhh/Desktop/Claude/HydrateOrDie/test/domain/entities/hydration_goal_test.dart: HydrationGoal equality should be equal when target is the same
00:31 +256: C:/Users/hhhh/Desktop/Claude/HydrateOrDie/test/domain/entities/hydration_goal_test.dart: HydrationGoal equality should not be equal when target is different
00:31 +257: C:/Users/hhhh/Desktop/Claude/HydrateOrDie/test/domain/entities/hydration_goal_test.dart: HydrationGoal equality should have same hashCode for equal goals
00:31 +258: C:/Users/hhhh/Desktop/Claude/HydrateOrDie/test/domain/entities/hydration_goal_test.dart: HydrationGoal toString should return string representation
00:31 +259: loading C:/Users/hhhh/Desktop/Claude/HydrateOrDie/test/domain/entities/hydration_log_test.dart
00:33 +259: C:/Users/hhhh/Desktop/Claude/HydrateOrDie/test/domain/entities/hydration_log_test.dart: HydrationLog constructor should create log with all fields
00:33 +260: C:/Users/hhhh/Desktop/Claude/HydrateOrDie/test/domain/entities/hydration_log_test.dart: HydrationLog constructor should allow null photoPath
00:33 +261: C:/Users/hhhh/Desktop/Claude/HydrateOrDie/test/domain/entities/hydration_log_test.dart: HydrationLog constructor should default validated to true
00:33 +262: C:/Users/hhhh/Desktop/Claude/HydrateOrDie/test/domain/entities/hydration_log_test.dart: HydrationLog volumeLiters should return correct volume for small glass
00:33 +263: C:/Users/hhhh/Desktop/Claude/HydrateOrDie/test/domain/entities/hydration_log_test.dart: HydrationLog volumeLiters should return correct volume for medium glass
00:33 +264: C:/Users/hhhh/Desktop/Claude/HydrateOrDie/test/domain/entities/hydration_log_test.dart: HydrationLog volumeLiters should return correct volume for large glass
00:33 +265: C:/Users/hhhh/Desktop/Claude/HydrateOrDie/test/domain/entities/hydration_log_test.dart: HydrationLog isToday should return true for today's date
00:33 +266: C:/Users/hhhh/Desktop/Claude/HydrateOrDie/test/domain/entities/hydration_log_test.dart: HydrationLog isToday should return false for yesterday
00:33 +267: C:/Users/hhhh/Desktop/Claude/HydrateOrDie/test/domain/entities/hydration_log_test.dart: HydrationLog isToday should return false for tomorrow
00:33 +268: C:/Users/hhhh/Desktop/Claude/HydrateOrDie/test/domain/entities/hydration_log_test.dart: HydrationLog isToday should ignore time when checking date
00:33 +269: C:/Users/hhhh/Desktop/Claude/HydrateOrDie/test/domain/entities/hydration_log_test.dart: HydrationLog copyWith should create copy with updated glass size
00:33 +270: C:/Users/hhhh/Desktop/Claude/HydrateOrDie/test/domain/entities/hydration_log_test.dart: HydrationLog copyWith should create copy with updated photoPath
00:33 +271: C:/Users/hhhh/Desktop/Claude/HydrateOrDie/test/domain/entities/hydration_log_test.dart: HydrationLog copyWith should keep original values when no params provided
00:33 +272: C:/Users/hhhh/Desktop/Claude/HydrateOrDie/test/domain/entities/hydration_log_test.dart: HydrationLog equality should be equal when all fields match
00:33 +273: C:/Users/hhhh/Desktop/Claude/HydrateOrDie/test/domain/entities/hydration_log_test.dart: HydrationLog equality should not be equal when fields differ
00:33 +274: C:/Users/hhhh/Desktop/Claude/HydrateOrDie/test/domain/entities/hydration_log_test.dart: HydrationLog toString should return string representation
00:33 +275: loading C:/Users/hhhh/Desktop/Claude/HydrateOrDie/test/domain/entities/streak_test.dart
00:34 +275: C:/Users/hhhh/Desktop/Claude/HydrateOrDie/test/domain/entities/streak_test.dart: Streak constructor should create streak with all fields
00:34 +276: C:/Users/hhhh/Desktop/Claude/HydrateOrDie/test/domain/entities/streak_test.dart: Streak incrementStreak should increment current streak
00:34 +277: C:/Users/hhhh/Desktop/Claude/HydrateOrDie/test/domain/entities/streak_test.dart: Streak incrementStreak should not update longest if current is still lower
00:34 +278: C:/Users/hhhh/Desktop/Claude/HydrateOrDie/test/domain/entities/streak_test.dart: Streak incrementStreak should update longest if current exceeds it
00:34 +279: C:/Users/hhhh/Desktop/Claude/HydrateOrDie/test/domain/entities/streak_test.dart: Streak incrementStreak should update longest when current equals it
00:34 +280: C:/Users/hhhh/Desktop/Claude/HydrateOrDie/test/domain/entities/streak_test.dart: Streak breakStreak should reset current streak to 0
00:34 +281: C:/Users/hhhh/Desktop/Claude/HydrateOrDie/test/domain/entities/streak_test.dart: Streak breakStreak should preserve longest streak
00:34 +282: C:/Users/hhhh/Desktop/Claude/HydrateOrDie/test/domain/entities/streak_test.dart: Streak breakStreak should preserve last streak date
00:34 +283: C:/Users/hhhh/Desktop/Claude/HydrateOrDie/test/domain/entities/streak_test.dart: Streak isStreakActiveToday should return true if streak is active and date is today
00:34 +284: C:/Users/hhhh/Desktop/Claude/HydrateOrDie/test/domain/entities/streak_test.dart: Streak isStreakActiveToday should return false if streak is inactive
00:34 +285: C:/Users/hhhh/Desktop/Claude/HydrateOrDie/test/domain/entities/streak_test.dart: Streak isStreakActiveToday should return false if last date is not today
00:34 +286: C:/Users/hhhh/Desktop/Claude/HydrateOrDie/test/domain/entities/streak_test.dart: Streak shouldIncrementToday should return true if last streak was yesterday
00:34 +287: C:/Users/hhhh/Desktop/Claude/HydrateOrDie/test/domain/entities/streak_test.dart: Streak shouldIncrementToday should return false if last streak was today
00:34 +288: C:/Users/hhhh/Desktop/Claude/HydrateOrDie/test/domain/entities/streak_test.dart: Streak shouldIncrementToday should return false if last streak was 2 days ago
00:34 +289: C:/Users/hhhh/Desktop/Claude/HydrateOrDie/test/domain/entities/streak_test.dart: Streak copyWith should create copy with updated currentStreak
00:34 +290: C:/Users/hhhh/Desktop/Claude/HydrateOrDie/test/domain/entities/streak_test.dart: Streak copyWith should create copy with updated streakActive
00:34 +291: C:/Users/hhhh/Desktop/Claude/HydrateOrDie/test/domain/entities/streak_test.dart: Streak copyWith should keep original values when no params provided
00:34 +292: C:/Users/hhhh/Desktop/Claude/HydrateOrDie/test/domain/entities/streak_test.dart: Streak equality should be equal when all fields match
00:34 +293: C:/Users/hhhh/Desktop/Claude/HydrateOrDie/test/domain/entities/streak_test.dart: Streak equality should not be equal when fields differ
00:34 +294: C:/Users/hhhh/Desktop/Claude/HydrateOrDie/test/domain/entities/streak_test.dart: Streak toString should return string representation
00:34 +295: loading C:/Users/hhhh/Desktop/Claude/HydrateOrDie/test/domain/entities/user_test.dart
00:36 +295: C:/Users/hhhh/Desktop/Claude/HydrateOrDie/test/domain/entities/user_test.dart: User constructor should create user with all fields
00:36 +296: C:/Users/hhhh/Desktop/Claude/HydrateOrDie/test/domain/entities/user_test.dart: User needsGoalRecalculation should return true when weight changes
00:36 +297: C:/Users/hhhh/Desktop/Claude/HydrateOrDie/test/domain/entities/user_test.dart: User needsGoalRecalculation should return true when age changes
00:36 +298: C:/Users/hhhh/Desktop/Claude/HydrateOrDie/test/domain/entities/user_test.dart: User needsGoalRecalculation should return true when gender changes
00:36 +299: C:/Users/hhhh/Desktop/Claude/HydrateOrDie/test/domain/entities/user_test.dart: User needsGoalRecalculation should return true when activity level changes
00:36 +300: C:/Users/hhhh/Desktop/Claude/HydrateOrDie/test/domain/entities/user_test.dart: User needsGoalRecalculation should return false when only goal changes
00:36 +301: C:/Users/hhhh/Desktop/Claude/HydrateOrDie/test/domain/entities/user_test.dart: User needsGoalRecalculation should return false when nothing changes
00:36 +302: C:/Users/hhhh/Desktop/Claude/HydrateOrDie/test/domain/entities/user_test.dart: User copyWith should create copy with updated weight
00:36 +303: C:/Users/hhhh/Desktop/Claude/HydrateOrDie/test/domain/entities/user_test.dart: User copyWith should create copy with updated activity level
00:36 +304: C:/Users/hhhh/Desktop/Claude/HydrateOrDie/test/domain/entities/user_test.dart: User copyWith should keep original values when no params provided
00:36 +305: C:/Users/hhhh/Desktop/Claude/HydrateOrDie/test/domain/entities/user_test.dart: User equality should be equal when all fields match
00:36 +306: C:/Users/hhhh/Desktop/Claude/HydrateOrDie/test/domain/entities/user_test.dart: User equality should not be equal when fields differ
00:36 +307: C:/Users/hhhh/Desktop/Claude/HydrateOrDie/test/domain/entities/user_test.dart: User toString should return string representation
00:36 +308: loading C:/Users/hhhh/Desktop/Claude/HydrateOrDie/test/domain/use_cases/avatar/check_and_resurrect_avatar_use_case_test.dart
00:38 +308: C:/Users/hhhh/Desktop/Claude/HydrateOrDie/test/domain/use_cases/avatar/check_and_resurrect_avatar_use_case_test.dart: CheckAndResurrectAvatarUseCase execute() AC #6 - Should resurrect avatar when state is ghost
[CheckAndResurrect] ✨ Résurrection réussie! ghost → fresh (lastDrinkTime: 2026-01-26 11:36:22.669504)
00:38 +309: C:/Users/hhhh/Desktop/Claude/HydrateOrDie/test/domain/use_cases/avatar/check_and_resurrect_avatar_use_case_test.dart: CheckAndResurrectAvatarUseCase execute() Should return false when state is not ghost (fresh)
[CheckAndResurrect] Avatar not ghost (état: AvatarState.fresh) - Aucune résurrection
00:38 +310: C:/Users/hhhh/Desktop/Claude/HydrateOrDie/test/domain/use_cases/avatar/check_and_resurrect_avatar_use_case_test.dart: CheckAndResurrectAvatarUseCase execute() Should return false when state is dead
[CheckAndResurrect] Avatar not ghost (état: AvatarState.dead) - Aucune résurrection
00:38 +311: C:/Users/hhhh/Desktop/Claude/HydrateOrDie/test/domain/use_cases/avatar/check_and_resurrect_avatar_use_case_test.dart: CheckAndResurrectAvatarUseCase execute() Should return false when avatar is null
[CheckAndResurrect] Avatar not ghost (état: null) - Aucune résurrection
00:38 +312: C:/Users/hhhh/Desktop/Claude/HydrateOrDie/test/domain/use_cases/avatar/check_and_resurrect_avatar_use_case_test.dart: CheckAndResurrectAvatarUseCase execute() AC #6 - Should reset lastDrinkTime to current time on resurrection
[CheckAndResurrect] ✨ Résurrection réussie! ghost → fresh (lastDrinkTime: 2026-01-26 11:36:22.709499)
00:38 +313: C:/Users/hhhh/Desktop/Claude/HydrateOrDie/test/domain/use_cases/avatar/check_and_resurrect_avatar_use_case_test.dart: CheckAndResurrectAvatarUseCase execute() AC #6 - Should clear deathTime (set to null) on resurrection
[CheckAndResurrect] ✨ Résurrection réussie! ghost → fresh (lastDrinkTime: 2026-01-26 11:36:22.716501)
00:38 +314: C:/Users/hhhh/Desktop/Claude/HydrateOrDie/test/domain/use_cases/avatar/check_and_resurrect_avatar_use_case_test.dart: CheckAndResurrectAvatarUseCase execute() Should throw StorageException when repository fails
[CheckAndResurrect] Erreur lors de la résurrection: StorageException: Database error (code: DB_ERROR)
00:38 +315: loading C:/Users/hhhh/Desktop/Claude/HydrateOrDie/test/domain/use_cases/avatar/update_avatar_state_use_case_test.dart
00:39 +315: C:/Users/hhhh/Desktop/Claude/HydrateOrDie/test/domain/use_cases/avatar/update_avatar_state_use_case_test.dart: UpdateAvatarStateUseCase Calcul d'état basé sur le temps écoulé AC #2 - État Fresh (0h depuis dernier verre)
[UpdateAvatarState] État inchangé: AvatarState.fresh (0min depuis dernier verre)
00:39 +316: C:/Users/hhhh/Desktop/Claude/HydrateOrDie/test/domain/use_cases/avatar/update_avatar_state_use_case_test.dart: UpdateAvatarStateUseCase Calcul d'état basé sur le temps écoulé AC #2 - État Fresh (1h depuis dernier verre)
[UpdateAvatarState] État inchangé: AvatarState.fresh (1min depuis dernier verre)
00:39 +317: C:/Users/hhhh/Desktop/Claude/HydrateOrDie/test/domain/use_cases/avatar/update_avatar_state_use_case_test.dart: UpdateAvatarStateUseCase Calcul d'état basé sur le temps écoulé AC #2 - Transition Fresh → Tired (3h depuis dernier verre)
[UpdateAvatarState] Transition: AvatarState.fresh → AvatarState.tired (3min depuis dernier verre)
00:39 +318: C:/Users/hhhh/Desktop/Claude/HydrateOrDie/test/domain/use_cases/avatar/update_avatar_state_use_case_test.dart: UpdateAvatarStateUseCase Calcul d'état basé sur le temps écoulé AC #2 - Transition Tired → Dehydrated (5h depuis dernier verre)
[UpdateAvatarState] Transition: AvatarState.tired → AvatarState.dehydrated (5min depuis dernier verre)
00:39 +319: C:/Users/hhhh/Desktop/Claude/HydrateOrDie/test/domain/use_cases/avatar/update_avatar_state_use_case_test.dart: UpdateAvatarStateUseCase Calcul d'état basé sur le temps écoulé AC #2 - Transition Dehydrated → Dead (7h depuis dernier verre)
[UpdateAvatarState] Transition: AvatarState.dehydrated → AvatarState.dead (7min depuis dernier verre)
[UpdateAvatarState] Death time enregistré: 2026-01-26 11:36:24.296882
00:39 +320: C:/Users/hhhh/Desktop/Claude/HydrateOrDie/test/domain/use_cases/avatar/update_avatar_state_use_case_test.dart: UpdateAvatarStateUseCase Calcul d'état basé sur le temps écoulé AC #2 - Seuil exact 2h (Fresh → Tired)
[UpdateAvatarState] Transition: AvatarState.fresh → AvatarState.tired (2min depuis dernier verre)
00:39 +321: C:/Users/hhhh/Desktop/Claude/HydrateOrDie/test/domain/use_cases/avatar/update_avatar_state_use_case_test.dart: UpdateAvatarStateUseCase Calcul d'état basé sur le temps écoulé AC #2 - Seuil exact 4h (Tired → Dehydrated)
[UpdateAvatarState] Transition: AvatarState.tired → AvatarState.dehydrated (4min depuis dernier verre)
00:39 +322: C:/Users/hhhh/Desktop/Claude/HydrateOrDie/test/domain/use_cases/avatar/update_avatar_state_use_case_test.dart: UpdateAvatarStateUseCase Calcul d'état basé sur le temps écoulé AC #2 - Seuil exact 6h (Dehydrated → Dead)
[UpdateAvatarState] Transition: AvatarState.dehydrated → AvatarState.dead (6min depuis dernier verre)
[UpdateAvatarState] Death time enregistré: 2026-01-26 11:36:24.315835
00:39 +323: C:/Users/hhhh/Desktop/Claude/HydrateOrDie/test/domain/use_cases/avatar/update_avatar_state_use_case_test.dart: UpdateAvatarStateUseCase AC #1, #3 - Calcul basé sur DateTime.now() et lastDrinkTime Utilise DateTime.now() pour calculer temps écoulé
[UpdateAvatarState] Transition: AvatarState.fresh → AvatarState.dehydrated (5min depuis dernier verre)
00:39 +324: C:/Users/hhhh/Desktop/Claude/HydrateOrDie/test/domain/use_cases/avatar/update_avatar_state_use_case_test.dart: UpdateAvatarStateUseCase AC #1, #3 - Calcul basé sur DateTime.now() et lastDrinkTime Retourne Fresh par défaut si aucun lastDrinkTime
[UpdateAvatarState] Aucun lastDrinkTime trouvé - État par défaut: fresh
00:39 +325: C:/Users/hhhh/Desktop/Claude/HydrateOrDie/test/domain/use_cases/avatar/update_avatar_state_use_case_test.dart: UpdateAvatarStateUseCase AC #5 - Mise à jour dans le repository Met à jour le repository après calcul si état changé
[UpdateAvatarState] Transition: AvatarState.fresh → AvatarState.tired (3min depuis dernier verre)
00:39 +326: C:/Users/hhhh/Desktop/Claude/HydrateOrDie/test/domain/use_cases/avatar/update_avatar_state_use_case_test.dart: UpdateAvatarStateUseCase AC #5 - Mise à jour dans le repository Ne met pas à jour le repository si état inchangé
[UpdateAvatarState] État inchangé: AvatarState.fresh (1min depuis dernier verre)
00:39 +327: C:/Users/hhhh/Desktop/Claude/HydrateOrDie/test/domain/use_cases/avatar/update_avatar_state_use_case_test.dart: UpdateAvatarStateUseCase Gestion des erreurs Propage StorageException si getLastDrinkTime échoue
[UpdateAvatarState] Erreur lors de la mise à jour: StorageException: Database error (code: null)
00:39 +328: C:/Users/hhhh/Desktop/Claude/HydrateOrDie/test/domain/use_cases/avatar/update_avatar_state_use_case_test.dart: UpdateAvatarStateUseCase Gestion des erreurs Propage StorageException si updateAvatarState échoue
[UpdateAvatarState] Erreur lors de la mise à jour: StorageException: Update failed (code: null)
00:39 +329: C:/Users/hhhh/Desktop/Claude/HydrateOrDie/test/domain/use_cases/avatar/update_avatar_state_use_case_test.dart: UpdateAvatarStateUseCase Story 1.7 - Transition Dead → Ghost (AC #2) AC #2 - Dead reste dead si < 10 secondes écoulées
[UpdateAvatarState] État dead - 5s avant transition ghost
00:39 +330: C:/Users/hhhh/Desktop/Claude/HydrateOrDie/test/domain/use_cases/avatar/update_avatar_state_use_case_test.dart: UpdateAvatarStateUseCase Story 1.7 - Transition Dead → Ghost (AC #2) AC #2 - Dead → Ghost après exactement 10 secondes
[UpdateAvatarState] Transition: dead → ghost (10s depuis mort)
00:39 +331: C:/Users/hhhh/Desktop/Claude/HydrateOrDie/test/domain/use_cases/avatar/update_avatar_state_use_case_test.dart: UpdateAvatarStateUseCase Story 1.7 - Transition Dead → Ghost (AC #2) AC #2 - Dead → Ghost après 15 secondes
[UpdateAvatarState] Transition: dead → ghost (15s depuis mort)
00:39 +332: C:/Users/hhhh/Desktop/Claude/HydrateOrDie/test/domain/use_cases/avatar/update_avatar_state_use_case_test.dart: UpdateAvatarStateUseCase Story 1.7 - Transition Dead → Ghost (AC #2) AC #2 - Ghost reste ghost (pas de régression)
[UpdateAvatarState] État ghost - Aucune mise à jour (résurrection à minuit)
00:39 +333: C:/Users/hhhh/Desktop/Claude/HydrateOrDie/test/domain/use_cases/avatar/update_avatar_state_use_case_test.dart: UpdateAvatarStateUseCase Story 1.7 - Transition Dead → Ghost (AC #2) AC #2 - Transition vers dead enregistre deathTime
[UpdateAvatarState] Transition: AvatarState.dehydrated → AvatarState.dead (7min depuis dernier verre)
[UpdateAvatarState] Death time enregistré: 2026-01-26 11:36:24.376669
00:39 +334: C:/Users/hhhh/Desktop/Claude/HydrateOrDie/test/domain/use_cases/avatar/update_avatar_state_use_case_test.dart: UpdateAvatarStateUseCase Story 1.7 - Transition Dead → Ghost (AC #2) AC #2 - Dead sans deathTime reste dead (edge case)
[UpdateAvatarState] État inchangé: AvatarState.dead (7min depuis dernier verre)
00:39 +335: C:/Users/hhhh/Desktop/Claude/HydrateOrDie/test/domain/use_cases/avatar/update_avatar_state_use_case_test.dart: UpdateAvatarStateUseCase Constantes de seuil Constantes définies correctement selon AC #2
00:39 +336: C:/Users/hhhh/Desktop/Claude/HydrateOrDie/test/domain/use_cases/avatar/update_avatar_state_use_case_test.dart: UpdateAvatarStateUseCase Constantes de seuil Story 1.7 - Constante kDeadToGhostDelay définie
00:39 +337: loading C:/Users/hhhh/Desktop/Claude/HydrateOrDie/test/domain/use_cases/hydration/record_hydration_use_case_test.dart
00:41 +337: C:/Users/hhhh/Desktop/Claude/HydrateOrDie/test/domain/use_cases/hydration/record_hydration_use_case_test.dart: RecordHydrationUseCase AC1: Crée un HydrationLog avec photoPath, glassSize, validated=true
[RecordHydration] Création log: 21820e3c-7e82-448c-8f14-ae7a736768a6 (Verre moyen (250ml))
[RecordHydration] Log sauvegardé avec succès
[RecordHydration] lastDrinkTime mis à jour: 2026-01-26 11:36:26.059935
[RecordHydration] État avatar recalculé: AvatarState.fresh
[RecordHydration] Volume total aujourd'hui: 0.5L
[RecordHydration] Progression: 20.0%
[RecordHydration] Analytics event loggé: hydration_validated (medium)
00:41 +338: C:/Users/hhhh/Desktop/Claude/HydrateOrDie/test/domain/use_cases/hydration/record_hydration_use_case_test.dart: RecordHydrationUseCase AC2: Sauvegarde le log via HydrationLogRepository.addLog()
[RecordHydration] Création log: 9bd0604a-0fb8-432e-a24b-634cfe30750c (Verre moyen (250ml))
[RecordHydration] Log sauvegardé avec succès
[RecordHydration] lastDrinkTime mis à jour: 2026-01-26 11:36:26.093995
[RecordHydration] État avatar recalculé: AvatarState.fresh
[RecordHydration] Volume total aujourd'hui: 0.5L
[RecordHydration] Progression: 20.0%
[RecordHydration] Analytics event loggé: hydration_validated (medium)
00:41 +339: C:/Users/hhhh/Desktop/Claude/HydrateOrDie/test/domain/use_cases/hydration/record_hydration_use_case_test.dart: RecordHydrationUseCase AC3: Met à jour lastDrinkTime via AvatarRepository.updateLastDrinkTime()
[RecordHydration] Création log: bf5cb989-1a96-48f0-84b3-cd8ab1d8bb4f (Verre moyen (250ml))
[RecordHydration] Log sauvegardé avec succès
[RecordHydration] lastDrinkTime mis à jour: 2026-01-26 11:36:26.107957
[RecordHydration] État avatar recalculé: AvatarState.fresh
[RecordHydration] Volume total aujourd'hui: 0.5L
[RecordHydration] Progression: 20.0%
[RecordHydration] Analytics event loggé: hydration_validated (medium)
00:41 +340: C:/Users/hhhh/Desktop/Claude/HydrateOrDie/test/domain/use_cases/hydration/record_hydration_use_case_test.dart: RecordHydrationUseCase AC4: Recalcule l'état avatar via UpdateAvatarStateUseCase.execute()
[RecordHydration] Création log: 7cd29aec-9d75-4f10-a7e5-2f0803050fcf (Verre moyen (250ml))
[RecordHydration] Log sauvegardé avec succès
[RecordHydration] lastDrinkTime mis à jour: 2026-01-26 11:36:26.115937
[RecordHydration] État avatar recalculé: AvatarState.fresh
[RecordHydration] Volume total aujourd'hui: 0.5L
[RecordHydration] Progression: 20.0%
[RecordHydration] Analytics event loggé: hydration_validated (medium)
00:41 +341: C:/Users/hhhh/Desktop/Claude/HydrateOrDie/test/domain/use_cases/hydration/record_hydration_use_case_test.dart: RecordHydrationUseCase AC5: Récupère volume total du jour via getTotalVolumeForDate(DateTime.now())
[RecordHydration] Création log: 17caa41a-49f2-459d-81c7-8ec5e4c9f6ee (Verre moyen (250ml))
[RecordHydration] Log sauvegardé avec succès
[RecordHydration] lastDrinkTime mis à jour: 2026-01-26 11:36:26.124942
[RecordHydration] État avatar recalculé: AvatarState.fresh
[RecordHydration] Volume total aujourd'hui: 1.5L
[RecordHydration] Progression: 60.0%
[RecordHydration] Analytics event loggé: hydration_validated (medium)
00:41 +342: C:/Users/hhhh/Desktop/Claude/HydrateOrDie/test/domain/use_cases/hydration/record_hydration_use_case_test.dart: RecordHydrationUseCase AC6: Calcule progression (volumeToday / dailyGoal) × 100%
[RecordHydration] Création log: 89167f55-a780-48ab-aa8a-21c4b7179a45 (Verre moyen (250ml))
[RecordHydration] Log sauvegardé avec succès
[RecordHydration] lastDrinkTime mis à jour: 2026-01-26 11:36:26.134883
[RecordHydration] État avatar recalculé: AvatarState.fresh
[RecordHydration] Volume total aujourd'hui: 1.25L
[RecordHydration] Progression: 50.0%
[RecordHydration] Analytics event loggé: hydration_validated (medium)
00:41 +343: C:/Users/hhhh/Desktop/Claude/HydrateOrDie/test/domain/use_cases/hydration/record_hydration_use_case_test.dart: RecordHydrationUseCase AC6: Plafonne la progression à 100% (1.0) si objectif dépassé
[RecordHydration] Création log: 9f8db59e-6576-4c17-8783-120decb4c23b (Verre moyen (250ml))
[RecordHydration] Log sauvegardé avec succès
[RecordHydration] lastDrinkTime mis à jour: 2026-01-26 11:36:26.143862
[RecordHydration] État avatar recalculé: AvatarState.fresh
[RecordHydration] Volume total aujourd'hui: 3.0L
[RecordHydration] Progression: 100.0%
[RecordHydration] Analytics event loggé: hydration_validated (medium)
00:41 +344: C:/Users/hhhh/Desktop/Claude/HydrateOrDie/test/domain/use_cases/hydration/record_hydration_use_case_test.dart: RecordHydrationUseCase AC7: Analytics event skip gracefully si Firebase indisponible
[RecordHydration] Création log: 2e14b1b1-0edf-4b6f-885b-7d5d5271473e (Verre moyen (250ml))
[RecordHydration] Log sauvegardé avec succès
[RecordHydration] lastDrinkTime mis à jour: 2026-01-26 11:36:26.153837
[RecordHydration] État avatar recalculé: AvatarState.fresh
[RecordHydration] Volume total aujourd'hui: 0.5L
00:41 +345: C:/Users/hhhh/Desktop/Claude/HydrateOrDie/test/domain/use_cases/hydration/record_hydration_use_case_test.dart: RecordHydrationUseCase AC7: Analytics event skip gracefully si Firebase indisponible
[RecordHydration] Progression: 20.0%
[RecordHydration] Analytics event loggé: hydration_validated (medium)
00:41 +345: C:/Users/hhhh/Desktop/Claude/HydrateOrDie/test/domain/use_cases/hydration/record_hydration_use_case_test.dart: RecordHydrationUseCase AC8: Séquence complète - save log → update avatar → recalcul progression
[RecordHydration] Création log: cca94e39-e696-4caf-8ba7-017f2e0cad82 (Verre moyen (250ml))
[RecordHydration] Log sauvegardé avec succès
[RecordHydration] lastDrinkTime mis à jour: 2026-01-26 11:36:26.161814
[RecordHydration] État avatar recalculé: AvatarState.fresh
[RecordHydration] Volume total aujourd'hui: 0.5L
[RecordHydration] Progression: 20.0%
[RecordHydration] Analytics event loggé: hydration_validated (medium)
00:41 +346: C:/Users/hhhh/Desktop/Claude/HydrateOrDie/test/domain/use_cases/hydration/record_hydration_use_case_test.dart: RecordHydrationUseCase Throw RecordHydrationException si addLog() échoue
[RecordHydration] Création log: 38e6b969-2b55-484c-a805-f119ee1ec638 (Verre moyen (250ml))
[RecordHydration] Erreur storage: DB error
00:41 +347: C:/Users/hhhh/Desktop/Claude/HydrateOrDie/test/domain/use_cases/hydration/record_hydration_use_case_test.dart: RecordHydrationUseCase Throw RecordHydrationException si updateLastDrinkTime() échoue
[RecordHydration] Création log: f7dc0ee5-56e4-494b-a4fe-5e0c6e08e280 (Verre moyen (250ml))
[RecordHydration] Log sauvegardé avec succès
[RecordHydration] Erreur storage avatar: Avatar DB error
00:41 +348: C:/Users/hhhh/Desktop/Claude/HydrateOrDie/test/domain/use_cases/hydration/record_hydration_use_case_test.dart: RecordHydrationUseCase Throw RecordHydrationException si profil utilisateur introuvable
[RecordHydration] Création log: bd064b75-c2fa-4237-b685-0c60fc0a9e1b (Verre moyen (250ml))
[RecordHydration] Log sauvegardé avec succès
[RecordHydration] lastDrinkTime mis à jour: 2026-01-26 11:36:26.190736
[RecordHydration] État avatar recalculé: AvatarState.fresh
[RecordHydration] Volume total aujourd'hui: 0.5L
[RecordHydration] Erreur inattendue: Profil utilisateur introuvable. L'onboarding doit être complété.
00:41 +349: C:/Users/hhhh/Desktop/Claude/HydrateOrDie/test/domain/use_cases/hydration/record_hydration_use_case_test.dart: RecordHydrationUseCase Edge case: Progression avec dailyGoal = 0 retourne 0%
[RecordHydration] Création log: 175f6ec6-c70a-4de4-adb5-e477bb192b5b (Verre moyen (250ml))
[RecordHydration] Log sauvegardé avec succès
[RecordHydration] lastDrinkTime mis à jour: 2026-01-26 11:36:26.201707
[RecordHydration] État avatar recalculé: AvatarState.fresh
[RecordHydration] Volume total aujourd'hui: 0.0L
[RecordHydration] Progression: 0.0%
[RecordHydration] Analytics event loggé: hydration_validated (medium)
00:41 +350: C:/Users/hhhh/Desktop/Claude/HydrateOrDie/test/domain/use_cases/hydration/record_hydration_use_case_test.dart: RecordHydrationUseCase RecordHydrationResult.isGoalAchieved retourne true si progression >= 1.0
[RecordHydration] Création log: 76d3241b-3808-4ba5-ae46-3b590adb1cc8 (Verre moyen (250ml))
[RecordHydration] Log sauvegardé avec succès
[RecordHydration] lastDrinkTime mis à jour: 2026-01-26 11:36:26.209686
[RecordHydration] État avatar recalculé: AvatarState.fresh
[RecordHydration] Volume total aujourd'hui: 2.5L
[RecordHydration] Progression: 100.0%
[RecordHydration] Analytics event loggé: hydration_validated (medium)
00:41 +351: C:/Users/hhhh/Desktop/Claude/HydrateOrDie/test/domain/use_cases/hydration/record_hydration_use_case_test.dart: RecordHydrationUseCase Test avec différentes tailles de verre (small, medium, large)
[RecordHydration] Création log: 585be056-67ec-4cc1-81a2-5d30943049da (Petit verre (200ml))
[RecordHydration] Log sauvegardé avec succès
[RecordHydration] lastDrinkTime mis à jour: 2026-01-26 11:36:26.219659
[RecordHydration] État avatar recalculé: AvatarState.fresh
[RecordHydration] Volume total aujourd'hui: 0.5L
[RecordHydration] Progression: 20.0%
[RecordHydration] Analytics event loggé: hydration_validated (small)
[RecordHydration] Création log: c7746dd1-dc51-4d94-981b-b645a2c53cd4 (Verre moyen (250ml))
[RecordHydration] Log sauvegardé avec succès
[RecordHydration] lastDrinkTime mis à jour: 2026-01-26 11:36:26.221656
[RecordHydration] État avatar recalculé: AvatarState.fresh
[RecordHydration] Volume total aujourd'hui: 0.5L
[RecordHydration] Progression: 20.0%
[RecordHydration] Analytics event loggé: hydration_validated (medium)
[RecordHydration] Création log: d5e098fa-f882-4658-ba65-0d66a128a104 (Grand verre (400ml))
[RecordHydration] Log sauvegardé avec succès
[RecordHydration] lastDrinkTime mis à jour: 2026-01-26 11:36:26.222653
[RecordHydration] État avatar recalculé: AvatarState.fresh
[RecordHydration] Volume total aujourd'hui: 0.5L
[RecordHydration] Progression: 20.0%
[RecordHydration] Analytics event loggé: hydration_validated (large)
00:41 +352: loading C:/Users/hhhh/Desktop/Claude/HydrateOrDie/test/domain/use_cases/photo/capture_photo_use_case_test.dart
00:43 +352: C:/Users/hhhh/Desktop/Claude/HydrateOrDie/test/domain/use_cases/photo/capture_photo_use_case_test.dart: CapturePhotoUseCase _generateFileName devrait générer un nom de fichier avec le format correct
00:43 +353: C:/Users/hhhh/Desktop/Claude/HydrateOrDie/test/domain/use_cases/photo/capture_photo_use_case_test.dart: CapturePhotoUseCase _generateFileName devrait utiliser le format yyyyMMdd_HHmmss exact
00:43 +354: C:/Users/hhhh/Desktop/Claude/HydrateOrDie/test/domain/use_cases/photo/capture_photo_use_case_test.dart: CapturePhotoUseCase _generateFileName devrait toujours avoir l'extension .jpg
00:43 +355: C:/Users/hhhh/Desktop/Claude/HydrateOrDie/test/domain/use_cases/photo/capture_photo_use_case_test.dart: CapturePhotoUseCase _generateFileName devrait toujours commencer par "hydration_"
00:43 +356: C:/Users/hhhh/Desktop/Claude/HydrateOrDie/test/domain/use_cases/photo/capture_photo_use_case_test.dart: CapturePhotoUseCase _generateFileName devrait avoir exactement un underscore entre date et heure
00:43 +357: C:/Users/hhhh/Desktop/Claude/HydrateOrDie/test/domain/use_cases/photo/capture_photo_use_case_test.dart: CapturePhotoUseCase Compression Quality devrait utiliser quality parameter = 80
00:43 +358: C:/Users/hhhh/Desktop/Claude/HydrateOrDie/test/domain/use_cases/photo/capture_photo_use_case_test.dart: CapturePhotoUseCase Compression Quality quality parameter devrait être entre 0 et 100
00:43 +359: C:/Users/hhhh/Desktop/Claude/HydrateOrDie/test/domain/use_cases/photo/capture_photo_use_case_test.dart: CapturePhotoUseCase Exception Handling CapturePhotoException devrait contenir un message user-friendly
00:43 +360: C:/Users/hhhh/Desktop/Claude/HydrateOrDie/test/domain/use_cases/photo/capture_photo_use_case_test.dart: CapturePhotoUseCase Exception Handling CapturePhotoException devrait pouvoir contenir une exception originale
00:43 +361: C:/Users/hhhh/Desktop/Claude/HydrateOrDie/test/domain/use_cases/photo/capture_photo_use_case_test.dart: CapturePhotoUseCase File Path Generation devrait générer un chemin valide avec nom de fichier correct
00:43 +362: C:/Users/hhhh/Desktop/Claude/HydrateOrDie/test/domain/use_cases/photo/capture_photo_use_case_test.dart: CapturePhotoUseCase File Path Generation devrait utiliser le séparateur de chemin correct
00:43 +363: C:/Users/hhhh/Desktop/Claude/HydrateOrDie/test/domain/use_cases/photo/capture_photo_use_case_test.dart: CapturePhotoUseCase Error Messages message d'erreur storage plein devrait être user-friendly
00:43 +364: loading C:/Users/hhhh/Desktop/Claude/HydrateOrDie/test/domain/use_cases/user/calculate_hydration_goal_use_case_test.dart
00:44 +364: C:/Users/hhhh/Desktop/Claude/HydrateOrDie/test/domain/use_cases/user/calculate_hydration_goal_use_case_test.dart: CalculateHydrationGoalUseCase Base calculation should calculate correct goal for 75kg male 30 years sedentary
00:44 +365: C:/Users/hhhh/Desktop/Claude/HydrateOrDie/test/domain/use_cases/user/calculate_hydration_goal_use_case_test.dart: CalculateHydrationGoalUseCase Base calculation should round result to nearest 0.1 liter
00:44 +366: C:/Users/hhhh/Desktop/Claude/HydrateOrDie/test/domain/use_cases/user/calculate_hydration_goal_use_case_test.dart: CalculateHydrationGoalUseCase Activity level multipliers should apply sedentary multiplier (1.0)
00:44 +367: C:/Users/hhhh/Desktop/Claude/HydrateOrDie/test/domain/use_cases/user/calculate_hydration_goal_use_case_test.dart: CalculateHydrationGoalUseCase Activity level multipliers should apply light activity multiplier (1.1)
00:44 +368: C:/Users/hhhh/Desktop/Claude/HydrateOrDie/test/domain/use_cases/user/calculate_hydration_goal_use_case_test.dart: CalculateHydrationGoalUseCase Activity level multipliers should apply moderate activity multiplier (1.2)
00:44 +369: C:/Users/hhhh/Desktop/Claude/HydrateOrDie/test/domain/use_cases/user/calculate_hydration_goal_use_case_test.dart: CalculateHydrationGoalUseCase Activity level multipliers should apply very active multiplier (1.3)
00:44 +370: C:/Users/hhhh/Desktop/Claude/HydrateOrDie/test/domain/use_cases/user/calculate_hydration_goal_use_case_test.dart: CalculateHydrationGoalUseCase Activity level multipliers should apply extremely active multiplier (1.5)
00:44 +371: C:/Users/hhhh/Desktop/Claude/HydrateOrDie/test/domain/use_cases/user/calculate_hydration_goal_use_case_test.dart: CalculateHydrationGoalUseCase Gender multipliers should apply male multiplier (1.0)
00:44 +372: C:/Users/hhhh/Desktop/Claude/HydrateOrDie/test/domain/use_cases/user/calculate_hydration_goal_use_case_test.dart: CalculateHydrationGoalUseCase Gender multipliers should apply female multiplier (0.95)
00:44 +373: C:/Users/hhhh/Desktop/Claude/HydrateOrDie/test/domain/use_cases/user/calculate_hydration_goal_use_case_test.dart: CalculateHydrationGoalUseCase Gender multipliers should apply other gender multiplier (1.0)
00:44 +374: C:/Users/hhhh/Desktop/Claude/HydrateOrDie/test/domain/use_cases/user/calculate_hydration_goal_use_case_test.dart: CalculateHydrationGoalUseCase Age multipliers should apply under 30 multiplier (1.0)
00:44 +375: C:/Users/hhhh/Desktop/Claude/HydrateOrDie/test/domain/use_cases/user/calculate_hydration_goal_use_case_test.dart: CalculateHydrationGoalUseCase Age multipliers should apply 30-55 age multiplier (0.95)
00:44 +376: C:/Users/hhhh/Desktop/Claude/HydrateOrDie/test/domain/use_cases/user/calculate_hydration_goal_use_case_test.dart: CalculateHydrationGoalUseCase Age multipliers should apply over 55 multiplier (0.9)
00:44 +377: C:/Users/hhhh/Desktop/Claude/HydrateOrDie/test/domain/use_cases/user/calculate_hydration_goal_use_case_test.dart: CalculateHydrationGoalUseCase Age multipliers should handle edge age 30 (first day of 30-55 range)
00:44 +378: C:/Users/hhhh/Desktop/Claude/HydrateOrDie/test/domain/use_cases/user/calculate_hydration_goal_use_case_test.dart: CalculateHydrationGoalUseCase Age multipliers should handle edge age 55 (last day of 30-55 range)
00:44 +379: C:/Users/hhhh/Desktop/Claude/HydrateOrDie/test/domain/use_cases/user/calculate_hydration_goal_use_case_test.dart: CalculateHydrationGoalUseCase Age multipliers should handle edge age 56 (first day of >55 range)
00:44 +380: C:/Users/hhhh/Desktop/Claude/HydrateOrDie/test/domain/use_cases/user/calculate_hydration_goal_use_case_test.dart: CalculateHydrationGoalUseCase Safety bounds should enforce minimum goal of 1.5L
00:44 +381: C:/Users/hhhh/Desktop/Claude/HydrateOrDie/test/domain/use_cases/user/calculate_hydration_goal_use_case_test.dart: CalculateHydrationGoalUseCase Safety bounds should enforce maximum goal of 5.0L
00:44 +382: C:/Users/hhhh/Desktop/Claude/HydrateOrDie/test/domain/use_cases/user/calculate_hydration_goal_use_case_test.dart: CalculateHydrationGoalUseCase Safety bounds should not clamp values within bounds
00:44 +383: C:/Users/hhhh/Desktop/Claude/HydrateOrDie/test/domain/use_cases/user/calculate_hydration_goal_use_case_test.dart: CalculateHydrationGoalUseCase Edge cases - extreme weights should handle very light weight (30kg)
00:44 +384: C:/Users/hhhh/Desktop/Claude/HydrateOrDie/test/domain/use_cases/user/calculate_hydration_goal_use_case_test.dart: CalculateHydrationGoalUseCase Edge cases - extreme weights should handle heavy weight (100kg)
00:44 +385: C:/Users/hhhh/Desktop/Claude/HydrateOrDie/test/domain/use_cases/user/calculate_hydration_goal_use_case_test.dart: CalculateHydrationGoalUseCase Edge cases - extreme weights should handle very heavy weight (150kg)
00:44 +386: C:/Users/hhhh/Desktop/Claude/HydrateOrDie/test/domain/use_cases/user/calculate_hydration_goal_use_case_test.dart: CalculateHydrationGoalUseCase Edge cases - extreme ages should handle young age (15 years)
00:44 +387: C:/Users/hhhh/Desktop/Claude/HydrateOrDie/test/domain/use_cases/user/calculate_hydration_goal_use_case_test.dart: CalculateHydrationGoalUseCase Edge cases - extreme ages should handle elderly age (80 years)
00:44 +388: C:/Users/hhhh/Desktop/Claude/HydrateOrDie/test/domain/use_cases/user/calculate_hydration_goal_use_case_test.dart: CalculateHydrationGoalUseCase Complex scenarios - multiple adjustments should correctly combine all adjustments - young active male
00:44 +389: C:/Users/hhhh/Desktop/Claude/HydrateOrDie/test/domain/use_cases/user/calculate_hydration_goal_use_case_test.dart: CalculateHydrationGoalUseCase Complex scenarios - multiple adjustments should correctly combine all adjustments - older female moderate
00:44 +390: C:/Users/hhhh/Desktop/Claude/HydrateOrDie/test/domain/use_cases/user/calculate_hydration_goal_use_case_test.dart: CalculateHydrationGoalUseCase Complex scenarios - multiple adjustments should correctly combine all adjustments - middle-aged other extreme activity
00:44 +391: C:/Users/hhhh/Desktop/Claude/HydrateOrDie/test/domain/use_cases/user/calculate_hydration_goal_use_case_test.dart: CalculateHydrationGoalUseCase Rounding precision should round 2.34 to 2.3L
00:44 +392: C:/Users/hhhh/Desktop/Claude/HydrateOrDie/test/domain/use_cases/user/calculate_hydration_goal_use_case_test.dart: CalculateHydrationGoalUseCase Rounding precision should round 2.36 to 2.4L
00:44 +393: C:/Users/hhhh/Desktop/Claude/HydrateOrDie/test/domain/use_cases/user/calculate_hydration_goal_use_case_test.dart: CalculateHydrationGoalUseCase Rounding precision should round 2.45 to 2.5L (round half up)
00:44 +394: loading C:/Users/hhhh/Desktop/Claude/HydrateOrDie/test/integration/photo_storage_integration_test.dart
00:46 +394: C:/Users/hhhh/Desktop/Claude/HydrateOrDie/test/integration/photo_storage_integration_test.dart: Photo Storage Integration Tests devrait créer et lire un fichier photo avec succès
00:46 +395: C:/Users/hhhh/Desktop/Claude/HydrateOrDie/test/integration/photo_storage_integration_test.dart: Photo Storage Integration Tests devrait créer le répertoire photos s'il n'existe pas
00:46 +396: C:/Users/hhhh/Desktop/Claude/HydrateOrDie/test/integration/photo_storage_integration_test.dart: Photo Storage Integration Tests devrait sauvegarder plusieurs photos successivement
00:49 +397: C:/Users/hhhh/Desktop/Claude/HydrateOrDie/test/integration/photo_storage_integration_test.dart: Photo Storage Integration Tests devrait gérer l'erreur si espace de stockage insuffisant
00:49 +398: C:/Users/hhhh/Desktop/Claude/HydrateOrDie/test/integration/photo_storage_integration_test.dart: Photo Cleanup Integration Tests deleteOldPhotos devrait s'exécuter sans crasher
00:49 +399: loading C:/Users/hhhh/Desktop/Claude/HydrateOrDie/test/integration/record_hydration_integration_test.dart
00:50 +399: C:/Users/hhhh/Desktop/Claude/HydrateOrDie/test/integration/record_hydration_integration_test.dart: (setUpAll)
00:50 +399: C:/Users/hhhh/Desktop/Claude/HydrateOrDie/test/integration/record_hydration_integration_test.dart: RecordHydrationUseCase - Integration Tests (AC9) AC9: Flow end-to-end avec persistence réelle SQLite
[RecordHydration] Création log: 5be8f17a-2686-498d-a726-6448aff15260 (Verre moyen (250ml))
[RecordHydration] Log sauvegardé avec succès
[RecordHydration] lastDrinkTime mis à jour: 2026-01-26 11:36:35.690561
[RecordHydration] État avatar recalculé: AvatarState.fresh
[RecordHydration] Volume total aujourd'hui: 0.25L
[RecordHydration] Progression: 10.0%
[RecordHydration] Analytics event loggé: hydration_validated (medium)
[RecordHydration] Création log: 38911dea-cf3f-401b-b549-03603e9107c7 (Grand verre (400ml))
[RecordHydration] Log sauvegardé avec succès
[RecordHydration] lastDrinkTime mis à jour: 2026-01-26 11:36:35.849448
[RecordHydration] État avatar recalculé: AvatarState.fresh
[RecordHydration] Volume total aujourd'hui: 0.65L
[RecordHydration] Progression: 26.0%
[RecordHydration] Analytics event loggé: hydration_validated (large)
[RecordHydration] Création log: 2322bde5-5ede-4fc2-9f20-b812d66dee54 (Grand verre (400ml))
[RecordHydration] Log sauvegardé avec succès
[RecordHydration] lastDrinkTime mis à jour: 2026-01-26 11:36:35.886350
[RecordHydration] État avatar recalculé: AvatarState.fresh
[RecordHydration] Volume total aujourd'hui: 1.05L
[RecordHydration] Progression: 42.0%
[RecordHydration] Analytics event loggé: hydration_validated (large)
[RecordHydration] Création log: 0269c707-4a25-4cea-9d99-7bd6569d00f3 (Grand verre (400ml))
[RecordHydration] Log sauvegardé avec succès
[RecordHydration] lastDrinkTime mis à jour: 2026-01-26 11:36:35.905300
[RecordHydration] État avatar recalculé: AvatarState.fresh
[RecordHydration] Volume total aujourd'hui: 1.4500000000000002L
[RecordHydration] Progression: 58.0%
[RecordHydration] Analytics event loggé: hydration_validated (large)
[RecordHydration] Création log: 727ef845-9dae-4e89-94d1-1cb7a0af1a3a (Grand verre (400ml))
[RecordHydration] Log sauvegardé avec succès
[RecordHydration] lastDrinkTime mis à jour: 2026-01-26 11:36:35.923250
[RecordHydration] État avatar recalculé: AvatarState.fresh
[RecordHydration] Volume total aujourd'hui: 1.85L
[RecordHydration] Progression: 74.0%
[RecordHydration] Analytics event loggé: hydration_validated (large)
[RecordHydration] Création log: 55d2490e-0c66-4baa-be1c-9ed0b2836b12 (Grand verre (400ml))
[RecordHydration] Log sauvegardé avec succès
[RecordHydration] lastDrinkTime mis à jour: 2026-01-26 11:36:35.940206
[RecordHydration] État avatar recalculé: AvatarState.fresh
[RecordHydration] Volume total aujourd'hui: 2.25L
[RecordHydration] Progression: 90.0%
[RecordHydration] Analytics event loggé: hydration_validated (large)
[RecordHydration] Création log: b16c3be5-98d5-4d63-bfad-5aeaf65fa387 (Grand verre (400ml))
[RecordHydration] Log sauvegardé avec succès
[RecordHydration] lastDrinkTime mis à jour: 2026-01-26 11:36:35.962148
[RecordHydration] État avatar recalculé: AvatarState.fresh
[RecordHydration] Volume total aujourd'hui: 2.6500000000000004L
[RecordHydration] Progression: 100.0%
[RecordHydration] Analytics event loggé: hydration_validated (large)
[RecordHydration] Création log: f0f46fc1-cce3-409d-9f41-79532b927809 (Petit verre (200ml))
[RecordHydration] Log sauvegardé avec succès
[RecordHydration] lastDrinkTime mis à jour: 2026-01-26 11:36:35.983092
[RecordHydration] État avatar recalculé: AvatarState.fresh
[RecordHydration] Volume total aujourd'hui: 2.85L
[RecordHydration] Progression: 100.0%
[RecordHydration] Analytics event loggé: hydration_validated (small)
00:51 +400: C:/Users/hhhh/Desktop/Claude/HydrateOrDie/test/integration/record_hydration_integration_test.dart: RecordHydrationUseCase - Integration Tests (AC9) Integration: Multiple logs sur plusieurs jours (SQLite)
[RecordHydration] Création log: d06e930b-0c37-4a95-aaf2-7037df8c0057 (Grand verre (400ml))
[RecordHydration] Log sauvegardé avec succès
[RecordHydration] lastDrinkTime mis à jour: 2026-01-26 11:36:36.100774
[RecordHydration] État avatar recalculé: AvatarState.fresh
[RecordHydration] Volume total aujourd'hui: 0.4L
[RecordHydration] Progression: 16.0%
[RecordHydration] Analytics event loggé: hydration_validated (large)
00:51 +401: C:/Users/hhhh/Desktop/Claude/HydrateOrDie/test/integration/record_hydration_integration_test.dart: RecordHydrationUseCase - Integration Tests (AC9) Integration: Vérifier séquence des appels aux dépendances
[RecordHydration] Création log: 809bd879-5adf-484d-9ff2-7d179f8a40fe (Verre moyen (250ml))
[RecordHydration] Log sauvegardé avec succès
[RecordHydration] lastDrinkTime mis à jour: 2026-01-26 11:36:36.168593
[RecordHydration] État avatar recalculé: AvatarState.fresh
[RecordHydration] Volume total aujourd'hui: 0.25L
[RecordHydration] Progression: 10.0%
[RecordHydration] Analytics event loggé: hydration_validated (medium)
00:51 +402: C:/Users/hhhh/Desktop/Claude/HydrateOrDie/test/integration/record_hydration_integration_test.dart: RecordHydrationUseCase - Integration Tests (AC9) Integration: Throw exception si profil utilisateur manquant
[RecordHydration] Création log: ec603964-5cf7-4288-9759-53fe7ee7dee2 (Verre moyen (250ml))
[RecordHydration] Log sauvegardé avec succès
[RecordHydration] lastDrinkTime mis à jour: 2026-01-26 11:36:36.233647
[RecordHydration] État avatar recalculé: AvatarState.fresh
[RecordHydration] Volume total aujourd'hui: 0.25L
[RecordHydration] Erreur inattendue: Profil utilisateur introuvable. L'onboarding doit être complété.
00:51 +403: C:/Users/hhhh/Desktop/Claude/HydrateOrDie/test/integration/record_hydration_integration_test.dart: (tearDownAll)
00:51 +403: loading C:/Users/hhhh/Desktop/Claude/HydrateOrDie/test/presentation/providers/avatar_asset_provider_test.dart
00:53 +403: C:/Users/hhhh/Desktop/Claude/HydrateOrDie/test/presentation/providers/avatar_asset_provider_test.dart: AvatarAssetProvider getEmojiAsset() should return correct emoji for authoritarianMother fresh
00:53 +404: C:/Users/hhhh/Desktop/Claude/HydrateOrDie/test/presentation/providers/avatar_asset_provider_test.dart: AvatarAssetProvider getEmojiAsset() should return correct emoji for sportsCoach tired
00:53 +405: C:/Users/hhhh/Desktop/Claude/HydrateOrDie/test/presentation/providers/avatar_asset_provider_test.dart: AvatarAssetProvider getEmojiAsset() should return correct emoji for doctor dehydrated
00:53 +406: C:/Users/hhhh/Desktop/Claude/HydrateOrDie/test/presentation/providers/avatar_asset_provider_test.dart: AvatarAssetProvider getEmojiAsset() should return correct emoji for sarcasticFriend dead
00:53 +407: C:/Users/hhhh/Desktop/Claude/HydrateOrDie/test/presentation/providers/avatar_asset_provider_test.dart: AvatarAssetProvider getEmojiAsset() should return ghost emoji for any personality in ghost state
00:53 +408: C:/Users/hhhh/Desktop/Claude/HydrateOrDie/test/presentation/providers/avatar_asset_provider_test.dart: AvatarAssetProvider getEmojiAsset() should return emoji for all 20 combinations
00:53 +409: C:/Users/hhhh/Desktop/Claude/HydrateOrDie/test/presentation/providers/avatar_asset_provider_test.dart: AvatarAssetProvider getAssetPath() should return correct path for doctor fresh
00:53 +410: C:/Users/hhhh/Desktop/Claude/HydrateOrDie/test/presentation/providers/avatar_asset_provider_test.dart: AvatarAssetProvider getAssetPath() should return correct path for sportsCoach ghost
00:53 +411: C:/Users/hhhh/Desktop/Claude/HydrateOrDie/test/presentation/providers/avatar_asset_provider_test.dart: AvatarAssetProvider getAssetPath() should return correct path for authoritarianMother dehydrated
00:53 +412: C:/Users/hhhh/Desktop/Claude/HydrateOrDie/test/presentation/providers/avatar_asset_provider_test.dart: AvatarAssetProvider getAssetPath() should return correct path for sarcasticFriend tired
00:53 +413: C:/Users/hhhh/Desktop/Claude/HydrateOrDie/test/presentation/providers/avatar_asset_provider_test.dart: AvatarAssetProvider getAssetPath() should follow naming convention for all combinations
00:53 +414: C:/Users/hhhh/Desktop/Claude/HydrateOrDie/test/presentation/providers/avatar_asset_provider_test.dart: AvatarAssetProvider validateAllAssetsExist() should return true when all 20 assets are mapped
00:53 +415: C:/Users/hhhh/Desktop/Claude/HydrateOrDie/test/presentation/providers/avatar_asset_provider_test.dart: AvatarAssetProvider validateAllAssetsExist() should validate all personalities have all states
00:53 +416: C:/Users/hhhh/Desktop/Claude/HydrateOrDie/test/presentation/providers/avatar_asset_provider_test.dart: AvatarAssetProvider totalAssetCount should return 20 (4 personalities × 5 states)
00:53 +417: C:/Users/hhhh/Desktop/Claude/HydrateOrDie/test/presentation/providers/avatar_asset_provider_test.dart: AvatarAssetProvider Edge cases getEmojiAsset should handle all personality/state combinations
00:53 +418: C:/Users/hhhh/Desktop/Claude/HydrateOrDie/test/presentation/providers/avatar_asset_provider_test.dart: AvatarAssetProvider Edge cases should have unique emojis for each personality (except ghost)
00:53 +419: C:/Users/hhhh/Desktop/Claude/HydrateOrDie/test/presentation/providers/avatar_asset_provider_test.dart: AvatarAssetProvider Edge cases ghost state should use same emoji for all personalities
00:53 +420: C:/Users/hhhh/Desktop/Claude/HydrateOrDie/test/presentation/providers/avatar_asset_provider_test.dart: AvatarAssetProvider Asset path structure should maintain consistent directory structure
00:53 +421: loading C:/Users/hhhh/Desktop/Claude/HydrateOrDie/test/presentation/providers/home_provider_test.dart
00:55 +421: C:/Users/hhhh/Desktop/Claude/HydrateOrDie/test/presentation/providers/home_provider_test.dart: HomeProvider should initialize with default state
[HomeProvider] Auto-refresh timer started (60s interval)
00:55 +422: C:/Users/hhhh/Desktop/Claude/HydrateOrDie/test/presentation/providers/home_provider_test.dart: HomeProvider should load avatar data on init (AC #1, #2, #4)
[HomeProvider] Auto-refresh timer started (60s interval)
00:55 +423: C:/Users/hhhh/Desktop/Claude/HydrateOrDie/test/presentation/providers/home_provider_test.dart: HomeProvider should use default personality when avatar is null
[HomeProvider] Auto-refresh timer started (60s interval)
00:55 +424: C:/Users/hhhh/Desktop/Claude/HydrateOrDie/test/presentation/providers/home_provider_test.dart: HomeProvider should refresh state correctly (AC #2)
[HomeProvider] Auto-refresh timer started (60s interval)
00:55 +425: C:/Users/hhhh/Desktop/Claude/HydrateOrDie/test/presentation/providers/home_provider_test.dart: HomeProvider should handle different personality types (AC #3)
[HomeProvider] Auto-refresh timer started (60s interval)
[HomeProvider] Auto-refresh timer started (60s interval)
[HomeProvider] Auto-refresh timer started (60s interval)
[HomeProvider] Auto-refresh timer started (60s interval)
00:55 +426: C:/Users/hhhh/Desktop/Claude/HydrateOrDie/test/presentation/providers/home_provider_test.dart: HomeProvider should handle different avatar states (AC #2)
[HomeProvider] Auto-refresh timer started (60s interval)
[HomeProvider] Auto-refresh timer started (60s interval)
[HomeProvider] Auto-refresh timer started (60s interval)
[HomeProvider] Auto-refresh timer started (60s interval)
[HomeProvider] Auto-refresh timer started (60s interval)
00:56 +427: C:/Users/hhhh/Desktop/Claude/HydrateOrDie/test/presentation/providers/home_provider_test.dart: HomeProvider should handle null lastDrinkTime (AC #4)
[HomeProvider] Auto-refresh timer started (60s interval)
00:56 +428: C:/Users/hhhh/Desktop/Claude/HydrateOrDie/test/presentation/providers/home_provider_test.dart: HomeProvider should handle errors gracefully
[HomeProvider] Error refreshing state: Exception: Test error
[HomeProvider] Auto-refresh timer started (60s interval)
00:56 +429: C:/Users/hhhh/Desktop/Claude/HydrateOrDie/test/presentation/providers/home_provider_test.dart: HomeProvider should call updateAvatarStateUseCase on refresh
[HomeProvider] Auto-refresh timer started (60s interval)
00:56 +430: C:/Users/hhhh/Desktop/Claude/HydrateOrDie/test/presentation/providers/home_provider_test.dart: HomeState should create state with required fields
00:56 +431: C:/Users/hhhh/Desktop/Claude/HydrateOrDie/test/presentation/providers/home_provider_test.dart: HomeState should copyWith correctly
00:56 +432: loading C:/Users/hhhh/Desktop/Claude/HydrateOrDie/test/presentation/providers/onboarding_provider_test.dart
00:58 +432: C:/Users/hhhh/Desktop/Claude/HydrateOrDie/test/presentation/providers/onboarding_provider_test.dart: OnboardingNotifier should initialize with default state
00:58 +433: C:/Users/hhhh/Desktop/Claude/HydrateOrDie/test/presentation/providers/onboarding_provider_test.dart: OnboardingNotifier updateWeight should update weight with valid value (50kg)
00:58 +434: C:/Users/hhhh/Desktop/Claude/HydrateOrDie/test/presentation/providers/onboarding_provider_test.dart: OnboardingNotifier updateWeight should update weight with min valid value (30kg)
00:58 +435: C:/Users/hhhh/Desktop/Claude/HydrateOrDie/test/presentation/providers/onboarding_provider_test.dart: OnboardingNotifier updateWeight should update weight with max valid value (300kg)
00:58 +436: C:/Users/hhhh/Desktop/Claude/HydrateOrDie/test/presentation/providers/onboarding_provider_test.dart: OnboardingNotifier updateWeight should set error when weight is below min (29kg)
00:58 +437: C:/Users/hhhh/Desktop/Claude/HydrateOrDie/test/presentation/providers/onboarding_provider_test.dart: OnboardingNotifier updateWeight should set error when weight is above max (301kg)
00:58 +438: C:/Users/hhhh/Desktop/Claude/HydrateOrDie/test/presentation/providers/onboarding_provider_test.dart: OnboardingNotifier updateAge should update age with valid value (25)
00:58 +439: C:/Users/hhhh/Desktop/Claude/HydrateOrDie/test/presentation/providers/onboarding_provider_test.dart: OnboardingNotifier updateAge should update age with min valid value (10)
00:58 +440: C:/Users/hhhh/Desktop/Claude/HydrateOrDie/test/presentation/providers/onboarding_provider_test.dart: OnboardingNotifier updateAge should update age with max valid value (120)
00:58 +441: C:/Users/hhhh/Desktop/Claude/HydrateOrDie/test/presentation/providers/onboarding_provider_test.dart: OnboardingNotifier updateAge should set error when age is below min (9)
00:58 +442: C:/Users/hhhh/Desktop/Claude/HydrateOrDie/test/presentation/providers/onboarding_provider_test.dart: OnboardingNotifier updateAge should set error when age is above max (121)
00:58 +443: C:/Users/hhhh/Desktop/Claude/HydrateOrDie/test/presentation/providers/onboarding_provider_test.dart: OnboardingNotifier updateGender should update gender to male
00:58 +444: C:/Users/hhhh/Desktop/Claude/HydrateOrDie/test/presentation/providers/onboarding_provider_test.dart: OnboardingNotifier updateGender should update gender to female
00:58 +445: C:/Users/hhhh/Desktop/Claude/HydrateOrDie/test/presentation/providers/onboarding_provider_test.dart: OnboardingNotifier updateGender should update gender to other
00:58 +446: C:/Users/hhhh/Desktop/Claude/HydrateOrDie/test/presentation/providers/onboarding_provider_test.dart: OnboardingNotifier updateActivityLevel should update activity level to sedentary
00:58 +447: C:/Users/hhhh/Desktop/Claude/HydrateOrDie/test/presentation/providers/onboarding_provider_test.dart: OnboardingNotifier updateActivityLevel should update activity level to light
00:58 +448: C:/Users/hhhh/Desktop/Claude/HydrateOrDie/test/presentation/providers/onboarding_provider_test.dart: OnboardingNotifier updateActivityLevel should update activity level to moderate
00:58 +449: C:/Users/hhhh/Desktop/Claude/HydrateOrDie/test/presentation/providers/onboarding_provider_test.dart: OnboardingNotifier updateActivityLevel should update activity level to veryActive
00:58 +450: C:/Users/hhhh/Desktop/Claude/HydrateOrDie/test/presentation/providers/onboarding_provider_test.dart: OnboardingNotifier updateActivityLevel should update activity level to extremelyActive
00:58 +451: C:/Users/hhhh/Desktop/Claude/HydrateOrDie/test/presentation/providers/onboarding_provider_test.dart: OnboardingNotifier updateLocation should update location
00:58 +452: C:/Users/hhhh/Desktop/Claude/HydrateOrDie/test/presentation/providers/onboarding_provider_test.dart: OnboardingNotifier updateLocation should allow null location (optional field)
00:58 +453: C:/Users/hhhh/Desktop/Claude/HydrateOrDie/test/presentation/providers/onboarding_provider_test.dart: OnboardingNotifier Step Navigation nextStep should increment currentStep
00:58 +454: C:/Users/hhhh/Desktop/Claude/HydrateOrDie/test/presentation/providers/onboarding_provider_test.dart: OnboardingNotifier Step Navigation nextStep should not exceed step 5
00:58 +454 -1: C:/Users/hhhh/Desktop/Claude/HydrateOrDie/test/presentation/providers/onboarding_provider_test.dart: OnboardingNotifier Step Navigation nextStep should not exceed step 5 [E]
  Expected: <5>
    Actual: <6>
  
  package:matcher                                                  expect
  package:flutter_test/src/widget_tester.dart 473:18               expect
  test\presentation\providers\onboarding_provider_test.dart 250:9  main.<fn>.<fn>.<fn>
  
00:58 +454 -1: C:/Users/hhhh/Desktop/Claude/HydrateOrDie/test/presentation/providers/onboarding_provider_test.dart: OnboardingNotifier Step Navigation previousStep should decrement currentStep
00:58 +455 -1: C:/Users/hhhh/Desktop/Claude/HydrateOrDie/test/presentation/providers/onboarding_provider_test.dart: OnboardingNotifier Step Navigation previousStep should not go below step 1
00:58 +456 -1: C:/Users/hhhh/Desktop/Claude/HydrateOrDie/test/presentation/providers/onboarding_provider_test.dart: OnboardingNotifier Step Navigation skipStep should call nextStep for step 5 (location)
00:58 +457 -1: C:/Users/hhhh/Desktop/Claude/HydrateOrDie/test/presentation/providers/onboarding_provider_test.dart: OnboardingNotifier complete should complete onboarding when all required fields are filled
00:58 +457 -2: C:/Users/hhhh/Desktop/Claude/HydrateOrDie/test/presentation/providers/onboarding_provider_test.dart: OnboardingNotifier complete should complete onboarding when all required fields are filled [E]
  Expected: <true>
    Actual: <false>
  
  package:matcher                                                   expect
  package:flutter_test/src/widget_tester.dart 473:18                expect
  test\presentation\providers\onboarding_provider_test.dart 304:11  main.<fn>.<fn>.<fn>
  
00:58 +457 -2: C:/Users/hhhh/Desktop/Claude/HydrateOrDie/test/presentation/providers/onboarding_provider_test.dart: OnboardingNotifier complete should not complete when weight is missing
00:58 +458 -2: C:/Users/hhhh/Desktop/Claude/HydrateOrDie/test/presentation/providers/onboarding_provider_test.dart: OnboardingNotifier complete should not complete when age is missing
00:58 +459 -2: C:/Users/hhhh/Desktop/Claude/HydrateOrDie/test/presentation/providers/onboarding_provider_test.dart: OnboardingNotifier complete should not complete when gender is missing
00:58 +460 -2: C:/Users/hhhh/Desktop/Claude/HydrateOrDie/test/presentation/providers/onboarding_provider_test.dart: OnboardingNotifier complete should not complete when activity level is missing
00:58 +461 -2: C:/Users/hhhh/Desktop/Claude/HydrateOrDie/test/presentation/providers/onboarding_provider_test.dart: OnboardingNotifier complete should complete even when location is missing (optional)
00:58 +461 -3: C:/Users/hhhh/Desktop/Claude/HydrateOrDie/test/presentation/providers/onboarding_provider_test.dart: OnboardingNotifier complete should complete even when location is missing (optional) [E]
  Expected: <true>
    Actual: <false>
  
  package:matcher                                                  expect
  package:flutter_test/src/widget_tester.dart 473:18               expect
  test\presentation\providers\onboarding_provider_test.dart 394:9  main.<fn>.<fn>.<fn>
  
00:58 +461 -3: C:/Users/hhhh/Desktop/Claude/HydrateOrDie/test/presentation/providers/onboarding_provider_test.dart: OnboardingNotifier reset should reset state to initial values
00:58 +462 -3: C:/Users/hhhh/Desktop/Claude/HydrateOrDie/test/presentation/providers/onboarding_provider_test.dart: OnboardingNotifier clearError should clear error message
00:58 +463 -3: C:/Users/hhhh/Desktop/Claude/HydrateOrDie/test/presentation/providers/onboarding_provider_test.dart: OnboardingNotifier Multi-step Flow should handle complete onboarding flow
00:58 +463 -4: C:/Users/hhhh/Desktop/Claude/HydrateOrDie/test/presentation/providers/onboarding_provider_test.dart: OnboardingNotifier Multi-step Flow should handle complete onboarding flow [E]
  Expected: <true>
    Actual: <false>
  
  package:matcher                                                  expect
  package:flutter_test/src/widget_tester.dart 473:18               expect
  test\presentation\providers\onboarding_provider_test.dart 471:9  main.<fn>.<fn>.<fn>
  
00:58 +463 -4: C:/Users/hhhh/Desktop/Claude/HydrateOrDie/test/presentation/providers/onboarding_provider_test.dart: OnboardingNotifier Multi-step Flow should allow going back and changing values
00:58 +464 -4: loading C:/Users/hhhh/Desktop/Claude/HydrateOrDie/test/presentation/providers/onboarding_state_test.dart
01:00 +464 -4: C:/Users/hhhh/Desktop/Claude/HydrateOrDie/test/presentation/providers/onboarding_state_test.dart: OnboardingState should initialize with default values
01:00 +465 -4: C:/Users/hhhh/Desktop/Claude/HydrateOrDie/test/presentation/providers/onboarding_state_test.dart: OnboardingState should create state with all fields populated
01:00 +466 -4: C:/Users/hhhh/Desktop/Claude/HydrateOrDie/test/presentation/providers/onboarding_state_test.dart: OnboardingState should copy state with updated weight
01:00 +467 -4: C:/Users/hhhh/Desktop/Claude/HydrateOrDie/test/presentation/providers/onboarding_state_test.dart: OnboardingState should copy state with updated age
01:00 +468 -4: C:/Users/hhhh/Desktop/Claude/HydrateOrDie/test/presentation/providers/onboarding_state_test.dart: OnboardingState should copy state with updated gender
01:00 +469 -4: C:/Users/hhhh/Desktop/Claude/HydrateOrDie/test/presentation/providers/onboarding_state_test.dart: OnboardingState should copy state with updated activity level
01:00 +470 -4: C:/Users/hhhh/Desktop/Claude/HydrateOrDie/test/presentation/providers/onboarding_state_test.dart: OnboardingState should copy state with updated location
01:00 +471 -4: C:/Users/hhhh/Desktop/Claude/HydrateOrDie/test/presentation/providers/onboarding_state_test.dart: OnboardingState should copy state with updated currentStep
01:00 +472 -4: C:/Users/hhhh/Desktop/Claude/HydrateOrDie/test/presentation/providers/onboarding_state_test.dart: OnboardingState should copy state with updated isComplete
01:00 +473 -4: C:/Users/hhhh/Desktop/Claude/HydrateOrDie/test/presentation/providers/onboarding_state_test.dart: OnboardingState should copy state with error message
01:00 +474 -4: C:/Users/hhhh/Desktop/Claude/HydrateOrDie/test/presentation/providers/onboarding_state_test.dart: OnboardingState Validation Getters isWeightValid should return true for valid weight (50kg)
01:00 +475 -4: C:/Users/hhhh/Desktop/Claude/HydrateOrDie/test/presentation/providers/onboarding_state_test.dart: OnboardingState Validation Getters isWeightValid should return true for min weight (30kg)
01:00 +476 -4: C:/Users/hhhh/Desktop/Claude/HydrateOrDie/test/presentation/providers/onboarding_state_test.dart: OnboardingState Validation Getters isWeightValid should return true for max weight (300kg)
01:00 +477 -4: C:/Users/hhhh/Desktop/Claude/HydrateOrDie/test/presentation/providers/onboarding_state_test.dart: OnboardingState Validation Getters isWeightValid should return false for weight below min (29kg)
01:00 +478 -4: C:/Users/hhhh/Desktop/Claude/HydrateOrDie/test/presentation/providers/onboarding_state_test.dart: OnboardingState Validation Getters isWeightValid should return false for weight above max (301kg)
01:00 +479 -4: C:/Users/hhhh/Desktop/Claude/HydrateOrDie/test/presentation/providers/onboarding_state_test.dart: OnboardingState Validation Getters isWeightValid should return false when weight is null
01:00 +480 -4: C:/Users/hhhh/Desktop/Claude/HydrateOrDie/test/presentation/providers/onboarding_state_test.dart: OnboardingState Validation Getters isAgeValid should return true for valid age (25)
01:00 +481 -4: C:/Users/hhhh/Desktop/Claude/HydrateOrDie/test/presentation/providers/onboarding_state_test.dart: OnboardingState Validation Getters isAgeValid should return true for min age (10)
01:00 +482 -4: C:/Users/hhhh/Desktop/Claude/HydrateOrDie/test/presentation/providers/onboarding_state_test.dart: OnboardingState Validation Getters isAgeValid should return true for max age (120)
01:00 +483 -4: C:/Users/hhhh/Desktop/Claude/HydrateOrDie/test/presentation/providers/onboarding_state_test.dart: OnboardingState Validation Getters isAgeValid should return false for age below min (9)
01:00 +484 -4: C:/Users/hhhh/Desktop/Claude/HydrateOrDie/test/presentation/providers/onboarding_state_test.dart: OnboardingState Validation Getters isAgeValid should return false for age above max (121)
01:00 +485 -4: C:/Users/hhhh/Desktop/Claude/HydrateOrDie/test/presentation/providers/onboarding_state_test.dart: OnboardingState Validation Getters isAgeValid should return false when age is null
01:00 +486 -4: C:/Users/hhhh/Desktop/Claude/HydrateOrDie/test/presentation/providers/onboarding_state_test.dart: OnboardingState Validation Getters isGenderValid should return true when gender is set
01:00 +487 -4: C:/Users/hhhh/Desktop/Claude/HydrateOrDie/test/presentation/providers/onboarding_state_test.dart: OnboardingState Validation Getters isGenderValid should return false when gender is null
01:00 +488 -4: C:/Users/hhhh/Desktop/Claude/HydrateOrDie/test/presentation/providers/onboarding_state_test.dart: OnboardingState Validation Getters isActivityLevelValid should return true when activityLevel is set
01:00 +489 -4: C:/Users/hhhh/Desktop/Claude/HydrateOrDie/test/presentation/providers/onboarding_state_test.dart: OnboardingState Validation Getters isActivityLevelValid should return false when activityLevel is null
01:00 +490 -4: C:/Users/hhhh/Desktop/Claude/HydrateOrDie/test/presentation/providers/onboarding_state_test.dart: OnboardingState Validation Getters canComplete should return true when all required fields are valid
01:00 +490 -5: C:/Users/hhhh/Desktop/Claude/HydrateOrDie/test/presentation/providers/onboarding_state_test.dart: OnboardingState Validation Getters canComplete should return true when all required fields are valid [E]
  Expected: <true>
    Actual: <false>
  
  package:matcher                                                expect
  package:flutter_test/src/widget_tester.dart 473:18             expect
  test\presentation\providers\onboarding_state_test.dart 290:11  main.<fn>.<fn>.<fn>
  
01:00 +490 -5: C:/Users/hhhh/Desktop/Claude/HydrateOrDie/test/presentation/providers/onboarding_state_test.dart: OnboardingState Validation Getters canComplete should return false when weight is missing
01:00 +491 -5: C:/Users/hhhh/Desktop/Claude/HydrateOrDie/test/presentation/providers/onboarding_state_test.dart: OnboardingState Validation Getters canComplete should return false when age is missing
01:00 +492 -5: C:/Users/hhhh/Desktop/Claude/HydrateOrDie/test/presentation/providers/onboarding_state_test.dart: OnboardingState Validation Getters canComplete should return false when gender is missing
01:00 +493 -5: C:/Users/hhhh/Desktop/Claude/HydrateOrDie/test/presentation/providers/onboarding_state_test.dart: OnboardingState Validation Getters canComplete should return false when activityLevel is missing
01:00 +494 -5: C:/Users/hhhh/Desktop/Claude/HydrateOrDie/test/presentation/providers/onboarding_state_test.dart: OnboardingState Validation Getters canComplete should return true even when location is missing (optional)
01:00 +494 -6: C:/Users/hhhh/Desktop/Claude/HydrateOrDie/test/presentation/providers/onboarding_state_test.dart: OnboardingState Validation Getters canComplete should return true even when location is missing (optional) [E]
  Expected: <true>
    Actual: <false>
  
  package:matcher                                                expect
  package:flutter_test/src/widget_tester.dart 473:18             expect
  test\presentation\providers\onboarding_state_test.dart 355:11  main.<fn>.<fn>.<fn>
  
01:00 +494 -6: C:/Users/hhhh/Desktop/Claude/HydrateOrDie/test/presentation/providers/onboarding_state_test.dart: OnboardingState Equality should be equal for same values
01:00 +495 -6: C:/Users/hhhh/Desktop/Claude/HydrateOrDie/test/presentation/providers/onboarding_state_test.dart: OnboardingState Equality should not be equal for different weight
01:00 +496 -6: C:/Users/hhhh/Desktop/Claude/HydrateOrDie/test/presentation/providers/onboarding_state_test.dart: OnboardingState Equality should not be equal for different age
01:00 +497 -6: C:/Users/hhhh/Desktop/Claude/HydrateOrDie/test/presentation/providers/onboarding_state_test.dart: OnboardingState Equality should not be equal for different gender
01:00 +498 -6: C:/Users/hhhh/Desktop/Claude/HydrateOrDie/test/presentation/providers/onboarding_state_test.dart: OnboardingState toString should return string representation
01:00 +499 -6: loading C:/Users/hhhh/Desktop/Claude/HydrateOrDie/test/presentation/screens/avatar_selection/avatar_selection_screen_test.dart
01:01 +499 -6: C:/Users/hhhh/Desktop/Claude/HydrateOrDie/test/presentation/screens/avatar_selection/avatar_selection_screen_test.dart: (setUpAll)
01:01 +499 -6: C:/Users/hhhh/Desktop/Claude/HydrateOrDie/test/presentation/screens/avatar_selection/avatar_selection_screen_test.dart: AvatarSelectionScreen AC #2 - Should display 4 avatars in grid
01:03 +500 -6: C:/Users/hhhh/Desktop/Claude/HydrateOrDie/test/presentation/screens/avatar_selection/avatar_selection_screen_test.dart: AvatarSelectionScreen AC #3 - Each avatar shows name and description
01:03 +501 -6: C:/Users/hhhh/Desktop/Claude/HydrateOrDie/test/presentation/screens/avatar_selection/avatar_selection_screen_test.dart: AvatarSelectionScreen AC #4 - Tapping avatar should update selection
01:03 +502 -6: C:/Users/hhhh/Desktop/Claude/HydrateOrDie/test/presentation/screens/avatar_selection/avatar_selection_screen_test.dart: AvatarSelectionScreen AC #5 - Confirm button disabled when no selection
01:03 +503 -6: C:/Users/hhhh/Desktop/Claude/HydrateOrDie/test/presentation/screens/avatar_selection/avatar_selection_screen_test.dart: AvatarSelectionScreen AC #5 - Confirm button enabled after selection
01:03 +504 -6: C:/Users/hhhh/Desktop/Claude/HydrateOrDie/test/presentation/screens/avatar_selection/avatar_selection_screen_test.dart: AvatarSelectionScreen AC #6 - Confirming should save and navigate to home
DEBUG: Avatar saved: null
01:03 +505 -6: C:/Users/hhhh/Desktop/Claude/HydrateOrDie/test/presentation/screens/avatar_selection/avatar_selection_screen_test.dart: AvatarSelectionScreen AC #8 - Only one avatar can be selected at a time
01:03 +506 -6: C:/Users/hhhh/Desktop/Claude/HydrateOrDie/test/presentation/screens/avatar_selection/avatar_selection_screen_test.dart: AvatarSelectionScreen Should display title and instructions
01:04 +507 -6: C:/Users/hhhh/Desktop/Claude/HydrateOrDie/test/presentation/screens/avatar_selection/avatar_selection_screen_test.dart: AvatarSelectionScreen Should save correct avatar ID for doctor
DEBUG: Avatar saved: null
01:04 +508 -6: C:/Users/hhhh/Desktop/Claude/HydrateOrDie/test/presentation/screens/avatar_selection/avatar_selection_screen_test.dart: AvatarSelectionScreen Should save correct avatar ID for coach
DEBUG: Avatar saved: null
01:04 +509 -6: C:/Users/hhhh/Desktop/Claude/HydrateOrDie/test/presentation/screens/avatar_selection/avatar_selection_screen_test.dart: AvatarSelectionScreen Should not navigate if save fails
ERROR: Failed to save avatar: Exception: Save failed
01:04 +510 -6: C:/Users/hhhh/Desktop/Claude/HydrateOrDie/test/presentation/screens/avatar_selection/avatar_selection_screen_test.dart: (tearDownAll)
01:04 +510 -6: loading C:/Users/hhhh/Desktop/Claude/HydrateOrDie/test/presentation/screens/feedback/feedback_screen_test.dart
01:06 +510 -6: C:/Users/hhhh/Desktop/Claude/HydrateOrDie/test/presentation/screens/feedback/feedback_screen_test.dart: FeedbackScreen Widget Tests AC #2: Avatar is displayed with animation
[HomeProvider] Error refreshing state: UnimplementedError: execute
[HomeProvider] Auto-refresh timer started (60s interval)
[HomeProvider] Auto-refresh timer stopped
01:07 +511 -6: C:/Users/hhhh/Desktop/Claude/HydrateOrDie/test/presentation/screens/feedback/feedback_screen_test.dart: FeedbackScreen Widget Tests AC #3: Personalized message is displayed correctly
[HomeProvider] Error refreshing state: UnimplementedError: execute
[HomeProvider] Auto-refresh timer started (60s interval)
[HomeProvider] Auto-refresh timer stopped
[HomeProvider] Error refreshing state: UnimplementedError: execute
[HomeProvider] Auto-refresh timer started (60s interval)
[HomeProvider] Auto-refresh timer stopped
[HomeProvider] Error refreshing state: UnimplementedError: execute
[HomeProvider] Auto-refresh timer started (60s interval)
[HomeProvider] Auto-refresh timer stopped
[HomeProvider] Error refreshing state: UnimplementedError: execute
[HomeProvider] Auto-refresh timer started (60s interval)
[HomeProvider] Auto-refresh timer stopped
01:07 +512 -6: C:/Users/hhhh/Desktop/Claude/HydrateOrDie/test/presentation/screens/feedback/feedback_screen_test.dart: FeedbackScreen Widget Tests AC #5: Hydration progress is displayed with correct format
[HomeProvider] Error refreshing state: UnimplementedError: execute
[HomeProvider] Auto-refresh timer started (60s interval)
[HomeProvider] Auto-refresh timer stopped
01:07 +513 -6: C:/Users/hhhh/Desktop/Claude/HydrateOrDie/test/presentation/screens/feedback/feedback_screen_test.dart: FeedbackScreen Widget Tests AC #5: Progress bar color changes when goal reached
[HomeProvider] Error refreshing state: UnimplementedError: execute
[HomeProvider] Auto-refresh timer started (60s interval)
[HomeProvider] Auto-refresh timer stopped
01:07 +514 -6: C:/Users/hhhh/Desktop/Claude/HydrateOrDie/test/presentation/screens/feedback/feedback_screen_test.dart: FeedbackScreen Widget Tests AC #6: Auto-dismiss timer navigates back after 4 seconds
[HomeProvider] Error refreshing state: UnimplementedError: execute
[HomeProvider] Auto-refresh timer started (60s interval)
[HomeProvider] Auto-refresh timer stopped
01:07 +515 -6: C:/Users/hhhh/Desktop/Claude/HydrateOrDie/test/presentation/screens/feedback/feedback_screen_test.dart: FeedbackScreen Widget Tests AC #7: "Continuer" button dismisses screen immediately
[HomeProvider] Error refreshing state: UnimplementedError: execute
[HomeProvider] Auto-refresh timer started (60s interval)
[HomeProvider] Auto-refresh timer stopped
01:08 +516 -6: C:/Users/hhhh/Desktop/Claude/HydrateOrDie/test/presentation/screens/feedback/feedback_screen_test.dart: FeedbackScreen Widget Tests AC #8: Animations are active on screen
[HomeProvider] Error refreshing state: UnimplementedError: execute
[HomeProvider] Auto-refresh timer started (60s interval)
[HomeProvider] Auto-refresh timer stopped
01:08 +517 -6: C:/Users/hhhh/Desktop/Claude/HydrateOrDie/test/presentation/screens/feedback/feedback_screen_test.dart: FeedbackScreen Widget Tests Widget disposes cleanly without memory leaks
[HomeProvider] Error refreshing state: UnimplementedError: execute
[HomeProvider] Auto-refresh timer started (60s interval)
[HomeProvider] Auto-refresh timer stopped
01:08 +518 -6: C:/Users/hhhh/Desktop/Claude/HydrateOrDie/test/presentation/screens/feedback/feedback_screen_test.dart: FeedbackScreen Widget Tests Handles null user gracefully
[HomeProvider] Error refreshing state: UnimplementedError: execute
[HomeProvider] Auto-refresh timer started (60s interval)
[HomeProvider] Auto-refresh timer stopped
01:08 +519 -6: loading C:/Users/hhhh/Desktop/Claude/HydrateOrDie/test/presentation/screens/home/home_screen_test.dart
01:10 +519 -6: C:/Users/hhhh/Desktop/Claude/HydrateOrDie/test/presentation/screens/home/home_screen_test.dart: HomeScreen should display all main UI components (AC #1)
[HomeProvider] Error refreshing state: NoSuchMethodError: Class '_FakeAvatarRepository' has no instance method 'getAvatar' with matching arguments.
Receiver: Instance of '_FakeAvatarRepository'
Tried calling: getAvatar()
Found: getAvatar() => Future<Avatar?>
[HomeProvider] Auto-refresh timer started (60s interval)
[HomeProvider] Auto-refresh timer stopped
01:11 +520 -6: C:/Users/hhhh/Desktop/Claude/HydrateOrDie/test/presentation/screens/home/home_screen_test.dart: HomeScreen should display avatar with fresh state (AC #2, #8)
[HomeProvider] Error refreshing state: NoSuchMethodError: Class '_FakeAvatarRepository' has no instance method 'getAvatar' with matching arguments.
Receiver: Instance of '_FakeAvatarRepository'
Tried calling: getAvatar()
Found: getAvatar() => Future<Avatar?>
[HomeProvider] Auto-refresh timer started (60s interval)
[HomeProvider] Auto-refresh timer stopped
01:11 +521 -6: C:/Users/hhhh/Desktop/Claude/HydrateOrDie/test/presentation/screens/home/home_screen_test.dart: HomeScreen should display avatar with tired state (AC #2, #8)
[HomeProvider] Error refreshing state: NoSuchMethodError: Class '_FakeAvatarRepository' has no instance method 'getAvatar' with matching arguments.
Receiver: Instance of '_FakeAvatarRepository'
Tried calling: getAvatar()
Found: getAvatar() => Future<Avatar?>
[HomeProvider] Auto-refresh timer started (60s interval)
[HomeProvider] Auto-refresh timer stopped
01:11 +522 -6: C:/Users/hhhh/Desktop/Claude/HydrateOrDie/test/presentation/screens/home/home_screen_test.dart: HomeScreen should display avatar with dehydrated state (AC #2, #8)
[HomeProvider] Error refreshing state: NoSuchMethodError: Class '_FakeAvatarRepository' has no instance method 'getAvatar' with matching arguments.
Receiver: Instance of '_FakeAvatarRepository'
Tried calling: getAvatar()
Found: getAvatar() => Future<Avatar?>
[HomeProvider] Auto-refresh timer started (60s interval)
[HomeProvider] Auto-refresh timer stopped
01:11 +523 -6: C:/Users/hhhh/Desktop/Claude/HydrateOrDie/test/presentation/screens/home/home_screen_test.dart: HomeScreen should display avatar with dead state (AC #2, #8)
[HomeProvider] Error refreshing state: NoSuchMethodError: Class '_FakeAvatarRepository' has no instance method 'getAvatar' with matching arguments.
Receiver: Instance of '_FakeAvatarRepository'
Tried calling: getAvatar()
Found: getAvatar() => Future<Avatar?>
[HomeProvider] Auto-refresh timer started (60s interval)
[HomeProvider] Auto-refresh timer stopped
01:11 +524 -6: C:/Users/hhhh/Desktop/Claude/HydrateOrDie/test/presentation/screens/home/home_screen_test.dart: HomeScreen should display elapsed time correctly (AC #4)
[HomeProvider] Error refreshing state: NoSuchMethodError: Class '_FakeAvatarRepository' has no instance method 'getAvatar' with matching arguments.
Receiver: Instance of '_FakeAvatarRepository'
Tried calling: getAvatar()
Found: getAvatar() => Future<Avatar?>
[HomeProvider] Auto-refresh timer started (60s interval)
[HomeProvider] Auto-refresh timer stopped
01:11 +525 -6: C:/Users/hhhh/Desktop/Claude/HydrateOrDie/test/presentation/screens/home/home_screen_test.dart: HomeScreen should display "Jamais encore bu" when lastDrinkTime is null (AC #4)
[HomeProvider] Error refreshing state: NoSuchMethodError: Class '_FakeAvatarRepository' has no instance method 'getAvatar' with matching arguments.
Receiver: Instance of '_FakeAvatarRepository'
Tried calling: getAvatar()
Found: getAvatar() => Future<Avatar?>
[HomeProvider] Auto-refresh timer started (60s interval)
[HomeProvider] Auto-refresh timer stopped
01:11 +526 -6: C:/Users/hhhh/Desktop/Claude/HydrateOrDie/test/presentation/screens/home/home_screen_test.dart: HomeScreen should display progress bar with placeholder values (AC #3)
[HomeProvider] Error refreshing state: NoSuchMethodError: Class '_FakeAvatarRepository' has no instance method 'getAvatar' with matching arguments.
Receiver: Instance of '_FakeAvatarRepository'
Tried calling: getAvatar()
Found: getAvatar() => Future<Avatar?>
[HomeProvider] Auto-refresh timer started (60s interval)
[HomeProvider] Auto-refresh timer stopped
01:12 +527 -6: C:/Users/hhhh/Desktop/Claude/HydrateOrDie/test/presentation/screens/home/home_screen_test.dart: HomeScreen should display "JE BOIS" button when goal not reached (Story 3.8 AC #1, #5)
[HomeProvider] Error refreshing state: NoSuchMethodError: Class '_FakeAvatarRepository' has no instance method 'getAvatar' with matching arguments.
Receiver: Instance of '_FakeAvatarRepository'
Tried calling: getAvatar()
Found: getAvatar() => Future<Avatar?>
[HomeProvider] Auto-refresh timer started (60s interval)
[HomeProvider] Auto-refresh timer stopped
01:12 +528 -6: C:/Users/hhhh/Desktop/Claude/HydrateOrDie/test/presentation/screens/home/home_screen_test.dart: HomeScreen should display header with logo, time, streak, settings
[HomeProvider] Error refreshing state: NoSuchMethodError: Class '_FakeAvatarRepository' has no instance method 'getAvatar' with matching arguments.
Receiver: Instance of '_FakeAvatarRepository'
Tried calling: getAvatar()
Found: getAvatar() => Future<Avatar?>
[HomeProvider] Auto-refresh timer started (60s interval)
[HomeProvider] Auto-refresh timer stopped
01:12 +529 -6: C:/Users/hhhh/Desktop/Claude/HydrateOrDie/test/presentation/screens/home/home_screen_test.dart: HomeScreen should display bottom navigation (AC #6)
[HomeProvider] Error refreshing state: NoSuchMethodError: Class '_FakeAvatarRepository' has no instance method 'getAvatar' with matching arguments.
Receiver: Instance of '_FakeAvatarRepository'
Tried calling: getAvatar()
Found: getAvatar() => Future<Avatar?>
[HomeProvider] Auto-refresh timer started (60s interval)
[HomeProvider] Auto-refresh timer stopped
01:12 +530 -6: C:/Users/hhhh/Desktop/Claude/HydrateOrDie/test/presentation/screens/home/home_screen_test.dart: HomeScreen should display "JE BOIS" button with correct styling (spec lignes 1267-1274)
[HomeProvider] Error refreshing state: NoSuchMethodError: Class '_FakeAvatarRepository' has no instance method 'getAvatar' with matching arguments.
Receiver: Instance of '_FakeAvatarRepository'
Tried calling: getAvatar()
Found: getAvatar() => Future<Avatar?>
[HomeProvider] Auto-refresh timer started (60s interval)
[HomeProvider] Auto-refresh timer stopped
01:12 +531 -6: C:/Users/hhhh/Desktop/Claude/HydrateOrDie/test/presentation/screens/home/home_screen_test.dart: HomeScreen should format elapsed time for minutes only
[HomeProvider] Error refreshing state: NoSuchMethodError: Class '_FakeAvatarRepository' has no instance method 'getAvatar' with matching arguments.
Receiver: Instance of '_FakeAvatarRepository'
Tried calling: getAvatar()
Found: getAvatar() => Future<Avatar?>
[HomeProvider] Auto-refresh timer started (60s interval)
[HomeProvider] Auto-refresh timer stopped
01:12 +532 -6: C:/Users/hhhh/Desktop/Claude/HydrateOrDie/test/presentation/screens/home/home_screen_test.dart: HomeScreen should handle different personalities correctly
[HomeProvider] Error refreshing state: NoSuchMethodError: Class '_FakeAvatarRepository' has no instance method 'getAvatar' with matching arguments.
Receiver: Instance of '_FakeAvatarRepository'
Tried calling: getAvatar()
Found: getAvatar() => Future<Avatar?>
[HomeProvider] Auto-refresh timer started (60s interval)
[HomeProvider] Auto-refresh timer stopped
[HomeProvider] Error refreshing state: NoSuchMethodError: Class '_FakeAvatarRepository' has no instance method 'getAvatar' with matching arguments.
Receiver: Instance of '_FakeAvatarRepository'
Tried calling: getAvatar()
Found: getAvatar() => Future<Avatar?>
[HomeProvider] Auto-refresh timer started (60s interval)
[HomeProvider] Auto-refresh timer stopped
[HomeProvider] Error refreshing state: NoSuchMethodError: Class '_FakeAvatarRepository' has no instance method 'getAvatar' with matching arguments.
Receiver: Instance of '_FakeAvatarRepository'
Tried calling: getAvatar()
Found: getAvatar() => Future<Avatar?>
[HomeProvider] Auto-refresh timer started (60s interval)
[HomeProvider] Auto-refresh timer stopped
[HomeProvider] Error refreshing state: NoSuchMethodError: Class '_FakeAvatarRepository' has no instance method 'getAvatar' with matching arguments.
Receiver: Instance of '_FakeAvatarRepository'
Tried calling: getAvatar()
Found: getAvatar() => Future<Avatar?>
[HomeProvider] Auto-refresh timer started (60s interval)
[HomeProvider] Auto-refresh timer stopped
01:12 +533 -6: C:/Users/hhhh/Desktop/Claude/HydrateOrDie/test/presentation/screens/home/home_screen_test.dart: HomeScreen Story 3.8 AC #2: Button has correct height and color
[HomeProvider] Error refreshing state: NoSuchMethodError: Class '_FakeAvatarRepository' has no instance method 'getAvatar' with matching arguments.
Receiver: Instance of '_FakeAvatarRepository'
Tried calling: getAvatar()
Found: getAvatar() => Future<Avatar?>
[HomeProvider] Auto-refresh timer started (60s interval)
[HomeProvider] Auto-refresh timer stopped
01:12 +534 -6: C:/Users/hhhh/Desktop/Claude/HydrateOrDie/test/presentation/screens/home/home_screen_test.dart: HomeScreen Story 3.8 AC #3: Button navigates to PhotoValidationScreen
[HomeProvider] Error refreshing state: NoSuchMethodError: Class '_FakeAvatarRepository' has no instance method 'getAvatar' with matching arguments.
Receiver: Instance of '_FakeAvatarRepository'
Tried calling: getAvatar()
Found: getAvatar() => Future<Avatar?>
[HomeProvider] Auto-refresh timer started (60s interval)
[HomeProvider] Auto-refresh timer stopped
01:12 +535 -6: C:/Users/hhhh/Desktop/Claude/HydrateOrDie/test/presentation/screens/home/home_screen_test.dart: HomeScreen Story 3.8 AC #4: Button accessible when avatar is dead
[HomeProvider] Error refreshing state: NoSuchMethodError: Class '_FakeAvatarRepository' has no instance method 'getAvatar' with matching arguments.
Receiver: Instance of '_FakeAvatarRepository'
Tried calling: getAvatar()
Found: getAvatar() => Future<Avatar?>
[HomeProvider] Auto-refresh timer started (60s interval)
[HomeProvider] Auto-refresh timer stopped
01:13 +536 -6: C:/Users/hhhh/Desktop/Claude/HydrateOrDie/test/presentation/screens/home/home_screen_test.dart: HomeScreen Story 3.8 AC #4: Button accessible when avatar is ghost
[HomeProvider] Error refreshing state: NoSuchMethodError: Class '_FakeAvatarRepository' has no instance method 'getAvatar' with matching arguments.
Receiver: Instance of '_FakeAvatarRepository'
Tried calling: getAvatar()
Found: getAvatar() => Future<Avatar?>
[HomeProvider] Auto-refresh timer started (60s interval)
[HomeProvider] Auto-refresh timer stopped
01:13 +537 -6: C:/Users/hhhh/Desktop/Claude/HydrateOrDie/test/presentation/screens/home/home_screen_test.dart: HomeScreen Story 3.8 AC #5: Button text changes based on goal status
[HomeProvider] Error refreshing state: NoSuchMethodError: Class '_FakeAvatarRepository' has no instance method 'getAvatar' with matching arguments.
Receiver: Instance of '_FakeAvatarRepository'
Tried calling: getAvatar()
Found: getAvatar() => Future<Avatar?>
[HomeProvider] Auto-refresh timer started (60s interval)
[HomeProvider] Auto-refresh timer stopped
01:13 +538 -6: loading C:/Users/hhhh/Desktop/Claude/HydrateOrDie/test/presentation/screens/onboarding/onboarding_activity_screen_test.dart
01:14 +538 -6: C:/Users/hhhh/Desktop/Claude/HydrateOrDie/test/presentation/screens/onboarding/onboarding_activity_screen_test.dart: OnboardingActivityScreen should display activity level selection screen
01:15 +539 -6: C:/Users/hhhh/Desktop/Claude/HydrateOrDie/test/presentation/screens/onboarding/onboarding_activity_screen_test.dart: OnboardingActivityScreen next button should be disabled when no activity selected
01:16 +540 -6: C:/Users/hhhh/Desktop/Claude/HydrateOrDie/test/presentation/screens/onboarding/onboarding_activity_screen_test.dart: OnboardingActivityScreen should enable next button when activity is selected
01:16 +541 -6: C:/Users/hhhh/Desktop/Claude/HydrateOrDie/test/presentation/screens/onboarding/onboarding_activity_screen_test.dart: OnboardingActivityScreen should highlight selected activity card
01:16 +542 -6: C:/Users/hhhh/Desktop/Claude/HydrateOrDie/test/presentation/screens/onboarding/onboarding_activity_screen_test.dart: OnboardingActivityScreen should update provider state when activity is selected
01:16 +543 -6: C:/Users/hhhh/Desktop/Claude/HydrateOrDie/test/presentation/screens/onboarding/onboarding_activity_screen_test.dart: OnboardingActivityScreen should display all activity icons
01:16 +544 -6: C:/Users/hhhh/Desktop/Claude/HydrateOrDie/test/presentation/screens/onboarding/onboarding_activity_screen_test.dart: OnboardingActivityScreen should navigate back when back button is pressed
01:17 +545 -6: loading C:/Users/hhhh/Desktop/Claude/HydrateOrDie/test/presentation/screens/onboarding/onboarding_age_screen_test.dart
01:18 +545 -6: C:/Users/hhhh/Desktop/Claude/HydrateOrDie/test/presentation/screens/onboarding/onboarding_age_screen_test.dart: OnboardingAgeScreen should display all UI components (AC #2, #7)
01:19 +546 -6: C:/Users/hhhh/Desktop/Claude/HydrateOrDie/test/presentation/screens/onboarding/onboarding_age_screen_test.dart: OnboardingAgeScreen should use numeric keyboard (AC #3)
01:20 +547 -6: C:/Users/hhhh/Desktop/Claude/HydrateOrDie/test/presentation/screens/onboarding/onboarding_age_screen_test.dart: OnboardingAgeScreen should show "ans" suffix in TextField
01:20 +548 -6: C:/Users/hhhh/Desktop/Claude/HydrateOrDie/test/presentation/screens/onboarding/onboarding_age_screen_test.dart: OnboardingAgeScreen should accept valid age (AC #4)
01:20 +549 -6: C:/Users/hhhh/Desktop/Claude/HydrateOrDie/test/presentation/screens/onboarding/onboarding_age_screen_test.dart: OnboardingAgeScreen should accept minimum valid age (10) (AC #4)
01:20 +550 -6: C:/Users/hhhh/Desktop/Claude/HydrateOrDie/test/presentation/screens/onboarding/onboarding_age_screen_test.dart: OnboardingAgeScreen should accept maximum valid age (120) (AC #4)
01:21 +551 -6: C:/Users/hhhh/Desktop/Claude/HydrateOrDie/test/presentation/screens/onboarding/onboarding_age_screen_test.dart: OnboardingAgeScreen should show error for age below minimum (AC #4, #5)
01:21 +552 -6: C:/Users/hhhh/Desktop/Claude/HydrateOrDie/test/presentation/screens/onboarding/onboarding_age_screen_test.dart: OnboardingAgeScreen should show error for age above maximum (AC #4, #5)
01:21 +553 -6: C:/Users/hhhh/Desktop/Claude/HydrateOrDie/test/presentation/screens/onboarding/onboarding_age_screen_test.dart: OnboardingAgeScreen should show error for empty age (AC #5)
01:21 +554 -6: C:/Users/hhhh/Desktop/Claude/HydrateOrDie/test/presentation/screens/onboarding/onboarding_age_screen_test.dart: OnboardingAgeScreen should show error for invalid format (AC #5)
01:21 +555 -6: C:/Users/hhhh/Desktop/Claude/HydrateOrDie/test/presentation/screens/onboarding/onboarding_age_screen_test.dart: OnboardingAgeScreen should not proceed when age is invalid on Next button press (AC #6)
01:21 +556 -6: C:/Users/hhhh/Desktop/Claude/HydrateOrDie/test/presentation/screens/onboarding/onboarding_age_screen_test.dart: OnboardingAgeScreen should proceed when age is valid on Next button press (AC #6)
01:22 +557 -6: C:/Users/hhhh/Desktop/Claude/HydrateOrDie/test/presentation/screens/onboarding/onboarding_age_screen_test.dart: OnboardingAgeScreen should clear error when user starts typing
01:22 +558 -6: C:/Users/hhhh/Desktop/Claude/HydrateOrDie/test/presentation/screens/onboarding/onboarding_age_screen_test.dart: OnboardingAgeScreen should update provider state when valid age entered
01:22 +559 -6: C:/Users/hhhh/Desktop/Claude/HydrateOrDie/test/presentation/screens/onboarding/onboarding_age_screen_test.dart: OnboardingAgeScreen should pre-fill age if already set in state
01:22 +560 -6: C:/Users/hhhh/Desktop/Claude/HydrateOrDie/test/presentation/screens/onboarding/onboarding_age_screen_test.dart: OnboardingAgeScreen should navigate to gender screen when Next pressed (AC #1, #8)
01:22 +561 -6: C:/Users/hhhh/Desktop/Claude/HydrateOrDie/test/presentation/screens/onboarding/onboarding_age_screen_test.dart: OnboardingAgeScreen should allow back navigation
01:22 +562 -6: loading C:/Users/hhhh/Desktop/Claude/HydrateOrDie/test/presentation/screens/onboarding/onboarding_flow_screen_test.dart
01:24 +562 -6: C:/Users/hhhh/Desktop/Claude/HydrateOrDie/test/presentation/screens/onboarding/onboarding_flow_screen_test.dart: OnboardingFlowScreen should create OnboardingFlowScreen widget
01:25 +563 -6: C:/Users/hhhh/Desktop/Claude/HydrateOrDie/test/presentation/screens/onboarding/onboarding_flow_screen_test.dart: OnboardingFlowScreen should display step counter
01:25 +564 -6: C:/Users/hhhh/Desktop/Claude/HydrateOrDie/test/presentation/screens/onboarding/onboarding_flow_screen_test.dart: OnboardingFlowScreen should have PageView with 7 screens
01:25 +565 -6: C:/Users/hhhh/Desktop/Claude/HydrateOrDie/test/presentation/screens/onboarding/onboarding_flow_screen_test.dart: OnboardingFlowScreen should have Next button
01:25 +566 -6: C:/Users/hhhh/Desktop/Claude/HydrateOrDie/test/presentation/screens/onboarding/onboarding_flow_screen_test.dart: OnboardingFlowScreen should reset onboarding state on init
01:25 +567 -6: C:/Users/hhhh/Desktop/Claude/HydrateOrDie/test/presentation/screens/onboarding/onboarding_flow_screen_test.dart: OnboardingFlowScreen should show progress indicator
01:25 +568 -6: C:/Users/hhhh/Desktop/Claude/HydrateOrDie/test/presentation/screens/onboarding/onboarding_flow_screen_test.dart: OnboardingFlowScreen should not show Back button on first step
01:25 +569 -6: C:/Users/hhhh/Desktop/Claude/HydrateOrDie/test/presentation/screens/onboarding/onboarding_flow_screen_test.dart: OnboardingFlowScreen should navigate to next page when data is valid
01:26 +570 -6: C:/Users/hhhh/Desktop/Claude/HydrateOrDie/test/presentation/screens/onboarding/onboarding_flow_screen_test.dart: OnboardingFlowScreen Next button should be disabled when step data is invalid
01:26 +571 -6: C:/Users/hhhh/Desktop/Claude/HydrateOrDie/test/presentation/screens/onboarding/onboarding_flow_screen_test.dart: OnboardingFlowScreen should show Back button after navigating forward
01:27 +572 -6: C:/Users/hhhh/Desktop/Claude/HydrateOrDie/test/presentation/screens/onboarding/onboarding_flow_screen_test.dart: OnboardingFlowScreen should navigate back when Back button is tapped
01:27 +573 -6: C:/Users/hhhh/Desktop/Claude/HydrateOrDie/test/presentation/screens/onboarding/onboarding_flow_screen_test.dart: OnboardingFlowScreen should enable Skip button on Location step
01:28 +574 -6: loading C:/Users/hhhh/Desktop/Claude/HydrateOrDie/test/presentation/screens/onboarding/onboarding_gender_screen_test.dart
01:29 +574 -6: C:/Users/hhhh/Desktop/Claude/HydrateOrDie/test/presentation/screens/onboarding/onboarding_gender_screen_test.dart: OnboardingGenderScreen should display gender selection screen
01:30 +575 -6: loading C:/Users/hhhh/Desktop/Claude/HydrateOrDie/test/presentation/screens/onboarding/onboarding_location_screen_test.dart
01:32 +575 -6: C:/Users/hhhh/Desktop/Claude/HydrateOrDie/test/presentation/screens/onboarding/onboarding_location_screen_test.dart: OnboardingLocationScreen should display location permission screen
01:33 +576 -6: C:/Users/hhhh/Desktop/Claude/HydrateOrDie/test/presentation/screens/onboarding/onboarding_location_screen_test.dart: OnboardingLocationScreen should display both buttons as enabled
01:33 +577 -6: C:/Users/hhhh/Desktop/Claude/HydrateOrDie/test/presentation/screens/onboarding/onboarding_location_screen_test.dart: OnboardingLocationScreen should update provider with mock_granted when authorize pressed
01:33 +578 -6: C:/Users/hhhh/Desktop/Claude/HydrateOrDie/test/presentation/screens/onboarding/onboarding_location_screen_test.dart: OnboardingLocationScreen should update provider with null when skip pressed
01:33 +579 -6: C:/Users/hhhh/Desktop/Claude/HydrateOrDie/test/presentation/screens/onboarding/onboarding_location_screen_test.dart: OnboardingLocationScreen should show snackbar when authorize is pressed
01:33 +580 -6: C:/Users/hhhh/Desktop/Claude/HydrateOrDie/test/presentation/screens/onboarding/onboarding_location_screen_test.dart: OnboardingLocationScreen should navigate back when back button is pressed
01:34 +581 -6: C:/Users/hhhh/Desktop/Claude/HydrateOrDie/test/presentation/screens/onboarding/onboarding_location_screen_test.dart: OnboardingLocationScreen should have correct button styles
01:34 +582 -6: C:/Users/hhhh/Desktop/Claude/HydrateOrDie/test/presentation/screens/onboarding/onboarding_location_screen_test.dart: OnboardingLocationScreen should display icon with correct size and color
01:34 +583 -6: loading C:/Users/hhhh/Desktop/Claude/HydrateOrDie/test/presentation/screens/onboarding/onboarding_summary_screen_test.dart
01:35 +583 -6: C:/Users/hhhh/Desktop/Claude/HydrateOrDie/test/presentation/screens/onboarding/onboarding_summary_screen_test.dart: OnboardingSummaryScreen should display title "Ton objectif quotidien" (AC #2)
══╡ EXCEPTION CAUGHT BY SCHEDULER LIBRARY ╞═════════════════════════════════════════════════════════
The following assertion was thrown during a scheduler callback:
Could not find a generator for route RouteSettings("/onboarding_weight", null) in the
_WidgetsAppState.
Make sure your root app widget has provided a way to generate
this route.
Generators for routes are searched for in the following order:
 1. For the "/" route, the "home" property, if non-null, is used.
 2. Otherwise, the "routes" table is used, if it has an entry for the route.
 3. Otherwise, onGenerateRoute is called. It should return a non-null value for any valid route not
handled by "home" and "routes".
 4. Finally if all else fails onUnknownRoute is called.
Unfortunately, onUnknownRoute was not set.

When the exception was thrown, this was the stack:
#0      _WidgetsAppState._onUnknownRoute.<anonymous closure> (package:flutter/src/widgets/app.dart:1570:9)
#1      _WidgetsAppState._onUnknownRoute (package:flutter/src/widgets/app.dart:1585:6)
#2      NavigatorState._routeNamed (package:flutter/src/widgets/navigator.dart:4667:37)
#3      NavigatorState.pushReplacementNamed (package:flutter/src/widgets/navigator.dart:4784:7)
#4      _OnboardingSummaryScreenState.build.<anonymous closure> (package:hydrate_or_die/presentation/screens/onboarding/onboarding_summary_screen.dart:42:31)
#5      SchedulerBinding._invokeFrameCallback (package:flutter/src/scheduler/binding.dart:1434:15)
#6      SchedulerBinding.handleDrawFrame (package:flutter/src/scheduler/binding.dart:1361:11)
#7      AutomatedTestWidgetsFlutterBinding.pump.<anonymous closure> (package:flutter_test/src/binding.dart:1335:9)
#10     TestAsyncUtils.guard (package:flutter_test/src/test_async_utils.dart:74:41)
#11     AutomatedTestWidgetsFlutterBinding.pump (package:flutter_test/src/binding.dart:1324:27)
#12     WidgetTester.pumpWidget.<anonymous closure> (package:flutter_test/src/widget_tester.dart:598:22)
#15     TestAsyncUtils.guard (package:flutter_test/src/test_async_utils.dart:74:41)
#16     WidgetTester.pumpWidget (package:flutter_test/src/widget_tester.dart:595:27)
#17     main.<anonymous closure>.<anonymous closure> (file:///C:/Users/hhhh/Desktop/Claude/HydrateOrDie/test/presentation/screens/onboarding/onboarding_summary_screen_test.dart:81:20)
#18     testWidgets.<anonymous closure>.<anonymous closure> (package:flutter_test/src/widget_tester.dart:192:29)
<asynchronous suspension>
#19     TestWidgetsFlutterBinding._runTestBody (package:flutter_test/src/binding.dart:1059:5)
<asynchronous suspension>
<asynchronous suspension>
(elided 5 frames from dart:async and package:stack_trace)
════════════════════════════════════════════════════════════════════════════════════════════════════
══╡ EXCEPTION CAUGHT BY FLUTTER TEST FRAMEWORK ╞════════════════════════════════════════════════════
The following assertion was thrown running a test:
pumpAndSettle timed out

When the exception was thrown, this was the stack:
#0      WidgetTester.pumpAndSettle.<anonymous closure> (package:flutter_test/src/widget_tester.dart:717:11)
<asynchronous suspension>
#1      TestAsyncUtils.guard.<anonymous closure> (package:flutter_test/src/test_async_utils.dart:130:27)
<asynchronous suspension>
#2      main.<anonymous closure>.<anonymous closure> (file:///C:/Users/hhhh/Desktop/Claude/HydrateOrDie/test/presentation/screens/onboarding/onboarding_summary_screen_test.dart:82:7)
<asynchronous suspension>
#3      testWidgets.<anonymous closure>.<anonymous closure> (package:flutter_test/src/widget_tester.dart:192:15)
<asynchronous suspension>
#4      TestWidgetsFlutterBinding._runTestBody (package:flutter_test/src/binding.dart:1059:5)
<asynchronous suspension>
<asynchronous suspension>
(elided one frame from package:stack_trace)

The test description was:
  should display title "Ton objectif quotidien" (AC #2)
════════════════════════════════════════════════════════════════════════════════════════════════════
══╡ EXCEPTION CAUGHT BY FLUTTER TEST FRAMEWORK ╞════════════════════════════════════════════════════
The following message was thrown:
Multiple exceptions (2) were detected during the running of the current test, and at least one was
unexpected.
════════════════════════════════════════════════════════════════════════════════════════════════════
01:42 +583 -7: C:/Users/hhhh/Desktop/Claude/HydrateOrDie/test/presentation/screens/onboarding/onboarding_summary_screen_test.dart: OnboardingSummaryScreen should display title "Ton objectif quotidien" (AC #2) [E]
  Test failed. See exception logs above.
  The test description was: should display title "Ton objectif quotidien" (AC #2)
  
01:42 +583 -7: C:/Users/hhhh/Desktop/Claude/HydrateOrDie/test/presentation/screens/onboarding/onboarding_summary_screen_test.dart: OnboardingSummaryScreen should display calculated hydration goal in liters (AC #2)
══╡ EXCEPTION CAUGHT BY SCHEDULER LIBRARY ╞═════════════════════════════════════════════════════════
The following assertion was thrown during a scheduler callback:
Could not find a generator for route RouteSettings("/onboarding_weight", null) in the
_WidgetsAppState.
Make sure your root app widget has provided a way to generate
this route.
Generators for routes are searched for in the following order:
 1. For the "/" route, the "home" property, if non-null, is used.
 2. Otherwise, the "routes" table is used, if it has an entry for the route.
 3. Otherwise, onGenerateRoute is called. It should return a non-null value for any valid route not
handled by "home" and "routes".
 4. Finally if all else fails onUnknownRoute is called.
Unfortunately, onUnknownRoute was not set.

When the exception was thrown, this was the stack:
#0      _WidgetsAppState._onUnknownRoute.<anonymous closure> (package:flutter/src/widgets/app.dart:1570:9)
#1      _WidgetsAppState._onUnknownRoute (package:flutter/src/widgets/app.dart:1585:6)
#2      NavigatorState._routeNamed (package:flutter/src/widgets/navigator.dart:4667:37)
#3      NavigatorState.pushReplacementNamed (package:flutter/src/widgets/navigator.dart:4784:7)
#4      _OnboardingSummaryScreenState.build.<anonymous closure> (package:hydrate_or_die/presentation/screens/onboarding/onboarding_summary_screen.dart:42:31)
#5      SchedulerBinding._invokeFrameCallback (package:flutter/src/scheduler/binding.dart:1434:15)
#6      SchedulerBinding.handleDrawFrame (package:flutter/src/scheduler/binding.dart:1361:11)
#7      AutomatedTestWidgetsFlutterBinding.pump.<anonymous closure> (package:flutter_test/src/binding.dart:1335:9)
#10     TestAsyncUtils.guard (package:flutter_test/src/test_async_utils.dart:74:41)
#11     AutomatedTestWidgetsFlutterBinding.pump (package:flutter_test/src/binding.dart:1324:27)
#12     WidgetTester.pumpWidget.<anonymous closure> (package:flutter_test/src/widget_tester.dart:598:22)
#15     TestAsyncUtils.guard (package:flutter_test/src/test_async_utils.dart:74:41)
#16     WidgetTester.pumpWidget (package:flutter_test/src/widget_tester.dart:595:27)
#17     main.<anonymous closure>.<anonymous closure> (file:///C:/Users/hhhh/Desktop/Claude/HydrateOrDie/test/presentation/screens/onboarding/onboarding_summary_screen_test.dart:96:20)
#18     testWidgets.<anonymous closure>.<anonymous closure> (package:flutter_test/src/widget_tester.dart:192:29)
<asynchronous suspension>
#19     TestWidgetsFlutterBinding._runTestBody (package:flutter_test/src/binding.dart:1059:5)
<asynchronous suspension>
<asynchronous suspension>
(elided 5 frames from dart:async and package:stack_trace)
════════════════════════════════════════════════════════════════════════════════════════════════════
══╡ EXCEPTION CAUGHT BY FLUTTER TEST FRAMEWORK ╞════════════════════════════════════════════════════
The following assertion was thrown running a test:
pumpAndSettle timed out

When the exception was thrown, this was the stack:
#0      WidgetTester.pumpAndSettle.<anonymous closure> (package:flutter_test/src/widget_tester.dart:717:11)
<asynchronous suspension>
#1      TestAsyncUtils.guard.<anonymous closure> (package:flutter_test/src/test_async_utils.dart:130:27)
<asynchronous suspension>
#2      main.<anonymous closure>.<anonymous closure> (file:///C:/Users/hhhh/Desktop/Claude/HydrateOrDie/test/presentation/screens/onboarding/onboarding_summary_screen_test.dart:97:7)
<asynchronous suspension>
#3      testWidgets.<anonymous closure>.<anonymous closure> (package:flutter_test/src/widget_tester.dart:192:15)
<asynchronous suspension>
#4      TestWidgetsFlutterBinding._runTestBody (package:flutter_test/src/binding.dart:1059:5)
<asynchronous suspension>
<asynchronous suspension>
(elided one frame from package:stack_trace)

The test description was:
  should display calculated hydration goal in liters (AC #2)
════════════════════════════════════════════════════════════════════════════════════════════════════
══╡ EXCEPTION CAUGHT BY FLUTTER TEST FRAMEWORK ╞════════════════════════════════════════════════════
The following message was thrown:
Multiple exceptions (2) were detected during the running of the current test, and at least one was
unexpected.
════════════════════════════════════════════════════════════════════════════════════════════════════
01:45 +583 -8: C:/Users/hhhh/Desktop/Claude/HydrateOrDie/test/presentation/screens/onboarding/onboarding_summary_screen_test.dart: OnboardingSummaryScreen should display calculated hydration goal in liters (AC #2) [E]
  Test failed. See exception logs above.
  The test description was: should display calculated hydration goal in liters (AC #2)
  
01:45 +583 -8: C:/Users/hhhh/Desktop/Claude/HydrateOrDie/test/presentation/screens/onboarding/onboarding_summary_screen_test.dart: OnboardingSummaryScreen should display subtitle "Basé sur ton profil personnel" (AC #2)
══╡ EXCEPTION CAUGHT BY SCHEDULER LIBRARY ╞═════════════════════════════════════════════════════════
The following assertion was thrown during a scheduler callback:
Could not find a generator for route RouteSettings("/onboarding_weight", null) in the
_WidgetsAppState.
Make sure your root app widget has provided a way to generate
this route.
Generators for routes are searched for in the following order:
 1. For the "/" route, the "home" property, if non-null, is used.
 2. Otherwise, the "routes" table is used, if it has an entry for the route.
 3. Otherwise, onGenerateRoute is called. It should return a non-null value for any valid route not
handled by "home" and "routes".
 4. Finally if all else fails onUnknownRoute is called.
Unfortunately, onUnknownRoute was not set.

When the exception was thrown, this was the stack:
#0      _WidgetsAppState._onUnknownRoute.<anonymous closure> (package:flutter/src/widgets/app.dart:1570:9)
#1      _WidgetsAppState._onUnknownRoute (package:flutter/src/widgets/app.dart:1585:6)
#2      NavigatorState._routeNamed (package:flutter/src/widgets/navigator.dart:4667:37)
#3      NavigatorState.pushReplacementNamed (package:flutter/src/widgets/navigator.dart:4784:7)
#4      _OnboardingSummaryScreenState.build.<anonymous closure> (package:hydrate_or_die/presentation/screens/onboarding/onboarding_summary_screen.dart:42:31)
#5      SchedulerBinding._invokeFrameCallback (package:flutter/src/scheduler/binding.dart:1434:15)
#6      SchedulerBinding.handleDrawFrame (package:flutter/src/scheduler/binding.dart:1361:11)
#7      AutomatedTestWidgetsFlutterBinding.pump.<anonymous closure> (package:flutter_test/src/binding.dart:1335:9)
#10     TestAsyncUtils.guard (package:flutter_test/src/test_async_utils.dart:74:41)
#11     AutomatedTestWidgetsFlutterBinding.pump (package:flutter_test/src/binding.dart:1324:27)
#12     WidgetTester.pumpWidget.<anonymous closure> (package:flutter_test/src/widget_tester.dart:598:22)
#15     TestAsyncUtils.guard (package:flutter_test/src/test_async_utils.dart:74:41)
#16     WidgetTester.pumpWidget (package:flutter_test/src/widget_tester.dart:595:27)
#17     main.<anonymous closure>.<anonymous closure> (file:///C:/Users/hhhh/Desktop/Claude/HydrateOrDie/test/presentation/screens/onboarding/onboarding_summary_screen_test.dart:110:22)
#18     testWidgets.<anonymous closure>.<anonymous closure> (package:flutter_test/src/widget_tester.dart:192:29)
<asynchronous suspension>
#19     TestWidgetsFlutterBinding._runTestBody (package:flutter_test/src/binding.dart:1059:5)
<asynchronous suspension>
<asynchronous suspension>
(elided 5 frames from dart:async and package:stack_trace)
════════════════════════════════════════════════════════════════════════════════════════════════════
══╡ EXCEPTION CAUGHT BY FLUTTER TEST FRAMEWORK ╞════════════════════════════════════════════════════
The following assertion was thrown running a test:
pumpAndSettle timed out

When the exception was thrown, this was the stack:
#0      WidgetTester.pumpAndSettle.<anonymous closure> (package:flutter_test/src/widget_tester.dart:717:11)
<asynchronous suspension>
#1      TestAsyncUtils.guard.<anonymous closure> (package:flutter_test/src/test_async_utils.dart:130:27)
<asynchronous suspension>
#2      main.<anonymous closure>.<anonymous closure> (file:///C:/Users/hhhh/Desktop/Claude/HydrateOrDie/test/presentation/screens/onboarding/onboarding_summary_screen_test.dart:111:9)
<asynchronous suspension>
#3      testWidgets.<anonymous closure>.<anonymous closure> (package:flutter_test/src/widget_tester.dart:192:15)
<asynchronous suspension>
#4      TestWidgetsFlutterBinding._runTestBody (package:flutter_test/src/binding.dart:1059:5)
<asynchronous suspension>
<asynchronous suspension>
(elided one frame from package:stack_trace)

The test description was:
  should display subtitle "Basé sur ton profil personnel" (AC #2)
════════════════════════════════════════════════════════════════════════════════════════════════════
══╡ EXCEPTION CAUGHT BY FLUTTER TEST FRAMEWORK ╞════════════════════════════════════════════════════
The following message was thrown:
Multiple exceptions (2) were detected during the running of the current test, and at least one was
unexpected.
════════════════════════════════════════════════════════════════════════════════════════════════════
01:48 +583 -9: C:/Users/hhhh/Desktop/Claude/HydrateOrDie/test/presentation/screens/onboarding/onboarding_summary_screen_test.dart: OnboardingSummaryScreen should display subtitle "Basé sur ton profil personnel" (AC #2) [E]
  Test failed. See exception logs above.
  The test description was: should display subtitle "Basé sur ton profil personnel" (AC #2)
  
01:48 +583 -9: C:/Users/hhhh/Desktop/Claude/HydrateOrDie/test/presentation/screens/onboarding/onboarding_summary_screen_test.dart: OnboardingSummaryScreen should display profile recap with all fields (AC #3)
══╡ EXCEPTION CAUGHT BY SCHEDULER LIBRARY ╞═════════════════════════════════════════════════════════
The following assertion was thrown during a scheduler callback:
Could not find a generator for route RouteSettings("/onboarding_weight", null) in the
_WidgetsAppState.
Make sure your root app widget has provided a way to generate
this route.
Generators for routes are searched for in the following order:
 1. For the "/" route, the "home" property, if non-null, is used.
 2. Otherwise, the "routes" table is used, if it has an entry for the route.
 3. Otherwise, onGenerateRoute is called. It should return a non-null value for any valid route not
handled by "home" and "routes".
 4. Finally if all else fails onUnknownRoute is called.
Unfortunately, onUnknownRoute was not set.

When the exception was thrown, this was the stack:
#0      _WidgetsAppState._onUnknownRoute.<anonymous closure> (package:flutter/src/widgets/app.dart:1570:9)
#1      _WidgetsAppState._onUnknownRoute (package:flutter/src/widgets/app.dart:1585:6)
#2      NavigatorState._routeNamed (package:flutter/src/widgets/navigator.dart:4667:37)
#3      NavigatorState.pushReplacementNamed (package:flutter/src/widgets/navigator.dart:4784:7)
#4      _OnboardingSummaryScreenState.build.<anonymous closure> (package:hydrate_or_die/presentation/screens/onboarding/onboarding_summary_screen.dart:42:31)
#5      SchedulerBinding._invokeFrameCallback (package:flutter/src/scheduler/binding.dart:1434:15)
#6      SchedulerBinding.handleDrawFrame (package:flutter/src/scheduler/binding.dart:1361:11)
#7      AutomatedTestWidgetsFlutterBinding.pump.<anonymous closure> (package:flutter_test/src/binding.dart:1335:9)
#10     TestAsyncUtils.guard (package:flutter_test/src/test_async_utils.dart:74:41)
#11     AutomatedTestWidgetsFlutterBinding.pump (package:flutter_test/src/binding.dart:1324:27)
#12     WidgetTester.pumpWidget.<anonymous closure> (package:flutter_test/src/widget_tester.dart:598:22)
#15     TestAsyncUtils.guard (package:flutter_test/src/test_async_utils.dart:74:41)
#16     WidgetTester.pumpWidget (package:flutter_test/src/widget_tester.dart:595:27)
#17     main.<anonymous closure>.<anonymous closure> (file:///C:/Users/hhhh/Desktop/Claude/HydrateOrDie/test/presentation/screens/onboarding/onboarding_summary_screen_test.dart:131:20)
#18     testWidgets.<anonymous closure>.<anonymous closure> (package:flutter_test/src/widget_tester.dart:192:29)
<asynchronous suspension>
#19     TestWidgetsFlutterBinding._runTestBody (package:flutter_test/src/binding.dart:1059:5)
<asynchronous suspension>
<asynchronous suspension>
(elided 5 frames from dart:async and package:stack_trace)
════════════════════════════════════════════════════════════════════════════════════════════════════
══╡ EXCEPTION CAUGHT BY FLUTTER TEST FRAMEWORK ╞════════════════════════════════════════════════════
The following assertion was thrown running a test:
pumpAndSettle timed out

When the exception was thrown, this was the stack:
#0      WidgetTester.pumpAndSettle.<anonymous closure> (package:flutter_test/src/widget_tester.dart:717:11)
<asynchronous suspension>
#1      TestAsyncUtils.guard.<anonymous closure> (package:flutter_test/src/test_async_utils.dart:130:27)
<asynchronous suspension>
#2      main.<anonymous closure>.<anonymous closure> (file:///C:/Users/hhhh/Desktop/Claude/HydrateOrDie/test/presentation/screens/onboarding/onboarding_summary_screen_test.dart:132:7)
<asynchronous suspension>
#3      testWidgets.<anonymous closure>.<anonymous closure> (package:flutter_test/src/widget_tester.dart:192:15)
<asynchronous suspension>
#4      TestWidgetsFlutterBinding._runTestBody (package:flutter_test/src/binding.dart:1059:5)
<asynchronous suspension>
<asynchronous suspension>
(elided one frame from package:stack_trace)

The test description was:
  should display profile recap with all fields (AC #3)
════════════════════════════════════════════════════════════════════════════════════════════════════
══╡ EXCEPTION CAUGHT BY FLUTTER TEST FRAMEWORK ╞════════════════════════════════════════════════════
The following message was thrown:
Multiple exceptions (2) were detected during the running of the current test, and at least one was
unexpected.
════════════════════════════════════════════════════════════════════════════════════════════════════
01:50 +583 -10: C:/Users/hhhh/Desktop/Claude/HydrateOrDie/test/presentation/screens/onboarding/onboarding_summary_screen_test.dart: OnboardingSummaryScreen should display profile recap with all fields (AC #3) [E]
  Test failed. See exception logs above.
  The test description was: should display profile recap with all fields (AC #3)
  
01:50 +583 -10: C:/Users/hhhh/Desktop/Claude/HydrateOrDie/test/presentation/screens/onboarding/onboarding_summary_screen_test.dart: OnboardingSummaryScreen should display motivational message with avatar icon (AC #4)
══╡ EXCEPTION CAUGHT BY SCHEDULER LIBRARY ╞═════════════════════════════════════════════════════════
The following assertion was thrown during a scheduler callback:
Could not find a generator for route RouteSettings("/onboarding_weight", null) in the
_WidgetsAppState.
Make sure your root app widget has provided a way to generate
this route.
Generators for routes are searched for in the following order:
 1. For the "/" route, the "home" property, if non-null, is used.
 2. Otherwise, the "routes" table is used, if it has an entry for the route.
 3. Otherwise, onGenerateRoute is called. It should return a non-null value for any valid route not
handled by "home" and "routes".
 4. Finally if all else fails onUnknownRoute is called.
Unfortunately, onUnknownRoute was not set.

When the exception was thrown, this was the stack:
#0      _WidgetsAppState._onUnknownRoute.<anonymous closure> (package:flutter/src/widgets/app.dart:1570:9)
#1      _WidgetsAppState._onUnknownRoute (package:flutter/src/widgets/app.dart:1585:6)
#2      NavigatorState._routeNamed (package:flutter/src/widgets/navigator.dart:4667:37)
#3      NavigatorState.pushReplacementNamed (package:flutter/src/widgets/navigator.dart:4784:7)
#4      _OnboardingSummaryScreenState.build.<anonymous closure> (package:hydrate_or_die/presentation/screens/onboarding/onboarding_summary_screen.dart:42:31)
#5      SchedulerBinding._invokeFrameCallback (package:flutter/src/scheduler/binding.dart:1434:15)
#6      SchedulerBinding.handleDrawFrame (package:flutter/src/scheduler/binding.dart:1361:11)
#7      AutomatedTestWidgetsFlutterBinding.pump.<anonymous closure> (package:flutter_test/src/binding.dart:1335:9)
#10     TestAsyncUtils.guard (package:flutter_test/src/test_async_utils.dart:74:41)
#11     AutomatedTestWidgetsFlutterBinding.pump (package:flutter_test/src/binding.dart:1324:27)
#12     WidgetTester.pumpWidget.<anonymous closure> (package:flutter_test/src/widget_tester.dart:598:22)
#15     TestAsyncUtils.guard (package:flutter_test/src/test_async_utils.dart:74:41)
#16     WidgetTester.pumpWidget (package:flutter_test/src/widget_tester.dart:595:27)
#17     main.<anonymous closure>.<anonymous closure> (file:///C:/Users/hhhh/Desktop/Claude/HydrateOrDie/test/presentation/screens/onboarding/onboarding_summary_screen_test.dart:160:22)
#18     testWidgets.<anonymous closure>.<anonymous closure> (package:flutter_test/src/widget_tester.dart:192:29)
<asynchronous suspension>
#19     TestWidgetsFlutterBinding._runTestBody (package:flutter_test/src/binding.dart:1059:5)
<asynchronous suspension>
<asynchronous suspension>
(elided 5 frames from dart:async and package:stack_trace)
════════════════════════════════════════════════════════════════════════════════════════════════════
══╡ EXCEPTION CAUGHT BY FLUTTER TEST FRAMEWORK ╞════════════════════════════════════════════════════
The following assertion was thrown running a test:
pumpAndSettle timed out

When the exception was thrown, this was the stack:
#0      WidgetTester.pumpAndSettle.<anonymous closure> (package:flutter_test/src/widget_tester.dart:717:11)
<asynchronous suspension>
#1      TestAsyncUtils.guard.<anonymous closure> (package:flutter_test/src/test_async_utils.dart:130:27)
<asynchronous suspension>
#2      main.<anonymous closure>.<anonymous closure> (file:///C:/Users/hhhh/Desktop/Claude/HydrateOrDie/test/presentation/screens/onboarding/onboarding_summary_screen_test.dart:161:9)
<asynchronous suspension>
#3      testWidgets.<anonymous closure>.<anonymous closure> (package:flutter_test/src/widget_tester.dart:192:15)
<asynchronous suspension>
#4      TestWidgetsFlutterBinding._runTestBody (package:flutter_test/src/binding.dart:1059:5)
<asynchronous suspension>
<asynchronous suspension>
(elided one frame from package:stack_trace)

The test description was:
  should display motivational message with avatar icon (AC #4)
════════════════════════════════════════════════════════════════════════════════════════════════════
══╡ EXCEPTION CAUGHT BY FLUTTER TEST FRAMEWORK ╞════════════════════════════════════════════════════
The following message was thrown:
Multiple exceptions (2) were detected during the running of the current test, and at least one was
unexpected.
════════════════════════════════════════════════════════════════════════════════════════════════════
01:53 +583 -11: C:/Users/hhhh/Desktop/Claude/HydrateOrDie/test/presentation/screens/onboarding/onboarding_summary_screen_test.dart: OnboardingSummaryScreen should display motivational message with avatar icon (AC #4) [E]
  Test failed. See exception logs above.
  The test description was: should display motivational message with avatar icon (AC #4)
  
01:53 +583 -11: C:/Users/hhhh/Desktop/Claude/HydrateOrDie/test/presentation/screens/onboarding/onboarding_summary_screen_test.dart: OnboardingSummaryScreen should display "C'est parti!" button (AC #5)
══╡ EXCEPTION CAUGHT BY SCHEDULER LIBRARY ╞═════════════════════════════════════════════════════════
The following assertion was thrown during a scheduler callback:
Could not find a generator for route RouteSettings("/onboarding_weight", null) in the
_WidgetsAppState.
Make sure your root app widget has provided a way to generate
this route.
Generators for routes are searched for in the following order:
 1. For the "/" route, the "home" property, if non-null, is used.
 2. Otherwise, the "routes" table is used, if it has an entry for the route.
 3. Otherwise, onGenerateRoute is called. It should return a non-null value for any valid route not
handled by "home" and "routes".
 4. Finally if all else fails onUnknownRoute is called.
Unfortunately, onUnknownRoute was not set.

When the exception was thrown, this was the stack:
#0      _WidgetsAppState._onUnknownRoute.<anonymous closure> (package:flutter/src/widgets/app.dart:1570:9)
#1      _WidgetsAppState._onUnknownRoute (package:flutter/src/widgets/app.dart:1585:6)
#2      NavigatorState._routeNamed (package:flutter/src/widgets/navigator.dart:4667:37)
#3      NavigatorState.pushReplacementNamed (package:flutter/src/widgets/navigator.dart:4784:7)
#4      _OnboardingSummaryScreenState.build.<anonymous closure> (package:hydrate_or_die/presentation/screens/onboarding/onboarding_summary_screen.dart:42:31)
#5      SchedulerBinding._invokeFrameCallback (package:flutter/src/scheduler/binding.dart:1434:15)
#6      SchedulerBinding.handleDrawFrame (package:flutter/src/scheduler/binding.dart:1361:11)
#7      AutomatedTestWidgetsFlutterBinding.pump.<anonymous closure> (package:flutter_test/src/binding.dart:1335:9)
#10     TestAsyncUtils.guard (package:flutter_test/src/test_async_utils.dart:74:41)
#11     AutomatedTestWidgetsFlutterBinding.pump (package:flutter_test/src/binding.dart:1324:27)
#12     WidgetTester.pumpWidget.<anonymous closure> (package:flutter_test/src/widget_tester.dart:598:22)
#15     TestAsyncUtils.guard (package:flutter_test/src/test_async_utils.dart:74:41)
#16     WidgetTester.pumpWidget (package:flutter_test/src/widget_tester.dart:595:27)
#17     main.<anonymous closure>.<anonymous closure> (file:///C:/Users/hhhh/Desktop/Claude/HydrateOrDie/test/presentation/screens/onboarding/onboarding_summary_screen_test.dart:181:20)
#18     testWidgets.<anonymous closure>.<anonymous closure> (package:flutter_test/src/widget_tester.dart:192:29)
<asynchronous suspension>
#19     TestWidgetsFlutterBinding._runTestBody (package:flutter_test/src/binding.dart:1059:5)
<asynchronous suspension>
<asynchronous suspension>
(elided 5 frames from dart:async and package:stack_trace)
════════════════════════════════════════════════════════════════════════════════════════════════════
══╡ EXCEPTION CAUGHT BY FLUTTER TEST FRAMEWORK ╞════════════════════════════════════════════════════
The following assertion was thrown running a test:
pumpAndSettle timed out

When the exception was thrown, this was the stack:
#0      WidgetTester.pumpAndSettle.<anonymous closure> (package:flutter_test/src/widget_tester.dart:717:11)
<asynchronous suspension>
#1      TestAsyncUtils.guard.<anonymous closure> (package:flutter_test/src/test_async_utils.dart:130:27)
<asynchronous suspension>
#2      main.<anonymous closure>.<anonymous closure> (file:///C:/Users/hhhh/Desktop/Claude/HydrateOrDie/test/presentation/screens/onboarding/onboarding_summary_screen_test.dart:182:7)
<asynchronous suspension>
#3      testWidgets.<anonymous closure>.<anonymous closure> (package:flutter_test/src/widget_tester.dart:192:15)
<asynchronous suspension>
#4      TestWidgetsFlutterBinding._runTestBody (package:flutter_test/src/binding.dart:1059:5)
<asynchronous suspension>
<asynchronous suspension>
(elided one frame from package:stack_trace)

The test description was:
  should display "C'est parti!" button (AC #5)
════════════════════════════════════════════════════════════════════════════════════════════════════
══╡ EXCEPTION CAUGHT BY FLUTTER TEST FRAMEWORK ╞════════════════════════════════════════════════════
The following message was thrown:
Multiple exceptions (2) were detected during the running of the current test, and at least one was
unexpected.
════════════════════════════════════════════════════════════════════════════════════════════════════
01:55 +583 -12: C:/Users/hhhh/Desktop/Claude/HydrateOrDie/test/presentation/screens/onboarding/onboarding_summary_screen_test.dart: OnboardingSummaryScreen should display "C'est parti!" button (AC #5) [E]
  Test failed. See exception logs above.
  The test description was: should display "C'est parti!" button (AC #5)
  
01:55 +583 -12: C:/Users/hhhh/Desktop/Claude/HydrateOrDie/test/presentation/screens/onboarding/onboarding_summary_screen_test.dart: OnboardingSummaryScreen should save profile and navigate to home when button is tapped (AC #5, #6)
══╡ EXCEPTION CAUGHT BY SCHEDULER LIBRARY ╞═════════════════════════════════════════════════════════
The following assertion was thrown during a scheduler callback:
Could not find a generator for route RouteSettings("/onboarding_weight", null) in the
_WidgetsAppState.
Make sure your root app widget has provided a way to generate
this route.
Generators for routes are searched for in the following order:
 1. For the "/" route, the "home" property, if non-null, is used.
 2. Otherwise, the "routes" table is used, if it has an entry for the route.
 3. Otherwise, onGenerateRoute is called. It should return a non-null value for any valid route not
handled by "home" and "routes".
 4. Finally if all else fails onUnknownRoute is called.
Unfortunately, onUnknownRoute was not set.

When the exception was thrown, this was the stack:
#0      _WidgetsAppState._onUnknownRoute.<anonymous closure> (package:flutter/src/widgets/app.dart:1570:9)
#1      _WidgetsAppState._onUnknownRoute (package:flutter/src/widgets/app.dart:1585:6)
#2      NavigatorState._routeNamed (package:flutter/src/widgets/navigator.dart:4667:37)
#3      NavigatorState.pushReplacementNamed (package:flutter/src/widgets/navigator.dart:4784:7)
#4      _OnboardingSummaryScreenState.build.<anonymous closure> (package:hydrate_or_die/presentation/screens/onboarding/onboarding_summary_screen.dart:42:31)
#5      SchedulerBinding._invokeFrameCallback (package:flutter/src/scheduler/binding.dart:1434:15)
#6      SchedulerBinding.handleDrawFrame (package:flutter/src/scheduler/binding.dart:1361:11)
#7      AutomatedTestWidgetsFlutterBinding.pump.<anonymous closure> (package:flutter_test/src/binding.dart:1335:9)
#10     TestAsyncUtils.guard (package:flutter_test/src/test_async_utils.dart:74:41)
#11     AutomatedTestWidgetsFlutterBinding.pump (package:flutter_test/src/binding.dart:1324:27)
#12     WidgetTester.pumpWidget.<anonymous closure> (package:flutter_test/src/widget_tester.dart:598:22)
#15     TestAsyncUtils.guard (package:flutter_test/src/test_async_utils.dart:74:41)
#16     WidgetTester.pumpWidget (package:flutter_test/src/widget_tester.dart:595:27)
#17     main.<anonymous closure>.<anonymous closure> (file:///C:/Users/hhhh/Desktop/Claude/HydrateOrDie/test/presentation/screens/onboarding/onboarding_summary_screen_test.dart:197:22)
#18     testWidgets.<anonymous closure>.<anonymous closure> (package:flutter_test/src/widget_tester.dart:192:29)
<asynchronous suspension>
#19     TestWidgetsFlutterBinding._runTestBody (package:flutter_test/src/binding.dart:1059:5)
<asynchronous suspension>
<asynchronous suspension>
(elided 5 frames from dart:async and package:stack_trace)
════════════════════════════════════════════════════════════════════════════════════════════════════
══╡ EXCEPTION CAUGHT BY FLUTTER TEST FRAMEWORK ╞════════════════════════════════════════════════════
The following assertion was thrown running a test:
pumpAndSettle timed out

When the exception was thrown, this was the stack:
#0      WidgetTester.pumpAndSettle.<anonymous closure> (package:flutter_test/src/widget_tester.dart:717:11)
<asynchronous suspension>
#1      TestAsyncUtils.guard.<anonymous closure> (package:flutter_test/src/test_async_utils.dart:130:27)
<asynchronous suspension>
#2      main.<anonymous closure>.<anonymous closure> (file:///C:/Users/hhhh/Desktop/Claude/HydrateOrDie/test/presentation/screens/onboarding/onboarding_summary_screen_test.dart:212:9)
<asynchronous suspension>
#3      testWidgets.<anonymous closure>.<anonymous closure> (package:flutter_test/src/widget_tester.dart:192:15)
<asynchronous suspension>
#4      TestWidgetsFlutterBinding._runTestBody (package:flutter_test/src/binding.dart:1059:5)
<asynchronous suspension>
<asynchronous suspension>
(elided one frame from package:stack_trace)

The test description was:
  should save profile and navigate to home when button is tapped (AC #5, #6)
════════════════════════════════════════════════════════════════════════════════════════════════════
══╡ EXCEPTION CAUGHT BY FLUTTER TEST FRAMEWORK ╞════════════════════════════════════════════════════
The following message was thrown:
Multiple exceptions (2) were detected during the running of the current test, and at least one was
unexpected.
════════════════════════════════════════════════════════════════════════════════════════════════════
01:57 +583 -13: C:/Users/hhhh/Desktop/Claude/HydrateOrDie/test/presentation/screens/onboarding/onboarding_summary_screen_test.dart: OnboardingSummaryScreen should save profile and navigate to home when button is tapped (AC #5, #6) [E]
  Test failed. See exception logs above.
  The test description was: should save profile and navigate to home when button is tapped (AC #5, #6)
  
01:57 +583 -13: C:/Users/hhhh/Desktop/Claude/HydrateOrDie/test/presentation/screens/onboarding/onboarding_summary_screen_test.dart: OnboardingSummaryScreen should show error SnackBar when save fails
══╡ EXCEPTION CAUGHT BY SCHEDULER LIBRARY ╞═════════════════════════════════════════════════════════
The following assertion was thrown during a scheduler callback:
Could not find a generator for route RouteSettings("/onboarding_weight", null) in the
_WidgetsAppState.
Make sure your root app widget has provided a way to generate
this route.
Generators for routes are searched for in the following order:
 1. For the "/" route, the "home" property, if non-null, is used.
 2. Otherwise, the "routes" table is used, if it has an entry for the route.
 3. Otherwise, onGenerateRoute is called. It should return a non-null value for any valid route not
handled by "home" and "routes".
 4. Finally if all else fails onUnknownRoute is called.
Unfortunately, onUnknownRoute was not set.

When the exception was thrown, this was the stack:
#0      _WidgetsAppState._onUnknownRoute.<anonymous closure> (package:flutter/src/widgets/app.dart:1570:9)
#1      _WidgetsAppState._onUnknownRoute (package:flutter/src/widgets/app.dart:1585:6)
#2      NavigatorState._routeNamed (package:flutter/src/widgets/navigator.dart:4667:37)
#3      NavigatorState.pushReplacementNamed (package:flutter/src/widgets/navigator.dart:4784:7)
#4      _OnboardingSummaryScreenState.build.<anonymous closure> (package:hydrate_or_die/presentation/screens/onboarding/onboarding_summary_screen.dart:42:31)
#5      SchedulerBinding._invokeFrameCallback (package:flutter/src/scheduler/binding.dart:1434:15)
#6      SchedulerBinding.handleDrawFrame (package:flutter/src/scheduler/binding.dart:1361:11)
#7      AutomatedTestWidgetsFlutterBinding.pump.<anonymous closure> (package:flutter_test/src/binding.dart:1335:9)
#10     TestAsyncUtils.guard (package:flutter_test/src/test_async_utils.dart:74:41)
#11     AutomatedTestWidgetsFlutterBinding.pump (package:flutter_test/src/binding.dart:1324:27)
#12     WidgetTester.pumpWidget.<anonymous closure> (package:flutter_test/src/widget_tester.dart:598:22)
#15     TestAsyncUtils.guard (package:flutter_test/src/test_async_utils.dart:74:41)
#16     WidgetTester.pumpWidget (package:flutter_test/src/widget_tester.dart:595:27)
#17     main.<anonymous closure>.<anonymous closure> (file:///C:/Users/hhhh/Desktop/Claude/HydrateOrDie/test/presentation/screens/onboarding/onboarding_summary_screen_test.dart:236:20)
#18     testWidgets.<anonymous closure>.<anonymous closure> (package:flutter_test/src/widget_tester.dart:192:29)
<asynchronous suspension>
#19     TestWidgetsFlutterBinding._runTestBody (package:flutter_test/src/binding.dart:1059:5)
<asynchronous suspension>
<asynchronous suspension>
(elided 5 frames from dart:async and package:stack_trace)
════════════════════════════════════════════════════════════════════════════════════════════════════
══╡ EXCEPTION CAUGHT BY FLUTTER TEST FRAMEWORK ╞════════════════════════════════════════════════════
The following assertion was thrown running a test:
pumpAndSettle timed out

When the exception was thrown, this was the stack:
#0      WidgetTester.pumpAndSettle.<anonymous closure> (package:flutter_test/src/widget_tester.dart:717:11)
<asynchronous suspension>
#1      TestAsyncUtils.guard.<anonymous closure> (package:flutter_test/src/test_async_utils.dart:130:27)
<asynchronous suspension>
#2      main.<anonymous closure>.<anonymous closure> (file:///C:/Users/hhhh/Desktop/Claude/HydrateOrDie/test/presentation/screens/onboarding/onboarding_summary_screen_test.dart:237:7)
<asynchronous suspension>
#3      testWidgets.<anonymous closure>.<anonymous closure> (package:flutter_test/src/widget_tester.dart:192:15)
<asynchronous suspension>
#4      TestWidgetsFlutterBinding._runTestBody (package:flutter_test/src/binding.dart:1059:5)
<asynchronous suspension>
<asynchronous suspension>
(elided one frame from package:stack_trace)

The test description was:
  should show error SnackBar when save fails
════════════════════════════════════════════════════════════════════════════════════════════════════
══╡ EXCEPTION CAUGHT BY FLUTTER TEST FRAMEWORK ╞════════════════════════════════════════════════════
The following message was thrown:
Multiple exceptions (2) were detected during the running of the current test, and at least one was
unexpected.
════════════════════════════════════════════════════════════════════════════════════════════════════
02:00 +583 -14: C:/Users/hhhh/Desktop/Claude/HydrateOrDie/test/presentation/screens/onboarding/onboarding_summary_screen_test.dart: OnboardingSummaryScreen should show error SnackBar when save fails [E]
  Test failed. See exception logs above.
  The test description was: should show error SnackBar when save fails
  
02:00 +583 -14: C:/Users/hhhh/Desktop/Claude/HydrateOrDie/test/presentation/screens/onboarding/onboarding_summary_screen_test.dart: OnboardingSummaryScreen should redirect to weight screen if state is incomplete
02:00 +584 -14: C:/Users/hhhh/Desktop/Claude/HydrateOrDie/test/presentation/screens/onboarding/onboarding_summary_screen_test.dart: OnboardingSummaryScreen should display correct goal for female user
══╡ EXCEPTION CAUGHT BY SCHEDULER LIBRARY ╞═════════════════════════════════════════════════════════
The following assertion was thrown during a scheduler callback:
Could not find a generator for route RouteSettings("/onboarding_weight", null) in the
_WidgetsAppState.
Make sure your root app widget has provided a way to generate
this route.
Generators for routes are searched for in the following order:
 1. For the "/" route, the "home" property, if non-null, is used.
 2. Otherwise, the "routes" table is used, if it has an entry for the route.
 3. Otherwise, onGenerateRoute is called. It should return a non-null value for any valid route not
handled by "home" and "routes".
 4. Finally if all else fails onUnknownRoute is called.
Unfortunately, onUnknownRoute was not set.

When the exception was thrown, this was the stack:
#0      _WidgetsAppState._onUnknownRoute.<anonymous closure> (package:flutter/src/widgets/app.dart:1570:9)
#1      _WidgetsAppState._onUnknownRoute (package:flutter/src/widgets/app.dart:1585:6)
#2      NavigatorState._routeNamed (package:flutter/src/widgets/navigator.dart:4667:37)
#3      NavigatorState.pushReplacementNamed (package:flutter/src/widgets/navigator.dart:4784:7)
#4      _OnboardingSummaryScreenState.build.<anonymous closure> (package:hydrate_or_die/presentation/screens/onboarding/onboarding_summary_screen.dart:42:31)
#5      SchedulerBinding._invokeFrameCallback (package:flutter/src/scheduler/binding.dart:1434:15)
#6      SchedulerBinding.handleDrawFrame (package:flutter/src/scheduler/binding.dart:1361:11)
#7      AutomatedTestWidgetsFlutterBinding.pump.<anonymous closure> (package:flutter_test/src/binding.dart:1335:9)
#10     TestAsyncUtils.guard (package:flutter_test/src/test_async_utils.dart:74:41)
#11     AutomatedTestWidgetsFlutterBinding.pump (package:flutter_test/src/binding.dart:1324:27)
#12     WidgetTester.pumpWidget.<anonymous closure> (package:flutter_test/src/widget_tester.dart:598:22)
#15     TestAsyncUtils.guard (package:flutter_test/src/test_async_utils.dart:74:41)
#16     WidgetTester.pumpWidget (package:flutter_test/src/widget_tester.dart:595:27)
#17     main.<anonymous closure>.<anonymous closure> (file:///C:/Users/hhhh/Desktop/Claude/HydrateOrDie/test/presentation/screens/onboarding/onboarding_summary_screen_test.dart:300:20)
#18     testWidgets.<anonymous closure>.<anonymous closure> (package:flutter_test/src/widget_tester.dart:192:29)
<asynchronous suspension>
#19     TestWidgetsFlutterBinding._runTestBody (package:flutter_test/src/binding.dart:1059:5)
<asynchronous suspension>
<asynchronous suspension>
(elided 5 frames from dart:async and package:stack_trace)
════════════════════════════════════════════════════════════════════════════════════════════════════
══╡ EXCEPTION CAUGHT BY FLUTTER TEST FRAMEWORK ╞════════════════════════════════════════════════════
The following assertion was thrown running a test:
pumpAndSettle timed out

When the exception was thrown, this was the stack:
#0      WidgetTester.pumpAndSettle.<anonymous closure> (package:flutter_test/src/widget_tester.dart:717:11)
<asynchronous suspension>
#1      TestAsyncUtils.guard.<anonymous closure> (package:flutter_test/src/test_async_utils.dart:130:27)
<asynchronous suspension>
#2      main.<anonymous closure>.<anonymous closure> (file:///C:/Users/hhhh/Desktop/Claude/HydrateOrDie/test/presentation/screens/onboarding/onboarding_summary_screen_test.dart:301:7)
<asynchronous suspension>
#3      testWidgets.<anonymous closure>.<anonymous closure> (package:flutter_test/src/widget_tester.dart:192:15)
<asynchronous suspension>
#4      TestWidgetsFlutterBinding._runTestBody (package:flutter_test/src/binding.dart:1059:5)
<asynchronous suspension>
<asynchronous suspension>
(elided one frame from package:stack_trace)

The test description was:
  should display correct goal for female user
════════════════════════════════════════════════════════════════════════════════════════════════════
══╡ EXCEPTION CAUGHT BY FLUTTER TEST FRAMEWORK ╞════════════════════════════════════════════════════
The following message was thrown:
Multiple exceptions (2) were detected during the running of the current test, and at least one was
unexpected.
════════════════════════════════════════════════════════════════════════════════════════════════════
02:02 +584 -15: C:/Users/hhhh/Desktop/Claude/HydrateOrDie/test/presentation/screens/onboarding/onboarding_summary_screen_test.dart: OnboardingSummaryScreen should display correct goal for female user [E]
  Test failed. See exception logs above.
  The test description was: should display correct goal for female user
  
02:02 +584 -15: C:/Users/hhhh/Desktop/Claude/HydrateOrDie/test/presentation/screens/onboarding/onboarding_summary_screen_test.dart: OnboardingSummaryScreen should not display location if not provided
══╡ EXCEPTION CAUGHT BY SCHEDULER LIBRARY ╞═════════════════════════════════════════════════════════
The following assertion was thrown during a scheduler callback:
Could not find a generator for route RouteSettings("/onboarding_weight", null) in the
_WidgetsAppState.
Make sure your root app widget has provided a way to generate
this route.
Generators for routes are searched for in the following order:
 1. For the "/" route, the "home" property, if non-null, is used.
 2. Otherwise, the "routes" table is used, if it has an entry for the route.
 3. Otherwise, onGenerateRoute is called. It should return a non-null value for any valid route not
handled by "home" and "routes".
 4. Finally if all else fails onUnknownRoute is called.
Unfortunately, onUnknownRoute was not set.

When the exception was thrown, this was the stack:
#0      _WidgetsAppState._onUnknownRoute.<anonymous closure> (package:flutter/src/widgets/app.dart:1570:9)
#1      _WidgetsAppState._onUnknownRoute (package:flutter/src/widgets/app.dart:1585:6)
#2      NavigatorState._routeNamed (package:flutter/src/widgets/navigator.dart:4667:37)
#3      NavigatorState.pushReplacementNamed (package:flutter/src/widgets/navigator.dart:4784:7)
#4      _OnboardingSummaryScreenState.build.<anonymous closure> (package:hydrate_or_die/presentation/screens/onboarding/onboarding_summary_screen.dart:42:31)
#5      SchedulerBinding._invokeFrameCallback (package:flutter/src/scheduler/binding.dart:1434:15)
#6      SchedulerBinding.handleDrawFrame (package:flutter/src/scheduler/binding.dart:1361:11)
#7      AutomatedTestWidgetsFlutterBinding.pump.<anonymous closure> (package:flutter_test/src/binding.dart:1335:9)
#10     TestAsyncUtils.guard (package:flutter_test/src/test_async_utils.dart:74:41)
#11     AutomatedTestWidgetsFlutterBinding.pump (package:flutter_test/src/binding.dart:1324:27)
#12     WidgetTester.pumpWidget.<anonymous closure> (package:flutter_test/src/widget_tester.dart:598:22)
#15     TestAsyncUtils.guard (package:flutter_test/src/test_async_utils.dart:74:41)
#16     WidgetTester.pumpWidget (package:flutter_test/src/widget_tester.dart:595:27)
#17     main.<anonymous closure>.<anonymous closure> (file:///C:/Users/hhhh/Desktop/Claude/HydrateOrDie/test/presentation/screens/onboarding/onboarding_summary_screen_test.dart:315:20)
#18     testWidgets.<anonymous closure>.<anonymous closure> (package:flutter_test/src/widget_tester.dart:192:29)
<asynchronous suspension>
#19     TestWidgetsFlutterBinding._runTestBody (package:flutter_test/src/binding.dart:1059:5)
<asynchronous suspension>
<asynchronous suspension>
(elided 5 frames from dart:async and package:stack_trace)
════════════════════════════════════════════════════════════════════════════════════════════════════
══╡ EXCEPTION CAUGHT BY FLUTTER TEST FRAMEWORK ╞════════════════════════════════════════════════════
The following assertion was thrown running a test:
pumpAndSettle timed out

When the exception was thrown, this was the stack:
#0      WidgetTester.pumpAndSettle.<anonymous closure> (package:flutter_test/src/widget_tester.dart:717:11)
<asynchronous suspension>
#1      TestAsyncUtils.guard.<anonymous closure> (package:flutter_test/src/test_async_utils.dart:130:27)
<asynchronous suspension>
#2      main.<anonymous closure>.<anonymous closure> (file:///C:/Users/hhhh/Desktop/Claude/HydrateOrDie/test/presentation/screens/onboarding/onboarding_summary_screen_test.dart:316:7)
<asynchronous suspension>
#3      testWidgets.<anonymous closure>.<anonymous closure> (package:flutter_test/src/widget_tester.dart:192:15)
<asynchronous suspension>
#4      TestWidgetsFlutterBinding._runTestBody (package:flutter_test/src/binding.dart:1059:5)
<asynchronous suspension>
<asynchronous suspension>
(elided one frame from package:stack_trace)

The test description was:
  should not display location if not provided
════════════════════════════════════════════════════════════════════════════════════════════════════
══╡ EXCEPTION CAUGHT BY FLUTTER TEST FRAMEWORK ╞════════════════════════════════════════════════════
The following message was thrown:
Multiple exceptions (2) were detected during the running of the current test, and at least one was
unexpected.
════════════════════════════════════════════════════════════════════════════════════════════════════
02:05 +584 -16: C:/Users/hhhh/Desktop/Claude/HydrateOrDie/test/presentation/screens/onboarding/onboarding_summary_screen_test.dart: OnboardingSummaryScreen should not display location if not provided [E]
  Test failed. See exception logs above.
  The test description was: should not display location if not provided
  
02:05 +584 -16: C:/Users/hhhh/Desktop/Claude/HydrateOrDie/test/presentation/screens/onboarding/onboarding_summary_screen_test.dart: OnboardingSummaryScreen should translate all activity levels correctly
══╡ EXCEPTION CAUGHT BY SCHEDULER LIBRARY ╞═════════════════════════════════════════════════════════
The following assertion was thrown during a scheduler callback:
Could not find a generator for route RouteSettings("/onboarding_weight", null) in the
_WidgetsAppState.
Make sure your root app widget has provided a way to generate
this route.
Generators for routes are searched for in the following order:
 1. For the "/" route, the "home" property, if non-null, is used.
 2. Otherwise, the "routes" table is used, if it has an entry for the route.
 3. Otherwise, onGenerateRoute is called. It should return a non-null value for any valid route not
handled by "home" and "routes".
 4. Finally if all else fails onUnknownRoute is called.
Unfortunately, onUnknownRoute was not set.

When the exception was thrown, this was the stack:
#0      _WidgetsAppState._onUnknownRoute.<anonymous closure> (package:flutter/src/widgets/app.dart:1570:9)
#1      _WidgetsAppState._onUnknownRoute (package:flutter/src/widgets/app.dart:1585:6)
#2      NavigatorState._routeNamed (package:flutter/src/widgets/navigator.dart:4667:37)
#3      NavigatorState.pushReplacementNamed (package:flutter/src/widgets/navigator.dart:4784:7)
#4      _OnboardingSummaryScreenState.build.<anonymous closure> (package:hydrate_or_die/presentation/screens/onboarding/onboarding_summary_screen.dart:42:31)
#5      SchedulerBinding._invokeFrameCallback (package:flutter/src/scheduler/binding.dart:1434:15)
#6      SchedulerBinding.handleDrawFrame (package:flutter/src/scheduler/binding.dart:1361:11)
#7      AutomatedTestWidgetsFlutterBinding.pump.<anonymous closure> (package:flutter_test/src/binding.dart:1335:9)
#10     TestAsyncUtils.guard (package:flutter_test/src/test_async_utils.dart:74:41)
#11     AutomatedTestWidgetsFlutterBinding.pump (package:flutter_test/src/binding.dart:1324:27)
#12     WidgetTester.pumpWidget.<anonymous closure> (package:flutter_test/src/widget_tester.dart:598:22)
#15     TestAsyncUtils.guard (package:flutter_test/src/test_async_utils.dart:74:41)
#16     WidgetTester.pumpWidget (package:flutter_test/src/widget_tester.dart:595:27)
#17     main.<anonymous closure>.<anonymous closure> (file:///C:/Users/hhhh/Desktop/Claude/HydrateOrDie/test/presentation/screens/onboarding/onboarding_summary_screen_test.dart:337:22)
#18     testWidgets.<anonymous closure>.<anonymous closure> (package:flutter_test/src/widget_tester.dart:192:29)
<asynchronous suspension>
#19     TestWidgetsFlutterBinding._runTestBody (package:flutter_test/src/binding.dart:1059:5)
<asynchronous suspension>
<asynchronous suspension>
(elided 5 frames from dart:async and package:stack_trace)
════════════════════════════════════════════════════════════════════════════════════════════════════
══╡ EXCEPTION CAUGHT BY FLUTTER TEST FRAMEWORK ╞════════════════════════════════════════════════════
The following assertion was thrown running a test:
pumpAndSettle timed out

When the exception was thrown, this was the stack:
#0      WidgetTester.pumpAndSettle.<anonymous closure> (package:flutter_test/src/widget_tester.dart:717:11)
<asynchronous suspension>
#1      TestAsyncUtils.guard.<anonymous closure> (package:flutter_test/src/test_async_utils.dart:130:27)
<asynchronous suspension>
#2      main.<anonymous closure>.<anonymous closure> (file:///C:/Users/hhhh/Desktop/Claude/HydrateOrDie/test/presentation/screens/onboarding/onboarding_summary_screen_test.dart:338:9)
<asynchronous suspension>
#3      testWidgets.<anonymous closure>.<anonymous closure> (package:flutter_test/src/widget_tester.dart:192:15)
<asynchronous suspension>
#4      TestWidgetsFlutterBinding._runTestBody (package:flutter_test/src/binding.dart:1059:5)
<asynchronous suspension>
<asynchronous suspension>
(elided one frame from package:stack_trace)

The test description was:
  should translate all activity levels correctly
════════════════════════════════════════════════════════════════════════════════════════════════════
══╡ EXCEPTION CAUGHT BY FLUTTER TEST FRAMEWORK ╞════════════════════════════════════════════════════
The following message was thrown:
Multiple exceptions (2) were detected during the running of the current test, and at least one was
unexpected.
════════════════════════════════════════════════════════════════════════════════════════════════════
02:07 +584 -17: C:/Users/hhhh/Desktop/Claude/HydrateOrDie/test/presentation/screens/onboarding/onboarding_summary_screen_test.dart: OnboardingSummaryScreen should translate all activity levels correctly [E]
  Test failed. See exception logs above.
  The test description was: should translate all activity levels correctly
  
02:07 +584 -17: C:/Users/hhhh/Desktop/Claude/HydrateOrDie/test/presentation/screens/onboarding/onboarding_summary_screen_test.dart: OnboardingSummaryScreen should show loading indicator while saving
══╡ EXCEPTION CAUGHT BY SCHEDULER LIBRARY ╞═════════════════════════════════════════════════════════
The following assertion was thrown during a scheduler callback:
Could not find a generator for route RouteSettings("/onboarding_weight", null) in the
_WidgetsAppState.
Make sure your root app widget has provided a way to generate
this route.
Generators for routes are searched for in the following order:
 1. For the "/" route, the "home" property, if non-null, is used.
 2. Otherwise, the "routes" table is used, if it has an entry for the route.
 3. Otherwise, onGenerateRoute is called. It should return a non-null value for any valid route not
handled by "home" and "routes".
 4. Finally if all else fails onUnknownRoute is called.
Unfortunately, onUnknownRoute was not set.

When the exception was thrown, this was the stack:
#0      _WidgetsAppState._onUnknownRoute.<anonymous closure> (package:flutter/src/widgets/app.dart:1570:9)
#1      _WidgetsAppState._onUnknownRoute (package:flutter/src/widgets/app.dart:1585:6)
#2      NavigatorState._routeNamed (package:flutter/src/widgets/navigator.dart:4667:37)
#3      NavigatorState.pushReplacementNamed (package:flutter/src/widgets/navigator.dart:4784:7)
#4      _OnboardingSummaryScreenState.build.<anonymous closure> (package:hydrate_or_die/presentation/screens/onboarding/onboarding_summary_screen.dart:42:31)
#5      SchedulerBinding._invokeFrameCallback (package:flutter/src/scheduler/binding.dart:1434:15)
#6      SchedulerBinding.handleDrawFrame (package:flutter/src/scheduler/binding.dart:1361:11)
#7      AutomatedTestWidgetsFlutterBinding.pump.<anonymous closure> (package:flutter_test/src/binding.dart:1335:9)
#10     TestAsyncUtils.guard (package:flutter_test/src/test_async_utils.dart:74:41)
#11     AutomatedTestWidgetsFlutterBinding.pump (package:flutter_test/src/binding.dart:1324:27)
#12     WidgetTester.pumpWidget.<anonymous closure> (package:flutter_test/src/widget_tester.dart:598:22)
#15     TestAsyncUtils.guard (package:flutter_test/src/test_async_utils.dart:74:41)
#16     WidgetTester.pumpWidget (package:flutter_test/src/widget_tester.dart:595:27)
#17     main.<anonymous closure>.<anonymous closure> (file:///C:/Users/hhhh/Desktop/Claude/HydrateOrDie/test/presentation/screens/onboarding/onboarding_summary_screen_test.dart:355:20)
#18     testWidgets.<anonymous closure>.<anonymous closure> (package:flutter_test/src/widget_tester.dart:192:29)
<asynchronous suspension>
#19     TestWidgetsFlutterBinding._runTestBody (package:flutter_test/src/binding.dart:1059:5)
<asynchronous suspension>
<asynchronous suspension>
(elided 5 frames from dart:async and package:stack_trace)
════════════════════════════════════════════════════════════════════════════════════════════════════
══╡ EXCEPTION CAUGHT BY FLUTTER TEST FRAMEWORK ╞════════════════════════════════════════════════════
The following assertion was thrown running a test:
pumpAndSettle timed out

When the exception was thrown, this was the stack:
#0      WidgetTester.pumpAndSettle.<anonymous closure> (package:flutter_test/src/widget_tester.dart:717:11)
<asynchronous suspension>
#1      TestAsyncUtils.guard.<anonymous closure> (package:flutter_test/src/test_async_utils.dart:130:27)
<asynchronous suspension>
#2      main.<anonymous closure>.<anonymous closure> (file:///C:/Users/hhhh/Desktop/Claude/HydrateOrDie/test/presentation/screens/onboarding/onboarding_summary_screen_test.dart:356:7)
<asynchronous suspension>
#3      testWidgets.<anonymous closure>.<anonymous closure> (package:flutter_test/src/widget_tester.dart:192:15)
<asynchronous suspension>
#4      TestWidgetsFlutterBinding._runTestBody (package:flutter_test/src/binding.dart:1059:5)
<asynchronous suspension>
<asynchronous suspension>
(elided one frame from package:stack_trace)

The test description was:
  should show loading indicator while saving
════════════════════════════════════════════════════════════════════════════════════════════════════
══╡ EXCEPTION CAUGHT BY FLUTTER TEST FRAMEWORK ╞════════════════════════════════════════════════════
The following message was thrown:
Multiple exceptions (2) were detected during the running of the current test, and at least one was
unexpected.
════════════════════════════════════════════════════════════════════════════════════════════════════
02:09 +584 -18: C:/Users/hhhh/Desktop/Claude/HydrateOrDie/test/presentation/screens/onboarding/onboarding_summary_screen_test.dart: OnboardingSummaryScreen should show loading indicator while saving [E]
  Test failed. See exception logs above.
  The test description was: should show loading indicator while saving
  
02:09 +584 -18: loading C:/Users/hhhh/Desktop/Claude/HydrateOrDie/test/presentation/screens/onboarding/onboarding_weight_screen_test.dart
02:11 +584 -18: C:/Users/hhhh/Desktop/Claude/HydrateOrDie/test/presentation/screens/onboarding/onboarding_weight_screen_test.dart: OnboardingWeightScreen should display all UI components (AC #2, #8)
02:12 +585 -18: C:/Users/hhhh/Desktop/Claude/HydrateOrDie/test/presentation/screens/onboarding/onboarding_weight_screen_test.dart: OnboardingWeightScreen should default to kg unit (AC #4)
02:13 +586 -18: C:/Users/hhhh/Desktop/Claude/HydrateOrDie/test/presentation/screens/onboarding/onboarding_weight_screen_test.dart: OnboardingWeightScreen should allow switching to lbs unit (AC #4)
02:13 +587 -18: C:/Users/hhhh/Desktop/Claude/HydrateOrDie/test/presentation/screens/onboarding/onboarding_weight_screen_test.dart: OnboardingWeightScreen should convert weight when switching units
02:13 +588 -18: C:/Users/hhhh/Desktop/Claude/HydrateOrDie/test/presentation/screens/onboarding/onboarding_weight_screen_test.dart: OnboardingWeightScreen should accept valid weight in kg (AC #5)
02:13 +589 -18: C:/Users/hhhh/Desktop/Claude/HydrateOrDie/test/presentation/screens/onboarding/onboarding_weight_screen_test.dart: OnboardingWeightScreen should accept minimum valid weight (30kg) (AC #5)
02:14 +590 -18: C:/Users/hhhh/Desktop/Claude/HydrateOrDie/test/presentation/screens/onboarding/onboarding_weight_screen_test.dart: OnboardingWeightScreen should accept maximum valid weight (300kg) (AC #5)
02:14 +591 -18: C:/Users/hhhh/Desktop/Claude/HydrateOrDie/test/presentation/screens/onboarding/onboarding_weight_screen_test.dart: OnboardingWeightScreen should show error for weight below minimum (AC #5, #6)
02:14 +592 -18: C:/Users/hhhh/Desktop/Claude/HydrateOrDie/test/presentation/screens/onboarding/onboarding_weight_screen_test.dart: OnboardingWeightScreen should show error for weight above maximum (AC #5, #6)
02:14 +593 -18: C:/Users/hhhh/Desktop/Claude/HydrateOrDie/test/presentation/screens/onboarding/onboarding_weight_screen_test.dart: OnboardingWeightScreen should show error for empty weight (AC #5, #6)
02:14 +594 -18: C:/Users/hhhh/Desktop/Claude/HydrateOrDie/test/presentation/screens/onboarding/onboarding_weight_screen_test.dart: OnboardingWeightScreen should show error for invalid format (AC #5, #6)
02:14 +595 -18: C:/Users/hhhh/Desktop/Claude/HydrateOrDie/test/presentation/screens/onboarding/onboarding_weight_screen_test.dart: OnboardingWeightScreen should validate lbs range (66-661) (AC #5)
02:15 +596 -18: C:/Users/hhhh/Desktop/Claude/HydrateOrDie/test/presentation/screens/onboarding/onboarding_weight_screen_test.dart: OnboardingWeightScreen should clear error when user starts typing
02:15 +597 -18: C:/Users/hhhh/Desktop/Claude/HydrateOrDie/test/presentation/screens/onboarding/onboarding_weight_screen_test.dart: OnboardingWeightScreen should use numeric keyboard (AC #3)
02:15 +598 -18: C:/Users/hhhh/Desktop/Claude/HydrateOrDie/test/presentation/screens/onboarding/onboarding_weight_screen_test.dart: OnboardingWeightScreen should update provider state when valid weight entered
02:15 +599 -18: C:/Users/hhhh/Desktop/Claude/HydrateOrDie/test/presentation/screens/onboarding/onboarding_weight_screen_test.dart: OnboardingWeightScreen should convert lbs to kg when updating provider
02:15 +600 -18: C:/Users/hhhh/Desktop/Claude/HydrateOrDie/test/presentation/screens/onboarding/onboarding_weight_screen_test.dart: OnboardingWeightScreen should pre-fill weight if already set in state
02:15 +601 -18: C:/Users/hhhh/Desktop/Claude/HydrateOrDie/test/presentation/screens/onboarding/onboarding_weight_screen_test.dart: OnboardingWeightScreen should allow back navigation
02:15 +602 -18: loading C:/Users/hhhh/Desktop/Claude/HydrateOrDie/test/presentation/screens/photo/glass_size_selection_screen_test.dart
02:17 +602 -18: C:/Users/hhhh/Desktop/Claude/HydrateOrDie/test/presentation/screens/photo/glass_size_selection_screen_test.dart: GlassSizeSelectionScreen - UI AC2: affiche 3 options avec labels corrects
02:18 +603 -18: C:/Users/hhhh/Desktop/Claude/HydrateOrDie/test/presentation/screens/photo/glass_size_selection_screen_test.dart: GlassSizeSelectionScreen - UI AC3: affiche icons proportionnels à la taille
02:18 +604 -18: C:/Users/hhhh/Desktop/Claude/HydrateOrDie/test/presentation/screens/photo/glass_size_selection_screen_test.dart: GlassSizeSelectionScreen - UI AC4: aucune option pré-sélectionnée par défaut
02:18 +605 -18: C:/Users/hhhh/Desktop/Claude/HydrateOrDie/test/presentation/screens/photo/glass_size_selection_screen_test.dart: GlassSizeSelectionScreen - UI affiche instructions claires en haut
02:19 +606 -18: C:/Users/hhhh/Desktop/Claude/HydrateOrDie/test/presentation/screens/photo/glass_size_selection_screen_test.dart: GlassSizeSelectionScreen - Interactions AC5: tap sur option appelle RecordHydrationUseCase
02:19 +607 -18: C:/Users/hhhh/Desktop/Claude/HydrateOrDie/test/presentation/screens/photo/glass_size_selection_screen_test.dart: GlassSizeSelectionScreen - Interactions AC5: navigation vers FeedbackScreen après enregistrement
02:19 +608 -18: C:/Users/hhhh/Desktop/Claude/HydrateOrDie/test/presentation/screens/photo/glass_size_selection_screen_test.dart: GlassSizeSelectionScreen - Interactions AC6: passe le bon glassSize au use case (small)
02:19 +609 -18: C:/Users/hhhh/Desktop/Claude/HydrateOrDie/test/presentation/screens/photo/glass_size_selection_screen_test.dart: GlassSizeSelectionScreen - Interactions AC6: passe le bon glassSize au use case (medium)
02:19 +610 -18: C:/Users/hhhh/Desktop/Claude/HydrateOrDie/test/presentation/screens/photo/glass_size_selection_screen_test.dart: GlassSizeSelectionScreen - Interactions affiche loading pendant enregistrement
02:19 +611 -18: C:/Users/hhhh/Desktop/Claude/HydrateOrDie/test/presentation/screens/photo/glass_size_selection_screen_test.dart: GlassSizeSelectionScreen - Gestion Erreurs affiche erreur si RecordHydrationUseCase échoue
02:20 +612 -18: C:/Users/hhhh/Desktop/Claude/HydrateOrDie/test/presentation/screens/photo/glass_size_selection_screen_test.dart: GlassSizeSelectionScreen - Gestion Erreurs bouton close désactivé pendant enregistrement
02:20 +613 -18: C:/Users/hhhh/Desktop/Claude/HydrateOrDie/test/presentation/screens/photo/glass_size_selection_screen_test.dart: GlassSizeSelectionScreen - Widget Rendering cards ont les bons styles visuels
02:20 +614 -18: loading C:/Users/hhhh/Desktop/Claude/HydrateOrDie/test/presentation/screens/photo_validation/photo_validation_screen_test.dart
02:21 +614 -18: C:/Users/hhhh/Desktop/Claude/HydrateOrDie/test/presentation/screens/photo_validation/photo_validation_screen_test.dart: PhotoValidationScreen should display loading state initially
02:22 +615 -18: C:/Users/hhhh/Desktop/Claude/HydrateOrDie/test/presentation/screens/photo_validation/photo_validation_screen_test.dart: PhotoValidationScreen should attempt to initialize camera when permission granted
02:23 +616 -18: C:/Users/hhhh/Desktop/Claude/HydrateOrDie/test/presentation/screens/photo_validation/photo_validation_screen_test.dart: PhotoValidationScreen should display permission denied state when denied
02:23 +617 -18: C:/Users/hhhh/Desktop/Claude/HydrateOrDie/test/presentation/screens/photo_validation/photo_validation_screen_test.dart: PhotoValidationScreen should display permanently denied state when permanently denied
02:23 +618 -18: C:/Users/hhhh/Desktop/Claude/HydrateOrDie/test/presentation/screens/photo_validation/photo_validation_screen_test.dart: PhotoValidationScreen should display permanently denied state when restricted (iOS)
02:23 +619 -18: C:/Users/hhhh/Desktop/Claude/HydrateOrDie/test/presentation/screens/photo_validation/photo_validation_screen_test.dart: PhotoValidationScreen should navigate back when close button is tapped
02:23 +620 -18: C:/Users/hhhh/Desktop/Claude/HydrateOrDie/test/presentation/screens/photo_validation/photo_validation_screen_test.dart: PhotoValidationScreen should navigate back when Annuler button is tapped (denied)
02:23 +621 -18: C:/Users/hhhh/Desktop/Claude/HydrateOrDie/test/presentation/screens/photo_validation/photo_validation_screen_test.dart: PhotoValidationScreen should call openSettings when Ouvrir Paramètres is tapped
02:23 +622 -18: C:/Users/hhhh/Desktop/Claude/HydrateOrDie/test/presentation/screens/photo_validation/photo_validation_screen_test.dart: PhotoValidationScreen should request permission again when Autoriser la caméra is tapped
02:23 +623 -18: C:/Users/hhhh/Desktop/Claude/HydrateOrDie/test/presentation/screens/photo_validation/photo_validation_screen_test.dart: PhotoValidationScreen should display AppBar with title and close button
02:23 +624 -18: C:/Users/hhhh/Desktop/Claude/HydrateOrDie/test/presentation/screens/photo_validation/photo_validation_screen_test.dart: PhotoValidationScreen should show error snackbar when openSettings fails
02:24 +625 -18: C:/Users/hhhh/Desktop/Claude/HydrateOrDie/test/presentation/screens/photo_validation/photo_validation_screen_test.dart: PhotoValidationScreen - Camera Interface (Story 3.3) should show loading state during camera initialization
02:24 +626 -18: C:/Users/hhhh/Desktop/Claude/HydrateOrDie/test/presentation/screens/photo_validation/photo_validation_screen_test.dart: PhotoValidationScreen - Camera Interface (Story 3.3) should display instructions text in camera interface placeholder
02:24 +627 -18: C:/Users/hhhh/Desktop/Claude/HydrateOrDie/test/presentation/screens/photo_validation/photo_validation_screen_test.dart: PhotoValidationScreen - Camera Interface (Story 3.3) should handle camera initialization error gracefully
02:24 +628 -18: loading C:/Users/hhhh/Desktop/Claude/HydrateOrDie/test/presentation/services/dehydration_timer_service_test.dart
02:25 +628 -18: C:/Users/hhhh/Desktop/Claude/HydrateOrDie/test/presentation/services/dehydration_timer_service_test.dart: DehydrationTimerService AC #4 - Timer periodic (30 minutes) start() démarre le timer avec intervalle de 30 minutes
[DehydrationTimer] Démarrage du timer (intervalle: 1800s)
[DehydrationTimer] Exécution de la mise à jour de l'état avatar
[DehydrationTimer] État avatar mis à jour: AvatarState.fresh
[DehydrationTimer] Arrêt du timer
02:25 +629 -18: C:/Users/hhhh/Desktop/Claude/HydrateOrDie/test/presentation/services/dehydration_timer_service_test.dart: DehydrationTimerService AC #4 - Timer periodic (30 minutes) start() exécute immédiatement une première mise à jour
[DehydrationTimer] Démarrage du timer (intervalle: 1800s)
[DehydrationTimer] Exécution de la mise à jour de l'état avatar
[DehydrationTimer] État avatar mis à jour: AvatarState.fresh
[DehydrationTimer] Arrêt du timer
02:25 +630 -18: C:/Users/hhhh/Desktop/Claude/HydrateOrDie/test/presentation/services/dehydration_timer_service_test.dart: DehydrationTimerService AC #4 - Timer periodic (30 minutes) start() est idempotent (ne crée pas plusieurs timers)
[DehydrationTimer] Démarrage du timer (intervalle: 1800s)
[DehydrationTimer] Exécution de la mise à jour de l'état avatar
[DehydrationTimer] État avatar mis à jour: AvatarState.fresh
[DehydrationTimer] Timer déjà actif - pas de redémarrage
[DehydrationTimer] Arrêt du timer
02:26 +631 -18: C:/Users/hhhh/Desktop/Claude/HydrateOrDie/test/presentation/services/dehydration_timer_service_test.dart: DehydrationTimerService AC #4 - Timer periodic (30 minutes) Timer s'exécute périodiquement
[DehydrationTimer] Démarrage du timer (intervalle: 1800s)
[DehydrationTimer] Exécution de la mise à jour de l'état avatar
[DehydrationTimer] État avatar mis à jour: AvatarState.fresh
[DehydrationTimer] Arrêt du timer
02:26 +632 -18: C:/Users/hhhh/Desktop/Claude/HydrateOrDie/test/presentation/services/dehydration_timer_service_test.dart: DehydrationTimerService AC #8 - Dispose() annule le timer proprement dispose() annule le timer actif
[DehydrationTimer] Démarrage du timer (intervalle: 1800s)
[DehydrationTimer] Exécution de la mise à jour de l'état avatar
[DehydrationTimer] État avatar mis à jour: AvatarState.fresh
[DehydrationTimer] Arrêt du timer
02:26 +633 -18: C:/Users/hhhh/Desktop/Claude/HydrateOrDie/test/presentation/services/dehydration_timer_service_test.dart: DehydrationTimerService AC #8 - Dispose() annule le timer proprement dispose() peut être appelé même si le timer n'est pas démarré
02:26 +634 -18: C:/Users/hhhh/Desktop/Claude/HydrateOrDie/test/presentation/services/dehydration_timer_service_test.dart: DehydrationTimerService AC #8 - Dispose() annule le timer proprement dispose() peut être appelé plusieurs fois
[DehydrationTimer] Démarrage du timer (intervalle: 1800s)
[DehydrationTimer] Exécution de la mise à jour de l'état avatar
[DehydrationTimer] Arrêt du timer
[DehydrationTimer] État avatar mis à jour: AvatarState.fresh
02:26 +635 -18: C:/Users/hhhh/Desktop/Claude/HydrateOrDie/test/presentation/services/dehydration_timer_service_test.dart: DehydrationTimerService AC #8 - Dispose() annule le timer proprement Le service peut être redémarré après dispose()
[DehydrationTimer] Démarrage du timer (intervalle: 1800s)
[DehydrationTimer] Exécution de la mise à jour de l'état avatar
[DehydrationTimer] État avatar mis à jour: AvatarState.fresh
[DehydrationTimer] Arrêt du timer
[DehydrationTimer] Démarrage du timer (intervalle: 1800s)
[DehydrationTimer] Exécution de la mise à jour de l'état avatar
[DehydrationTimer] État avatar mis à jour: AvatarState.fresh
[DehydrationTimer] Arrêt du timer
02:26 +636 -18: C:/Users/hhhh/Desktop/Claude/HydrateOrDie/test/presentation/services/dehydration_timer_service_test.dart: DehydrationTimerService AC #6 - Logging des transitions Les transitions d'état sont loggées (via print)
[DehydrationTimer] Démarrage du timer (intervalle: 1800s)
[DehydrationTimer] Exécution de la mise à jour de l'état avatar
[DehydrationTimer] État avatar mis à jour: AvatarState.tired
[DehydrationTimer] Arrêt du timer
02:26 +637 -18: C:/Users/hhhh/Desktop/Claude/HydrateOrDie/test/presentation/services/dehydration_timer_service_test.dart: DehydrationTimerService AC #6 - Logging des transitions Les erreurs sont loggées mais ne font pas crasher le service
[DehydrationTimer] Démarrage du timer (intervalle: 1800s)
[DehydrationTimer] Exécution de la mise à jour de l'état avatar
[DehydrationTimer] Erreur lors de la mise à jour: Exception: Database error
[DehydrationTimer] Arrêt du timer
02:26 +638 -18: C:/Users/hhhh/Desktop/Claude/HydrateOrDie/test/presentation/services/dehydration_timer_service_test.dart: DehydrationTimerService forceUpdate() forceUpdate() exécute immédiatement une mise à jour
[DehydrationTimer] Mise à jour forcée demandée
[DehydrationTimer] Exécution de la mise à jour de l'état avatar
[DehydrationTimer] État avatar mis à jour: AvatarState.dehydrated
02:26 +639 -18: C:/Users/hhhh/Desktop/Claude/HydrateOrDie/test/presentation/services/dehydration_timer_service_test.dart: DehydrationTimerService forceUpdate() forceUpdate() peut être appelé sans avoir démarré le timer
[DehydrationTimer] Mise à jour forcée demandée
[DehydrationTimer] Exécution de la mise à jour de l'état avatar
[DehydrationTimer] État avatar mis à jour: AvatarState.fresh
02:26 +640 -18: C:/Users/hhhh/Desktop/Claude/HydrateOrDie/test/presentation/services/dehydration_timer_service_test.dart: DehydrationTimerService forceUpdate() forceUpdate() gère les erreurs gracieusement
[DehydrationTimer] Mise à jour forcée demandée
[DehydrationTimer] Exécution de la mise à jour de l'état avatar
[DehydrationTimer] Erreur lors de la mise à jour: Exception: Network error
02:26 +641 -18: C:/Users/hhhh/Desktop/Claude/HydrateOrDie/test/presentation/services/dehydration_timer_service_test.dart: DehydrationTimerService isRunning getter isRunning retourne false avant start()
02:26 +642 -18: C:/Users/hhhh/Desktop/Claude/HydrateOrDie/test/presentation/services/dehydration_timer_service_test.dart: DehydrationTimerService isRunning getter isRunning retourne true après start()
[DehydrationTimer] Démarrage du timer (intervalle: 1800s)
[DehydrationTimer] Exécution de la mise à jour de l'état avatar
[DehydrationTimer] État avatar mis à jour: AvatarState.fresh
[DehydrationTimer] Arrêt du timer
02:26 +643 -18: C:/Users/hhhh/Desktop/Claude/HydrateOrDie/test/presentation/services/dehydration_timer_service_test.dart: DehydrationTimerService isRunning getter isRunning retourne false après dispose()
[DehydrationTimer] Démarrage du timer (intervalle: 1800s)
[DehydrationTimer] Exécution de la mise à jour de l'état avatar
[DehydrationTimer] État avatar mis à jour: AvatarState.fresh
[DehydrationTimer] Arrêt du timer
02:27 +644 -18: C:/Users/hhhh/Desktop/Claude/HydrateOrDie/test/presentation/services/dehydration_timer_service_test.dart: DehydrationTimerService Intégration avec différents états d'avatar Gère transition vers Fresh
[DehydrationTimer] Mise à jour forcée demandée
[DehydrationTimer] Exécution de la mise à jour de l'état avatar
[DehydrationTimer] État avatar mis à jour: AvatarState.fresh
02:27 +645 -18: C:/Users/hhhh/Desktop/Claude/HydrateOrDie/test/presentation/services/dehydration_timer_service_test.dart: DehydrationTimerService Intégration avec différents états d'avatar Gère transition vers Tired
[DehydrationTimer] Mise à jour forcée demandée
[DehydrationTimer] Exécution de la mise à jour de l'état avatar
[DehydrationTimer] État avatar mis à jour: AvatarState.tired
02:27 +646 -18: C:/Users/hhhh/Desktop/Claude/HydrateOrDie/test/presentation/services/dehydration_timer_service_test.dart: DehydrationTimerService Intégration avec différents états d'avatar Gère transition vers Dehydrated
[DehydrationTimer] Mise à jour forcée demandée
[DehydrationTimer] Exécution de la mise à jour de l'état avatar
[DehydrationTimer] État avatar mis à jour: AvatarState.dehydrated
02:27 +647 -18: C:/Users/hhhh/Desktop/Claude/HydrateOrDie/test/presentation/services/dehydration_timer_service_test.dart: DehydrationTimerService Intégration avec différents états d'avatar Gère transition vers Dead
[DehydrationTimer] Mise à jour forcée demandée
[DehydrationTimer] Exécution de la mise à jour de l'état avatar
[DehydrationTimer] État avatar mis à jour: AvatarState.dead
02:27 +648 -18: loading C:/Users/hhhh/Desktop/Claude/HydrateOrDie/test/presentation/widgets/avatar_display_test.dart
02:28 +648 -18: C:/Users/hhhh/Desktop/Claude/HydrateOrDie/test/presentation/widgets/avatar_display_test.dart: AvatarDisplay Widget should display widget with default size
02:29 +649 -18: C:/Users/hhhh/Desktop/Claude/HydrateOrDie/test/presentation/widgets/avatar_display_test.dart: AvatarDisplay Widget should display widget with custom size
02:29 +650 -18: C:/Users/hhhh/Desktop/Claude/HydrateOrDie/test/presentation/widgets/avatar_display_test.dart: AvatarDisplay Widget Doctor Avatar should display doctor fresh emoji
02:29 +651 -18: C:/Users/hhhh/Desktop/Claude/HydrateOrDie/test/presentation/widgets/avatar_display_test.dart: AvatarDisplay Widget Doctor Avatar should display doctor tired emoji
02:29 +652 -18: C:/Users/hhhh/Desktop/Claude/HydrateOrDie/test/presentation/widgets/avatar_display_test.dart: AvatarDisplay Widget Doctor Avatar should display doctor dehydrated emoji
02:29 +653 -18: C:/Users/hhhh/Desktop/Claude/HydrateOrDie/test/presentation/widgets/avatar_display_test.dart: AvatarDisplay Widget Doctor Avatar should display doctor dead emoji
02:29 +654 -18: C:/Users/hhhh/Desktop/Claude/HydrateOrDie/test/presentation/widgets/avatar_display_test.dart: AvatarDisplay Widget Doctor Avatar should display doctor ghost emoji
02:29 +655 -18: C:/Users/hhhh/Desktop/Claude/HydrateOrDie/test/presentation/widgets/avatar_display_test.dart: AvatarDisplay Widget Sports Coach Avatar should display coach fresh emoji
02:29 +656 -18: C:/Users/hhhh/Desktop/Claude/HydrateOrDie/test/presentation/widgets/avatar_display_test.dart: AvatarDisplay Widget Sports Coach Avatar should display coach tired emoji
02:29 +657 -18: C:/Users/hhhh/Desktop/Claude/HydrateOrDie/test/presentation/widgets/avatar_display_test.dart: AvatarDisplay Widget Sports Coach Avatar should display coach dehydrated emoji
02:29 +658 -18: C:/Users/hhhh/Desktop/Claude/HydrateOrDie/test/presentation/widgets/avatar_display_test.dart: AvatarDisplay Widget Sports Coach Avatar should display coach dead emoji
02:29 +659 -18: C:/Users/hhhh/Desktop/Claude/HydrateOrDie/test/presentation/widgets/avatar_display_test.dart: AvatarDisplay Widget Sports Coach Avatar should display coach ghost emoji
02:29 +660 -18: C:/Users/hhhh/Desktop/Claude/HydrateOrDie/test/presentation/widgets/avatar_display_test.dart: AvatarDisplay Widget Authoritarian Mother Avatar should display mother fresh emoji
02:29 +661 -18: C:/Users/hhhh/Desktop/Claude/HydrateOrDie/test/presentation/widgets/avatar_display_test.dart: AvatarDisplay Widget Authoritarian Mother Avatar should display mother tired emoji
02:30 +662 -18: C:/Users/hhhh/Desktop/Claude/HydrateOrDie/test/presentation/widgets/avatar_display_test.dart: AvatarDisplay Widget Authoritarian Mother Avatar should display mother dehydrated emoji
02:30 +663 -18: C:/Users/hhhh/Desktop/Claude/HydrateOrDie/test/presentation/widgets/avatar_display_test.dart: AvatarDisplay Widget Authoritarian Mother Avatar should display mother dead emoji
02:30 +664 -18: C:/Users/hhhh/Desktop/Claude/HydrateOrDie/test/presentation/widgets/avatar_display_test.dart: AvatarDisplay Widget Authoritarian Mother Avatar should display mother ghost emoji
02:30 +665 -18: C:/Users/hhhh/Desktop/Claude/HydrateOrDie/test/presentation/widgets/avatar_display_test.dart: AvatarDisplay Widget Sarcastic Friend Avatar should display friend fresh emoji
02:30 +666 -18: C:/Users/hhhh/Desktop/Claude/HydrateOrDie/test/presentation/widgets/avatar_display_test.dart: AvatarDisplay Widget Sarcastic Friend Avatar should display friend tired emoji
02:30 +667 -18: C:/Users/hhhh/Desktop/Claude/HydrateOrDie/test/presentation/widgets/avatar_display_test.dart: AvatarDisplay Widget Sarcastic Friend Avatar should display friend dehydrated emoji
02:30 +668 -18: C:/Users/hhhh/Desktop/Claude/HydrateOrDie/test/presentation/widgets/avatar_display_test.dart: AvatarDisplay Widget Sarcastic Friend Avatar should display friend dead emoji
02:30 +669 -18: C:/Users/hhhh/Desktop/Claude/HydrateOrDie/test/presentation/widgets/avatar_display_test.dart: AvatarDisplay Widget Sarcastic Friend Avatar should display friend ghost emoji
02:30 +670 -18: C:/Users/hhhh/Desktop/Claude/HydrateOrDie/test/presentation/widgets/avatar_display_test.dart: AvatarDisplay Widget Background Colors should have green background for fresh state
02:30 +671 -18: C:/Users/hhhh/Desktop/Claude/HydrateOrDie/test/presentation/widgets/avatar_display_test.dart: AvatarDisplay Widget Background Colors should have yellow background for tired state
02:30 +672 -18: C:/Users/hhhh/Desktop/Claude/HydrateOrDie/test/presentation/widgets/avatar_display_test.dart: AvatarDisplay Widget Background Colors should have orange background for dehydrated state
02:30 +673 -18: C:/Users/hhhh/Desktop/Claude/HydrateOrDie/test/presentation/widgets/avatar_display_test.dart: AvatarDisplay Widget Background Colors should have red background for dead state
02:30 +674 -18: C:/Users/hhhh/Desktop/Claude/HydrateOrDie/test/presentation/widgets/avatar_display_test.dart: AvatarDisplay Widget Background Colors should have gray background for ghost state
02:30 +675 -18: C:/Users/hhhh/Desktop/Claude/HydrateOrDie/test/presentation/widgets/avatar_display_test.dart: AvatarDisplay Widget Background Colors should use custom background color when provided
02:30 +676 -18: C:/Users/hhhh/Desktop/Claude/HydrateOrDie/test/presentation/widgets/avatar_display_test.dart: AvatarDisplay Widget Visual Properties should have circular shape
02:30 +677 -18: C:/Users/hhhh/Desktop/Claude/HydrateOrDie/test/presentation/widgets/avatar_display_test.dart: AvatarDisplay Widget Visual Properties should have shadow
02:30 +678 -18: C:/Users/hhhh/Desktop/Claude/HydrateOrDie/test/presentation/widgets/avatar_display_test.dart: AvatarDisplay Widget Visual Properties should center emoji text
02:30 +679 -18: C:/Users/hhhh/Desktop/Claude/HydrateOrDie/test/presentation/widgets/avatar_display_test.dart: AvatarDisplay Widget Visual Properties emoji font size should be 50% of container size
02:30 +680 -18: C:/Users/hhhh/Desktop/Claude/HydrateOrDie/test/presentation/widgets/avatar_display_test.dart: AvatarDisplay Widget All 20 Combinations should render all 4 personalities × 5 states
02:30 +681 -18: loading C:/Users/hhhh/Desktop/Claude/HydrateOrDie/test/presentation/widgets/avatar_message_widget_test.dart
02:32 +681 -18: C:/Users/hhhh/Desktop/Claude/HydrateOrDie/test/presentation/widgets/avatar_message_widget_test.dart: AvatarMessageWidget Doctor Personality should display fresh message for doctor
02:33 +682 -18: C:/Users/hhhh/Desktop/Claude/HydrateOrDie/test/presentation/widgets/avatar_message_widget_test.dart: AvatarMessageWidget Doctor Personality should display tired message for doctor
02:33 +683 -18: C:/Users/hhhh/Desktop/Claude/HydrateOrDie/test/presentation/widgets/avatar_message_widget_test.dart: AvatarMessageWidget Doctor Personality should display dehydrated message for doctor
02:33 +684 -18: C:/Users/hhhh/Desktop/Claude/HydrateOrDie/test/presentation/widgets/avatar_message_widget_test.dart: AvatarMessageWidget Doctor Personality should display dead message for doctor
02:33 +685 -18: C:/Users/hhhh/Desktop/Claude/HydrateOrDie/test/presentation/widgets/avatar_message_widget_test.dart: AvatarMessageWidget Doctor Personality should display ghost message for doctor
02:33 +686 -18: C:/Users/hhhh/Desktop/Claude/HydrateOrDie/test/presentation/widgets/avatar_message_widget_test.dart: AvatarMessageWidget Sports Coach Personality should display fresh message for coach
02:33 +687 -18: C:/Users/hhhh/Desktop/Claude/HydrateOrDie/test/presentation/widgets/avatar_message_widget_test.dart: AvatarMessageWidget Sports Coach Personality should display tired message for coach (AC #3 example)
02:33 +688 -18: C:/Users/hhhh/Desktop/Claude/HydrateOrDie/test/presentation/widgets/avatar_message_widget_test.dart: AvatarMessageWidget Sports Coach Personality should display dehydrated message for coach
02:33 +689 -18: C:/Users/hhhh/Desktop/Claude/HydrateOrDie/test/presentation/widgets/avatar_message_widget_test.dart: AvatarMessageWidget Authoritarian Mother Personality should display fresh message for mother
02:33 +690 -18: C:/Users/hhhh/Desktop/Claude/HydrateOrDie/test/presentation/widgets/avatar_message_widget_test.dart: AvatarMessageWidget Authoritarian Mother Personality should display dehydrated message for mother (AC #3 example)
02:33 +691 -18: C:/Users/hhhh/Desktop/Claude/HydrateOrDie/test/presentation/widgets/avatar_message_widget_test.dart: AvatarMessageWidget Sarcastic Friend Personality should display fresh message for friend
02:33 +692 -18: C:/Users/hhhh/Desktop/Claude/HydrateOrDie/test/presentation/widgets/avatar_message_widget_test.dart: AvatarMessageWidget Sarcastic Friend Personality should display dead message for friend (AC #3 example)
02:33 +693 -18: C:/Users/hhhh/Desktop/Claude/HydrateOrDie/test/presentation/widgets/avatar_message_widget_test.dart: AvatarMessageWidget Text Styling should use correct font size (16px default)
02:33 +694 -18: C:/Users/hhhh/Desktop/Claude/HydrateOrDie/test/presentation/widgets/avatar_message_widget_test.dart: AvatarMessageWidget Text Styling should use custom font size
02:33 +695 -18: C:/Users/hhhh/Desktop/Claude/HydrateOrDie/test/presentation/widgets/avatar_message_widget_test.dart: AvatarMessageWidget Text Styling should center text
02:33 +696 -18: C:/Users/hhhh/Desktop/Claude/HydrateOrDie/test/presentation/widgets/avatar_message_widget_test.dart: AvatarMessageWidget Text Styling should use medium font weight
02:33 +697 -18: C:/Users/hhhh/Desktop/Claude/HydrateOrDie/test/presentation/widgets/avatar_message_widget_test.dart: AvatarMessageWidget Color Coding (AC #3, spec lignes 1253-1258) should use green for fresh state
02:33 +698 -18: C:/Users/hhhh/Desktop/Claude/HydrateOrDie/test/presentation/widgets/avatar_message_widget_test.dart: AvatarMessageWidget Color Coding (AC #3, spec lignes 1253-1258) should use orange for tired state
02:33 +699 -18: C:/Users/hhhh/Desktop/Claude/HydrateOrDie/test/presentation/widgets/avatar_message_widget_test.dart: AvatarMessageWidget Color Coding (AC #3, spec lignes 1253-1258) should use red for dehydrated state
02:33 +700 -18: C:/Users/hhhh/Desktop/Claude/HydrateOrDie/test/presentation/widgets/avatar_message_widget_test.dart: AvatarMessageWidget Color Coding (AC #3, spec lignes 1253-1258) should use red for dead state
02:34 +701 -18: C:/Users/hhhh/Desktop/Claude/HydrateOrDie/test/presentation/widgets/avatar_message_widget_test.dart: AvatarMessageWidget Color Coding (AC #3, spec lignes 1253-1258) should use gray for ghost state
02:34 +702 -18: loading C:/Users/hhhh/Desktop/Claude/HydrateOrDie/test/presentation/widgets/hydration_progress_bar_test.dart
02:35 +702 -18: C:/Users/hhhh/Desktop/Claude/HydrateOrDie/test/presentation/widgets/hydration_progress_bar_test.dart: HydrationProgressBar should display progress bar with 0% progress
02:36 +703 -18: C:/Users/hhhh/Desktop/Claude/HydrateOrDie/test/presentation/widgets/hydration_progress_bar_test.dart: HydrationProgressBar should display progress bar with 50% progress
02:36 +704 -18: C:/Users/hhhh/Desktop/Claude/HydrateOrDie/test/presentation/widgets/hydration_progress_bar_test.dart: HydrationProgressBar should display progress bar with 100% progress
02:36 +705 -18: C:/Users/hhhh/Desktop/Claude/HydrateOrDie/test/presentation/widgets/hydration_progress_bar_test.dart: HydrationProgressBar should display progress bar with over 100% progress
02:36 +706 -18: C:/Users/hhhh/Desktop/Claude/HydrateOrDie/test/presentation/widgets/hydration_progress_bar_test.dart: HydrationProgressBar should display custom height
02:36 +707 -18: C:/Users/hhhh/Desktop/Claude/HydrateOrDie/test/presentation/widgets/hydration_progress_bar_test.dart: HydrationProgressBar should handle zero goal volume
02:36 +708 -18: C:/Users/hhhh/Desktop/Claude/HydrateOrDie/test/presentation/widgets/hydration_progress_bar_test.dart: HydrationProgressBar should format volume correctly in liters
02:36 +709 -18: C:/Users/hhhh/Desktop/Claude/HydrateOrDie/test/presentation/widgets/hydration_progress_bar_test.dart: HydrationProgressBar should have gradient background for fill bar
02:36 +710 -18: C:/Users/hhhh/Desktop/Claude/HydrateOrDie/test/presentation/widgets/hydration_progress_bar_test.dart: HydrationProgressBar should have rounded corners (8px radius)
02:36 +711 -18: C:/Users/hhhh/Desktop/Claude/HydrateOrDie/test/presentation/widgets/hydration_progress_bar_test.dart: HydrationProgressBar should animate fill smoothly (500ms)
02:36 +712 -18: C:/Users/hhhh/Desktop/Claude/HydrateOrDie/test/presentation/widgets/hydration_progress_bar_test.dart: HydrationProgressBar should display gray background (0xFFE0E0E0)
02:36 +713 -18: C:/Users/hhhh/Desktop/Claude/HydrateOrDie/test/presentation/widgets/hydration_progress_bar_test.dart: HydrationProgressBar should display percentage and volume text
02:36 +714 -18: Some tests failed.
